[35m[1mConsolidate compiler generated dependencies of target sys_status_display_exe[0m
[ 50%] Built target hello_qt_exe
[ 75%] [32mBuilding CXX object CMakeFiles/sys_status_display_exe.dir/src/sys_status_display.cpp.o[0m
[01m[K/home/shenhang/ros_study/chapter3/topic_practice_workspace/src/status_display/src/sys_status_display.cpp:[m[K In member function ‘[01m[KQString SysStatusDisplay::get_qstr_from_msg(status_interfaces::msg::SystemStatus_<std::allocator<void> >::SharedPtr)[m[K’:
[01m[K/home/shenhang/ros_study/chapter3/topic_practice_workspace/src/status_display/src/sys_status_display.cpp:28:5:[m[K [01;35m[Kwarning: [m[Kno return statement in function returning non-void [[01;35m[K]8;;https://gcc.gnu.org/onlinedocs/gcc/Warning-Options.html#index-Wreturn-type-Wreturn-type]8;;[m[K]
   28 |     [01;35m[K}[m[K
      |     [01;35m[K^[m[K
[01m[K/home/shenhang/ros_study/chapter3/topic_practice_workspace/src/status_display/src/sys_status_display.cpp:15:61:[m[K [01;35m[Kwarning: [m[Kunused parameter ‘[01m[Kmsg[m[K’ [[01;35m[K]8;;https://gcc.gnu.org/onlinedocs/gcc/Warning-Options.html#index-Wunused-parameter-Wunused-parameter]8;;[m[K]
   15 |     QString get_qstr_from_msg([01;35m[Kconst SystemStatus::SharedPtr msg[m[K)
      |                               [01;35m[K~~~~~~~~~~~~~~~~~~~~~~~~~~~~~~^~~[m[K
[100%] [32m[1mLinking CXX executable sys_status_display_exe[0m
[100%] Built target sys_status_display_exe
-- Install configuration: ""
-- Up-to-date: /home/shenhang/ros_study/chapter3/topic_practice_workspace/install/status_display/lib/status_display/hello_qt_exe
-- Installing: /home/shenhang/ros_study/chapter3/topic_practice_workspace/install/status_display/lib/status_display/sys_status_display_exe
-- Set runtime path of "/home/shenhang/ros_study/chapter3/topic_practice_workspace/install/status_display/lib/status_display/sys_status_display_exe" to ""
-- Up-to-date: /home/shenhang/ros_study/chapter3/topic_practice_workspace/install/status_display/share/ament_index/resource_index/package_run_dependencies/status_display
-- Installing: /home/shenhang/ros_study/chapter3/topic_practice_workspace/install/status_display/share/ament_index/resource_index/parent_prefix_path/status_display
-- Up-to-date: /home/shenhang/ros_study/chapter3/topic_practice_workspace/install/status_display/share/status_display/environment/ament_prefix_path.sh
-- Installing: /home/shenhang/ros_study/chapter3/topic_practice_workspace/install/status_display/share/status_display/environment/ament_prefix_path.dsv
-- Up-to-date: /home/shenhang/ros_study/chapter3/topic_practice_workspace/install/status_display/share/status_display/environment/path.sh
-- Installing: /home/shenhang/ros_study/chapter3/topic_practice_workspace/install/status_display/share/status_display/environment/path.dsv
-- Up-to-date: /home/shenhang/ros_study/chapter3/topic_practice_workspace/install/status_display/share/status_display/local_setup.bash
-- Up-to-date: /home/shenhang/ros_study/chapter3/topic_practice_workspace/install/status_display/share/status_display/local_setup.sh
-- Up-to-date: /home/shenhang/ros_study/chapter3/topic_practice_workspace/install/status_display/share/status_display/local_setup.zsh
-- Installing: /home/shenhang/ros_study/chapter3/topic_practice_workspace/install/status_display/share/status_display/local_setup.dsv
-- Installing: /home/shenhang/ros_study/chapter3/topic_practice_workspace/install/status_display/share/status_display/package.dsv
-- Up-to-date: /home/shenhang/ros_study/chapter3/topic_practice_workspace/install/status_display/share/ament_index/resource_index/packages/status_display
-- Up-to-date: /home/shenhang/ros_study/chapter3/topic_practice_workspace/install/status_display/share/status_display/cmake/status_displayConfig.cmake
-- Up-to-date: /home/shenhang/ros_study/chapter3/topic_practice_workspace/install/status_display/share/status_display/cmake/status_displayConfig-version.cmake
-- Up-to-date: /home/shenhang/ros_study/chapter3/topic_practice_workspace/install/status_display/share/status_display/package.xml
