[0.022s] Invoking command in '/home/shenhang/ros_study/chapter3/topic_practice_workspace/build/status_display': CMAKE_PREFIX_PATH=/home/shenhang/ros_study/chapter3/topic_practice_workspace/install/status_interfaces:/home/shenhang/ros_study/chapter3/topic_practice_workspace/install/status_display:/home/shenhang/ros_study/chapter3/topic_practice_workspace/install/status_publisher:/opt/ros/humble /usr/bin/cmake --build /home/shenhang/ros_study/chapter3/topic_practice_workspace/build/status_display -- -j6 -l6
[0.084s] [35m[1mConsolidate compiler generated dependencies of target sys_status_display_exe[0m
[0.109s] [ 50%] Built target hello_qt_exe
[0.126s] [ 75%] [32mBuilding CXX object CMakeFiles/sys_status_display_exe.dir/src/sys_status_display.cpp.o[0m
[4.831s] [01m[K/home/shenhang/ros_study/chapter3/topic_practice_workspace/src/status_display/src/sys_status_display.cpp:[m[K In member function ‘[01m[KQString SysStatusDisplay::get_qstr_from_msg(status_interfaces::msg::SystemStatus_<std::allocator<void> >::SharedPtr)[m[K’:
[4.831s] [01m[K/home/shenhang/ros_study/chapter3/topic_practice_workspace/src/status_display/src/sys_status_display.cpp:28:5:[m[K [01;35m[Kwarning: [m[Kno return statement in function returning non-void [[01;35m[K]8;;https://gcc.gnu.org/onlinedocs/gcc/Warning-Options.html#index-Wreturn-type-Wreturn-type]8;;[m[K]
[4.831s]    28 |     [01;35m[K}[m[K
[4.831s]       |     [01;35m[K^[m[K
[4.831s] [01m[K/home/shenhang/ros_study/chapter3/topic_practice_workspace/src/status_display/src/sys_status_display.cpp:15:61:[m[K [01;35m[Kwarning: [m[Kunused parameter ‘[01m[Kmsg[m[K’ [[01;35m[K]8;;https://gcc.gnu.org/onlinedocs/gcc/Warning-Options.html#index-Wunused-parameter-Wunused-parameter]8;;[m[K]
[4.831s]    15 |     QString get_qstr_from_msg([01;35m[Kconst SystemStatus::SharedPtr msg[m[K)
[4.831s]       |                               [01;35m[K~~~~~~~~~~~~~~~~~~~~~~~~~~~~~~^~~[m[K
[13.603s] [100%] [32m[1mLinking CXX executable sys_status_display_exe[0m
[15.584s] [100%] Built target sys_status_display_exe
[15.602s] Invoked command in '/home/shenhang/ros_study/chapter3/topic_practice_workspace/build/status_display' returned '0': CMAKE_PREFIX_PATH=/home/shenhang/ros_study/chapter3/topic_practice_workspace/install/status_interfaces:/home/shenhang/ros_study/chapter3/topic_practice_workspace/install/status_display:/home/shenhang/ros_study/chapter3/topic_practice_workspace/install/status_publisher:/opt/ros/humble /usr/bin/cmake --build /home/shenhang/ros_study/chapter3/topic_practice_workspace/build/status_display -- -j6 -l6
[15.607s] Invoking command in '/home/shenhang/ros_study/chapter3/topic_practice_workspace/build/status_display': CMAKE_PREFIX_PATH=/home/shenhang/ros_study/chapter3/topic_practice_workspace/install/status_interfaces:/home/shenhang/ros_study/chapter3/topic_practice_workspace/install/status_display:/home/shenhang/ros_study/chapter3/topic_practice_workspace/install/status_publisher:/opt/ros/humble /usr/bin/cmake --install /home/shenhang/ros_study/chapter3/topic_practice_workspace/build/status_display
[15.614s] -- Install configuration: ""
[15.614s] -- Up-to-date: /home/shenhang/ros_study/chapter3/topic_practice_workspace/install/status_display/lib/status_display/hello_qt_exe
[15.614s] -- Installing: /home/shenhang/ros_study/chapter3/topic_practice_workspace/install/status_display/lib/status_display/sys_status_display_exe
[15.620s] -- Set runtime path of "/home/shenhang/ros_study/chapter3/topic_practice_workspace/install/status_display/lib/status_display/sys_status_display_exe" to ""
[15.620s] -- Up-to-date: /home/shenhang/ros_study/chapter3/topic_practice_workspace/install/status_display/share/ament_index/resource_index/package_run_dependencies/status_display
[15.620s] -- Installing: /home/shenhang/ros_study/chapter3/topic_practice_workspace/install/status_display/share/ament_index/resource_index/parent_prefix_path/status_display
[15.621s] -- Up-to-date: /home/shenhang/ros_study/chapter3/topic_practice_workspace/install/status_display/share/status_display/environment/ament_prefix_path.sh
[15.621s] -- Installing: /home/shenhang/ros_study/chapter3/topic_practice_workspace/install/status_display/share/status_display/environment/ament_prefix_path.dsv
[15.621s] -- Up-to-date: /home/shenhang/ros_study/chapter3/topic_practice_workspace/install/status_display/share/status_display/environment/path.sh
[15.621s] -- Installing: /home/shenhang/ros_study/chapter3/topic_practice_workspace/install/status_display/share/status_display/environment/path.dsv
[15.622s] -- Up-to-date: /home/shenhang/ros_study/chapter3/topic_practice_workspace/install/status_display/share/status_display/local_setup.bash
[15.622s] -- Up-to-date: /home/shenhang/ros_study/chapter3/topic_practice_workspace/install/status_display/share/status_display/local_setup.sh
[15.622s] -- Up-to-date: /home/shenhang/ros_study/chapter3/topic_practice_workspace/install/status_display/share/status_display/local_setup.zsh
[15.622s] -- Installing: /home/shenhang/ros_study/chapter3/topic_practice_workspace/install/status_display/share/status_display/local_setup.dsv
[15.622s] -- Installing: /home/shenhang/ros_study/chapter3/topic_practice_workspace/install/status_display/share/status_display/package.dsv
[15.622s] -- Up-to-date: /home/shenhang/ros_study/chapter3/topic_practice_workspace/install/status_display/share/ament_index/resource_index/packages/status_display
[15.622s] -- Up-to-date: /home/shenhang/ros_study/chapter3/topic_practice_workspace/install/status_display/share/status_display/cmake/status_displayConfig.cmake
[15.622s] -- Up-to-date: /home/shenhang/ros_study/chapter3/topic_practice_workspace/install/status_display/share/status_display/cmake/status_displayConfig-version.cmake
[15.623s] -- Up-to-date: /home/shenhang/ros_study/chapter3/topic_practice_workspace/install/status_display/share/status_display/package.xml
[15.624s] Invoked command in '/home/shenhang/ros_study/chapter3/topic_practice_workspace/build/status_display' returned '0': CMAKE_PREFIX_PATH=/home/shenhang/ros_study/chapter3/topic_practice_workspace/install/status_interfaces:/home/shenhang/ros_study/chapter3/topic_practice_workspace/install/status_display:/home/shenhang/ros_study/chapter3/topic_practice_workspace/install/status_publisher:/opt/ros/humble /usr/bin/cmake --install /home/shenhang/ros_study/chapter3/topic_practice_workspace/build/status_display
