[0.200s] DEBUG:colcon:Command line arguments: ['/usr/bin/colcon', 'build']
[0.200s] DEBUG:colcon:Parsed command line arguments: Namespace(log_base=None, log_level=None, verb_name='build', build_base='build', install_base='install', merge_install=False, symlink_install=False, test_result_base=None, continue_on_error=False, executor='parallel', parallel_workers=6, event_handlers=None, ignore_user_meta=False, metas=['./colcon.meta'], base_paths=['.'], packages_ignore=None, packages_ignore_regex=None, paths=None, packages_up_to=None, packages_up_to_regex=None, packages_above=None, packages_above_and_dependencies=None, packages_above_depth=None, packages_select_by_dep=None, packages_skip_by_dep=None, packages_skip_up_to=None, packages_select_build_failed=False, packages_skip_build_finished=False, packages_select_test_failures=False, packages_skip_test_passed=False, packages_select=None, packages_skip=None, packages_select_regex=None, packages_skip_regex=None, packages_start=None, packages_end=None, allow_overriding=[], cmake_args=None, cmake_target=None, cmake_target_skip_unavailable=False, cmake_clean_cache=False, cmake_clean_first=False, cmake_force_configure=False, ament_cmake_args=None, catkin_cmake_args=None, catkin_skip_building_tests=False, verb_parser=<colcon_defaults.argument_parser.defaults.DefaultArgumentsDecorator object at 0x783d0e027400>, verb_extension=<colcon_core.verb.build.BuildVerb object at 0x783d0e026ef0>, main=<bound method BuildVerb.main of <colcon_core.verb.build.BuildVerb object at 0x783d0e026ef0>>)
[0.467s] Level 1:colcon.colcon_core.package_discovery:discover_packages(colcon_meta) check parameters
[0.467s] Level 1:colcon.colcon_core.package_discovery:discover_packages(recursive) check parameters
[0.467s] Level 1:colcon.colcon_core.package_discovery:discover_packages(ignore) check parameters
[0.467s] Level 1:colcon.colcon_core.package_discovery:discover_packages(path) check parameters
[0.468s] Level 1:colcon.colcon_core.package_discovery:discover_packages(colcon_meta) discover
[0.468s] Level 1:colcon.colcon_core.package_discovery:discover_packages(recursive) discover
[0.468s] INFO:colcon.colcon_core.package_discovery:Crawling recursively for packages in '/home/shenhang/ros_study/chapter3/topic_practice_workspace'
[0.468s] Level 1:colcon.colcon_core.package_identification:_identify(.) by extensions ['ignore', 'ignore_ament_install']
[0.468s] Level 1:colcon.colcon_core.package_identification:_identify(.) by extension 'ignore'
[0.468s] Level 1:colcon.colcon_core.package_identification:_identify(.) by extension 'ignore_ament_install'
[0.468s] Level 1:colcon.colcon_core.package_identification:_identify(.) by extensions ['colcon_pkg']
[0.468s] Level 1:colcon.colcon_core.package_identification:_identify(.) by extension 'colcon_pkg'
[0.468s] Level 1:colcon.colcon_core.package_identification:_identify(.) by extensions ['colcon_meta']
[0.468s] Level 1:colcon.colcon_core.package_identification:_identify(.) by extension 'colcon_meta'
[0.468s] Level 1:colcon.colcon_core.package_identification:_identify(.) by extensions ['ros']
[0.468s] Level 1:colcon.colcon_core.package_identification:_identify(.) by extension 'ros'
[0.485s] Level 1:colcon.colcon_core.package_identification:_identify(.) by extensions ['cmake', 'python']
[0.485s] Level 1:colcon.colcon_core.package_identification:_identify(.) by extension 'cmake'
[0.485s] Level 1:colcon.colcon_core.package_identification:_identify(.) by extension 'python'
[0.486s] Level 1:colcon.colcon_core.package_identification:_identify(.) by extensions ['python_setup_py']
[0.486s] Level 1:colcon.colcon_core.package_identification:_identify(.) by extension 'python_setup_py'
[0.486s] Level 1:colcon.colcon_core.package_identification:_identify(build) by extensions ['ignore', 'ignore_ament_install']
[0.486s] Level 1:colcon.colcon_core.package_identification:_identify(build) by extension 'ignore'
[0.486s] Level 1:colcon.colcon_core.package_identification:_identify(build) ignored
[0.486s] Level 1:colcon.colcon_core.package_identification:_identify(install) by extensions ['ignore', 'ignore_ament_install']
[0.486s] Level 1:colcon.colcon_core.package_identification:_identify(install) by extension 'ignore'
[0.486s] Level 1:colcon.colcon_core.package_identification:_identify(install) ignored
[0.486s] Level 1:colcon.colcon_core.package_identification:_identify(log) by extensions ['ignore', 'ignore_ament_install']
[0.487s] Level 1:colcon.colcon_core.package_identification:_identify(log) by extension 'ignore'
[0.487s] Level 1:colcon.colcon_core.package_identification:_identify(log) ignored
[0.488s] Level 1:colcon.colcon_core.package_identification:_identify(src) by extensions ['ignore', 'ignore_ament_install']
[0.488s] Level 1:colcon.colcon_core.package_identification:_identify(src) by extension 'ignore'
[0.489s] Level 1:colcon.colcon_core.package_identification:_identify(src) by extension 'ignore_ament_install'
[0.489s] Level 1:colcon.colcon_core.package_identification:_identify(src) by extensions ['colcon_pkg']
[0.489s] Level 1:colcon.colcon_core.package_identification:_identify(src) by extension 'colcon_pkg'
[0.489s] Level 1:colcon.colcon_core.package_identification:_identify(src) by extensions ['colcon_meta']
[0.489s] Level 1:colcon.colcon_core.package_identification:_identify(src) by extension 'colcon_meta'
[0.489s] Level 1:colcon.colcon_core.package_identification:_identify(src) by extensions ['ros']
[0.489s] Level 1:colcon.colcon_core.package_identification:_identify(src) by extension 'ros'
[0.489s] Level 1:colcon.colcon_core.package_identification:_identify(src) by extensions ['cmake', 'python']
[0.489s] Level 1:colcon.colcon_core.package_identification:_identify(src) by extension 'cmake'
[0.489s] Level 1:colcon.colcon_core.package_identification:_identify(src) by extension 'python'
[0.489s] Level 1:colcon.colcon_core.package_identification:_identify(src) by extensions ['python_setup_py']
[0.489s] Level 1:colcon.colcon_core.package_identification:_identify(src) by extension 'python_setup_py'
[0.489s] Level 1:colcon.colcon_core.package_identification:_identify(src/status_interfaces) by extensions ['ignore', 'ignore_ament_install']
[0.489s] Level 1:colcon.colcon_core.package_identification:_identify(src/status_interfaces) by extension 'ignore'
[0.490s] Level 1:colcon.colcon_core.package_identification:_identify(src/status_interfaces) by extension 'ignore_ament_install'
[0.490s] Level 1:colcon.colcon_core.package_identification:_identify(src/status_interfaces) by extensions ['colcon_pkg']
[0.490s] Level 1:colcon.colcon_core.package_identification:_identify(src/status_interfaces) by extension 'colcon_pkg'
[0.490s] Level 1:colcon.colcon_core.package_identification:_identify(src/status_interfaces) by extensions ['colcon_meta']
[0.490s] Level 1:colcon.colcon_core.package_identification:_identify(src/status_interfaces) by extension 'colcon_meta'
[0.490s] Level 1:colcon.colcon_core.package_identification:_identify(src/status_interfaces) by extensions ['ros']
[0.490s] Level 1:colcon.colcon_core.package_identification:_identify(src/status_interfaces) by extension 'ros'
[0.494s] DEBUG:colcon.colcon_core.package_identification:Package 'src/status_interfaces' with type 'ros.ament_cmake' and name 'status_interfaces'
[0.494s] Level 1:colcon.colcon_core.package_discovery:discover_packages(recursive) using defaults
[0.494s] Level 1:colcon.colcon_core.package_discovery:discover_packages(ignore) discover
[0.494s] Level 1:colcon.colcon_core.package_discovery:discover_packages(ignore) using defaults
[0.494s] Level 1:colcon.colcon_core.package_discovery:discover_packages(path) discover
[0.494s] Level 1:colcon.colcon_core.package_discovery:discover_packages(path) using defaults
[0.523s] Level 1:colcon.colcon_core.package_discovery:discover_packages(prefix_path) check parameters
[0.523s] Level 1:colcon.colcon_core.package_discovery:discover_packages(prefix_path) discover
[0.530s] DEBUG:colcon.colcon_installed_package_information.package_discovery:Found 271 installed packages in /opt/ros/humble
[0.534s] Level 1:colcon.colcon_core.package_discovery:discover_packages(prefix_path) using defaults
[0.632s] Level 5:colcon.colcon_core.verb:set package 'status_interfaces' build argument 'cmake_args' from command line to 'None'
[0.633s] Level 5:colcon.colcon_core.verb:set package 'status_interfaces' build argument 'cmake_target' from command line to 'None'
[0.633s] Level 5:colcon.colcon_core.verb:set package 'status_interfaces' build argument 'cmake_target_skip_unavailable' from command line to 'False'
[0.633s] Level 5:colcon.colcon_core.verb:set package 'status_interfaces' build argument 'cmake_clean_cache' from command line to 'False'
[0.633s] Level 5:colcon.colcon_core.verb:set package 'status_interfaces' build argument 'cmake_clean_first' from command line to 'False'
[0.633s] Level 5:colcon.colcon_core.verb:set package 'status_interfaces' build argument 'cmake_force_configure' from command line to 'False'
[0.633s] Level 5:colcon.colcon_core.verb:set package 'status_interfaces' build argument 'ament_cmake_args' from command line to 'None'
[0.633s] Level 5:colcon.colcon_core.verb:set package 'status_interfaces' build argument 'catkin_cmake_args' from command line to 'None'
[0.633s] Level 5:colcon.colcon_core.verb:set package 'status_interfaces' build argument 'catkin_skip_building_tests' from command line to 'False'
[0.633s] DEBUG:colcon.colcon_core.verb:Building package 'status_interfaces' with the following arguments: {'ament_cmake_args': None, 'build_base': '/home/shenhang/ros_study/chapter3/topic_practice_workspace/build/status_interfaces', 'catkin_cmake_args': None, 'catkin_skip_building_tests': False, 'cmake_args': None, 'cmake_clean_cache': False, 'cmake_clean_first': False, 'cmake_force_configure': False, 'cmake_target': None, 'cmake_target_skip_unavailable': False, 'install_base': '/home/shenhang/ros_study/chapter3/topic_practice_workspace/install/status_interfaces', 'merge_install': False, 'path': '/home/shenhang/ros_study/chapter3/topic_practice_workspace/src/status_interfaces', 'symlink_install': False, 'test_result_base': None}
[0.633s] INFO:colcon.colcon_core.executor:Executing jobs using 'parallel' executor
[0.636s] DEBUG:colcon.colcon_parallel_executor.executor.parallel:run_until_complete
[0.636s] INFO:colcon.colcon_ros.task.ament_cmake.build:Building ROS package in '/home/shenhang/ros_study/chapter3/topic_practice_workspace/src/status_interfaces' with build type 'ament_cmake'
[0.636s] INFO:colcon.colcon_cmake.task.cmake.build:Building CMake package in '/home/shenhang/ros_study/chapter3/topic_practice_workspace/src/status_interfaces'
[0.641s] INFO:colcon.colcon_core.plugin_system:Skipping extension 'colcon_core.shell.bat': Not used on non-Windows systems
[0.642s] INFO:colcon.colcon_core.shell:Skip shell extension 'powershell' for command environment: Not usable outside of PowerShell
[0.642s] DEBUG:colcon.colcon_core.shell:Skip shell extension 'dsv' for command environment
[0.657s] DEBUG:colcon.colcon_core.event_handler.log_command:Invoking command in '/home/shenhang/ros_study/chapter3/topic_practice_workspace/build/status_interfaces': CMAKE_PREFIX_PATH=/opt/ros/humble /usr/bin/cmake /home/shenhang/ros_study/chapter3/topic_practice_workspace/src/status_interfaces -DCMAKE_INSTALL_PREFIX=/home/shenhang/ros_study/chapter3/topic_practice_workspace/install/status_interfaces
[3.110s] DEBUG:colcon.colcon_core.event_handler.log_command:Invoked command in '/home/shenhang/ros_study/chapter3/topic_practice_workspace/build/status_interfaces' returned '0': CMAKE_PREFIX_PATH=/opt/ros/humble /usr/bin/cmake /home/shenhang/ros_study/chapter3/topic_practice_workspace/src/status_interfaces -DCMAKE_INSTALL_PREFIX=/home/shenhang/ros_study/chapter3/topic_practice_workspace/install/status_interfaces
[3.114s] DEBUG:colcon.colcon_core.event_handler.log_command:Invoking command in '/home/shenhang/ros_study/chapter3/topic_practice_workspace/build/status_interfaces': CMAKE_PREFIX_PATH=/opt/ros/humble /usr/bin/cmake --build /home/shenhang/ros_study/chapter3/topic_practice_workspace/build/status_interfaces -- -j6 -l6
[8.021s] DEBUG:colcon.colcon_core.event_handler.log_command:Invoked command in '/home/shenhang/ros_study/chapter3/topic_practice_workspace/build/status_interfaces' returned '0': CMAKE_PREFIX_PATH=/opt/ros/humble /usr/bin/cmake --build /home/shenhang/ros_study/chapter3/topic_practice_workspace/build/status_interfaces -- -j6 -l6
[8.035s] DEBUG:colcon.colcon_core.event_handler.log_command:Invoking command in '/home/shenhang/ros_study/chapter3/topic_practice_workspace/build/status_interfaces': CMAKE_PREFIX_PATH=/opt/ros/humble /usr/bin/cmake --install /home/shenhang/ros_study/chapter3/topic_practice_workspace/build/status_interfaces
[8.137s] Level 1:colcon.colcon_core.environment:create_environment_scripts_only(status_interfaces)
[8.138s] DEBUG:colcon.colcon_core.event_handler.log_command:Invoked command in '/home/shenhang/ros_study/chapter3/topic_practice_workspace/build/status_interfaces' returned '0': CMAKE_PREFIX_PATH=/opt/ros/humble /usr/bin/cmake --install /home/shenhang/ros_study/chapter3/topic_practice_workspace/build/status_interfaces
[8.141s] Level 1:colcon.colcon_core.environment:checking '/home/shenhang/ros_study/chapter3/topic_practice_workspace/install/status_interfaces' for CMake module files
[8.143s] Level 1:colcon.colcon_core.environment:checking '/home/shenhang/ros_study/chapter3/topic_practice_workspace/install/status_interfaces' for CMake config files
[8.143s] Level 1:colcon.colcon_core.shell:create_environment_hook('status_interfaces', 'cmake_prefix_path')
[8.144s] INFO:colcon.colcon_core.shell:Creating environment hook '/home/shenhang/ros_study/chapter3/topic_practice_workspace/install/status_interfaces/share/status_interfaces/hook/cmake_prefix_path.ps1'
[8.145s] INFO:colcon.colcon_core.shell:Creating environment descriptor '/home/shenhang/ros_study/chapter3/topic_practice_workspace/install/status_interfaces/share/status_interfaces/hook/cmake_prefix_path.dsv'
[8.145s] INFO:colcon.colcon_core.shell:Creating environment hook '/home/shenhang/ros_study/chapter3/topic_practice_workspace/install/status_interfaces/share/status_interfaces/hook/cmake_prefix_path.sh'
[8.147s] Level 1:colcon.colcon_core.environment:checking '/home/shenhang/ros_study/chapter3/topic_practice_workspace/install/status_interfaces/lib'
[8.147s] Level 1:colcon.colcon_core.shell:create_environment_hook('status_interfaces', 'ld_library_path_lib')
[8.147s] INFO:colcon.colcon_core.shell:Creating environment hook '/home/shenhang/ros_study/chapter3/topic_practice_workspace/install/status_interfaces/share/status_interfaces/hook/ld_library_path_lib.ps1'
[8.148s] INFO:colcon.colcon_core.shell:Creating environment descriptor '/home/shenhang/ros_study/chapter3/topic_practice_workspace/install/status_interfaces/share/status_interfaces/hook/ld_library_path_lib.dsv'
[8.148s] INFO:colcon.colcon_core.shell:Creating environment hook '/home/shenhang/ros_study/chapter3/topic_practice_workspace/install/status_interfaces/share/status_interfaces/hook/ld_library_path_lib.sh'
[8.149s] Level 1:colcon.colcon_core.environment:checking '/home/shenhang/ros_study/chapter3/topic_practice_workspace/install/status_interfaces/bin'
[8.149s] Level 1:colcon.colcon_core.environment:checking '/home/shenhang/ros_study/chapter3/topic_practice_workspace/install/status_interfaces/lib/pkgconfig/status_interfaces.pc'
[8.149s] Level 1:colcon.colcon_core.environment:checking '/home/shenhang/ros_study/chapter3/topic_practice_workspace/install/status_interfaces/lib/python3.10/site-packages'
[8.150s] Level 1:colcon.colcon_core.environment:checking '/home/shenhang/ros_study/chapter3/topic_practice_workspace/install/status_interfaces/bin'
[8.151s] INFO:colcon.colcon_core.shell:Creating package script '/home/shenhang/ros_study/chapter3/topic_practice_workspace/install/status_interfaces/share/status_interfaces/package.ps1'
[8.153s] INFO:colcon.colcon_core.shell:Creating package descriptor '/home/shenhang/ros_study/chapter3/topic_practice_workspace/install/status_interfaces/share/status_interfaces/package.dsv'
[8.154s] INFO:colcon.colcon_core.shell:Creating package script '/home/shenhang/ros_study/chapter3/topic_practice_workspace/install/status_interfaces/share/status_interfaces/package.sh'
[8.156s] INFO:colcon.colcon_core.shell:Creating package script '/home/shenhang/ros_study/chapter3/topic_practice_workspace/install/status_interfaces/share/status_interfaces/package.bash'
[8.157s] INFO:colcon.colcon_core.shell:Creating package script '/home/shenhang/ros_study/chapter3/topic_practice_workspace/install/status_interfaces/share/status_interfaces/package.zsh'
[8.159s] Level 1:colcon.colcon_core.environment:create_file_with_runtime_dependencies(/home/shenhang/ros_study/chapter3/topic_practice_workspace/install/status_interfaces/share/colcon-core/packages/status_interfaces)
[8.160s] Level 1:colcon.colcon_core.environment:create_environment_scripts_only(status_interfaces)
[8.161s] Level 1:colcon.colcon_core.environment:checking '/home/shenhang/ros_study/chapter3/topic_practice_workspace/install/status_interfaces' for CMake module files
[8.162s] Level 1:colcon.colcon_core.environment:checking '/home/shenhang/ros_study/chapter3/topic_practice_workspace/install/status_interfaces' for CMake config files
[8.163s] Level 1:colcon.colcon_core.shell:create_environment_hook('status_interfaces', 'cmake_prefix_path')
[8.163s] INFO:colcon.colcon_core.shell:Creating environment hook '/home/shenhang/ros_study/chapter3/topic_practice_workspace/install/status_interfaces/share/status_interfaces/hook/cmake_prefix_path.ps1'
[8.164s] INFO:colcon.colcon_core.shell:Creating environment descriptor '/home/shenhang/ros_study/chapter3/topic_practice_workspace/install/status_interfaces/share/status_interfaces/hook/cmake_prefix_path.dsv'
[8.164s] INFO:colcon.colcon_core.shell:Creating environment hook '/home/shenhang/ros_study/chapter3/topic_practice_workspace/install/status_interfaces/share/status_interfaces/hook/cmake_prefix_path.sh'
[8.165s] Level 1:colcon.colcon_core.environment:checking '/home/shenhang/ros_study/chapter3/topic_practice_workspace/install/status_interfaces/lib'
[8.165s] Level 1:colcon.colcon_core.shell:create_environment_hook('status_interfaces', 'ld_library_path_lib')
[8.166s] INFO:colcon.colcon_core.shell:Creating environment hook '/home/shenhang/ros_study/chapter3/topic_practice_workspace/install/status_interfaces/share/status_interfaces/hook/ld_library_path_lib.ps1'
[8.166s] INFO:colcon.colcon_core.shell:Creating environment descriptor '/home/shenhang/ros_study/chapter3/topic_practice_workspace/install/status_interfaces/share/status_interfaces/hook/ld_library_path_lib.dsv'
[8.167s] INFO:colcon.colcon_core.shell:Creating environment hook '/home/shenhang/ros_study/chapter3/topic_practice_workspace/install/status_interfaces/share/status_interfaces/hook/ld_library_path_lib.sh'
[8.168s] Level 1:colcon.colcon_core.environment:checking '/home/shenhang/ros_study/chapter3/topic_practice_workspace/install/status_interfaces/bin'
[8.168s] Level 1:colcon.colcon_core.environment:checking '/home/shenhang/ros_study/chapter3/topic_practice_workspace/install/status_interfaces/lib/pkgconfig/status_interfaces.pc'
[8.169s] Level 1:colcon.colcon_core.environment:checking '/home/shenhang/ros_study/chapter3/topic_practice_workspace/install/status_interfaces/lib/python3.10/site-packages'
[8.170s] Level 1:colcon.colcon_core.environment:checking '/home/shenhang/ros_study/chapter3/topic_practice_workspace/install/status_interfaces/bin'
[8.171s] INFO:colcon.colcon_core.shell:Creating package script '/home/shenhang/ros_study/chapter3/topic_practice_workspace/install/status_interfaces/share/status_interfaces/package.ps1'
[8.172s] INFO:colcon.colcon_core.shell:Creating package descriptor '/home/shenhang/ros_study/chapter3/topic_practice_workspace/install/status_interfaces/share/status_interfaces/package.dsv'
[8.172s] INFO:colcon.colcon_core.shell:Creating package script '/home/shenhang/ros_study/chapter3/topic_practice_workspace/install/status_interfaces/share/status_interfaces/package.sh'
[8.173s] INFO:colcon.colcon_core.shell:Creating package script '/home/shenhang/ros_study/chapter3/topic_practice_workspace/install/status_interfaces/share/status_interfaces/package.bash'
[8.174s] INFO:colcon.colcon_core.shell:Creating package script '/home/shenhang/ros_study/chapter3/topic_practice_workspace/install/status_interfaces/share/status_interfaces/package.zsh'
[8.174s] Level 1:colcon.colcon_core.environment:create_file_with_runtime_dependencies(/home/shenhang/ros_study/chapter3/topic_practice_workspace/install/status_interfaces/share/colcon-core/packages/status_interfaces)
[8.175s] DEBUG:colcon.colcon_parallel_executor.executor.parallel:closing loop
[8.175s] DEBUG:colcon.colcon_parallel_executor.executor.parallel:loop closed
[8.175s] DEBUG:colcon.colcon_parallel_executor.executor.parallel:run_until_complete finished with '0'
[8.175s] DEBUG:colcon.colcon_core.event_reactor:joining thread
[8.184s] INFO:colcon.colcon_core.plugin_system:Skipping extension 'colcon_notification.desktop_notification.terminal_notifier': Not used on non-Darwin systems
[8.185s] INFO:colcon.colcon_core.plugin_system:Skipping extension 'colcon_notification.desktop_notification.win32': Not used on non-Windows systems
[8.185s] INFO:colcon.colcon_notification.desktop_notification:Sending desktop notification using 'notify2'
[8.210s] DEBUG:colcon.colcon_core.event_reactor:joined thread
[8.210s] INFO:colcon.colcon_core.shell:Creating prefix script '/home/shenhang/ros_study/chapter3/topic_practice_workspace/install/local_setup.ps1'
[8.212s] INFO:colcon.colcon_core.shell:Creating prefix util module '/home/shenhang/ros_study/chapter3/topic_practice_workspace/install/_local_setup_util_ps1.py'
[8.216s] INFO:colcon.colcon_core.shell:Creating prefix chain script '/home/shenhang/ros_study/chapter3/topic_practice_workspace/install/setup.ps1'
[8.218s] INFO:colcon.colcon_core.shell:Creating prefix script '/home/shenhang/ros_study/chapter3/topic_practice_workspace/install/local_setup.sh'
[8.220s] INFO:colcon.colcon_core.shell:Creating prefix util module '/home/shenhang/ros_study/chapter3/topic_practice_workspace/install/_local_setup_util_sh.py'
[8.220s] INFO:colcon.colcon_core.shell:Creating prefix chain script '/home/shenhang/ros_study/chapter3/topic_practice_workspace/install/setup.sh'
[8.222s] INFO:colcon.colcon_core.shell:Creating prefix script '/home/shenhang/ros_study/chapter3/topic_practice_workspace/install/local_setup.bash'
[8.223s] INFO:colcon.colcon_core.shell:Creating prefix chain script '/home/shenhang/ros_study/chapter3/topic_practice_workspace/install/setup.bash'
[8.224s] INFO:colcon.colcon_core.shell:Creating prefix script '/home/shenhang/ros_study/chapter3/topic_practice_workspace/install/local_setup.zsh'
[8.225s] INFO:colcon.colcon_core.shell:Creating prefix chain script '/home/shenhang/ros_study/chapter3/topic_practice_workspace/install/setup.zsh'
