[0.014s] Invoking command in '/home/shenhang/my_github/ros_study/chapter6/chapter6_ws/build/fishbot_description': CMAKE_PREFIX_PATH=/opt/ros/humble /usr/bin/cmake --build /home/shenhang/my_github/ros_study/chapter6/chapter6_ws/build/fishbot_description -- -j6 -l6
[0.079s] Invoked command in '/home/shenhang/my_github/ros_study/chapter6/chapter6_ws/build/fishbot_description' returned '0': CMAKE_PREFIX_PATH=/opt/ros/humble /usr/bin/cmake --build /home/shenhang/my_github/ros_study/chapter6/chapter6_ws/build/fishbot_description -- -j6 -l6
[0.093s] Invoking command in '/home/shenhang/my_github/ros_study/chapter6/chapter6_ws/build/fishbot_description': CMAKE_PREFIX_PATH=/opt/ros/humble /usr/bin/cmake --install /home/shenhang/my_github/ros_study/chapter6/chapter6_ws/build/fishbot_description
[0.102s] -- Install configuration: ""
[0.103s] -- Up-to-date: /home/shenhang/my_github/ros_study/chapter6/chapter6_ws/install/fishbot_description/share/fishbot_description/launch
[0.103s] -- Up-to-date: /home/shenhang/my_github/ros_study/chapter6/chapter6_ws/install/fishbot_description/share/fishbot_description/launch/display_robot.launch.py
[0.103s] -- Up-to-date: /home/shenhang/my_github/ros_study/chapter6/chapter6_ws/install/fishbot_description/share/fishbot_description/urdf
[0.104s] -- Up-to-date: /home/shenhang/my_github/ros_study/chapter6/chapter6_ws/install/fishbot_description/share/fishbot_description/urdf/my_first_robot.pdf
[0.104s] -- Up-to-date: /home/shenhang/my_github/ros_study/chapter6/chapter6_ws/install/fishbot_description/share/fishbot_description/urdf/my_first_robot.gv
[0.104s] -- Up-to-date: /home/shenhang/my_github/ros_study/chapter6/chapter6_ws/install/fishbot_description/share/fishbot_description/urdf/first_robot.urdf
[0.104s] -- Up-to-date: /home/shenhang/my_github/ros_study/chapter6/chapter6_ws/install/fishbot_description/share/ament_index/resource_index/package_run_dependencies/fishbot_description
[0.104s] -- Up-to-date: /home/shenhang/my_github/ros_study/chapter6/chapter6_ws/install/fishbot_description/share/ament_index/resource_index/parent_prefix_path/fishbot_description
[0.104s] -- Up-to-date: /home/shenhang/my_github/ros_study/chapter6/chapter6_ws/install/fishbot_description/share/fishbot_description/environment/ament_prefix_path.sh
[0.105s] -- Up-to-date: /home/shenhang/my_github/ros_study/chapter6/chapter6_ws/install/fishbot_description/share/fishbot_description/environment/ament_prefix_path.dsv
[0.105s] -- Up-to-date: /home/shenhang/my_github/ros_study/chapter6/chapter6_ws/install/fishbot_description/share/fishbot_description/environment/path.sh
[0.105s] -- Up-to-date: /home/shenhang/my_github/ros_study/chapter6/chapter6_ws/install/fishbot_description/share/fishbot_description/environment/path.dsv
[0.105s] -- Up-to-date: /home/shenhang/my_github/ros_study/chapter6/chapter6_ws/install/fishbot_description/share/fishbot_description/local_setup.bash
[0.105s] -- Up-to-date: /home/shenhang/my_github/ros_study/chapter6/chapter6_ws/install/fishbot_description/share/fishbot_description/local_setup.sh
[0.105s] -- Up-to-date: /home/shenhang/my_github/ros_study/chapter6/chapter6_ws/install/fishbot_description/share/fishbot_description/local_setup.zsh
[0.105s] -- Up-to-date: /home/shenhang/my_github/ros_study/chapter6/chapter6_ws/install/fishbot_description/share/fishbot_description/local_setup.dsv
[0.106s] -- Installing: /home/shenhang/my_github/ros_study/chapter6/chapter6_ws/install/fishbot_description/share/fishbot_description/package.dsv
[0.106s] -- Up-to-date: /home/shenhang/my_github/ros_study/chapter6/chapter6_ws/install/fishbot_description/share/ament_index/resource_index/packages/fishbot_description
[0.106s] -- Up-to-date: /home/shenhang/my_github/ros_study/chapter6/chapter6_ws/install/fishbot_description/share/fishbot_description/cmake/fishbot_descriptionConfig.cmake
[0.108s] -- Up-to-date: /home/shenhang/my_github/ros_study/chapter6/chapter6_ws/install/fishbot_description/share/fishbot_description/cmake/fishbot_descriptionConfig-version.cmake
[0.108s] -- Up-to-date: /home/shenhang/my_github/ros_study/chapter6/chapter6_ws/install/fishbot_description/share/fishbot_description/package.xml
[0.109s] Invoked command in '/home/shenhang/my_github/ros_study/chapter6/chapter6_ws/build/fishbot_description' returned '0': CMAKE_PREFIX_PATH=/opt/ros/humble /usr/bin/cmake --install /home/shenhang/my_github/ros_study/chapter6/chapter6_ws/build/fishbot_description
