[35m[1mConsolidate compiler generated dependencies of target cpp_thread_test_exe[0m
[ 16%] [32mBuilding CXX object CMakeFiles/cpp_thread_test_exe.dir/src/cpp_thread_test.cpp.o[0m
[ 50%] Built target cpp_node_exe
[ 83%] Built target cpp_oop_test_exe
[100%] [32m[1mLinking CXX executable cpp_thread_test_exe[0m
[100%] Built target cpp_thread_test_exe
-- Install configuration: ""
-- Up-to-date: /home/shenhang/ros_study/chapter2/chapter2_workspace/install/demo_cpp_pkg/lib/demo_cpp_pkg/cpp_node_exe
-- Up-to-date: /home/shenhang/ros_study/chapter2/chapter2_workspace/install/demo_cpp_pkg/lib/demo_cpp_pkg/cpp_oop_test_exe
-- Installing: /home/shenhang/ros_study/chapter2/chapter2_workspace/install/demo_cpp_pkg/lib/demo_cpp_pkg/cpp_thread_test_exe
-- Set runtime path of "/home/shenhang/ros_study/chapter2/chapter2_workspace/install/demo_cpp_pkg/lib/demo_cpp_pkg/cpp_thread_test_exe" to ""
-- Up-to-date: /home/shenhang/ros_study/chapter2/chapter2_workspace/install/demo_cpp_pkg/share/ament_index/resource_index/package_run_dependencies/demo_cpp_pkg
-- Up-to-date: /home/shenhang/ros_study/chapter2/chapter2_workspace/install/demo_cpp_pkg/share/ament_index/resource_index/parent_prefix_path/demo_cpp_pkg
-- Up-to-date: /home/shenhang/ros_study/chapter2/chapter2_workspace/install/demo_cpp_pkg/share/demo_cpp_pkg/environment/ament_prefix_path.sh
-- Up-to-date: /home/shenhang/ros_study/chapter2/chapter2_workspace/install/demo_cpp_pkg/share/demo_cpp_pkg/environment/ament_prefix_path.dsv
-- Up-to-date: /home/shenhang/ros_study/chapter2/chapter2_workspace/install/demo_cpp_pkg/share/demo_cpp_pkg/environment/path.sh
-- Up-to-date: /home/shenhang/ros_study/chapter2/chapter2_workspace/install/demo_cpp_pkg/share/demo_cpp_pkg/environment/path.dsv
-- Up-to-date: /home/shenhang/ros_study/chapter2/chapter2_workspace/install/demo_cpp_pkg/share/demo_cpp_pkg/local_setup.bash
-- Up-to-date: /home/shenhang/ros_study/chapter2/chapter2_workspace/install/demo_cpp_pkg/share/demo_cpp_pkg/local_setup.sh
-- Up-to-date: /home/shenhang/ros_study/chapter2/chapter2_workspace/install/demo_cpp_pkg/share/demo_cpp_pkg/local_setup.zsh
-- Up-to-date: /home/shenhang/ros_study/chapter2/chapter2_workspace/install/demo_cpp_pkg/share/demo_cpp_pkg/local_setup.dsv
-- Installing: /home/shenhang/ros_study/chapter2/chapter2_workspace/install/demo_cpp_pkg/share/demo_cpp_pkg/package.dsv
-- Up-to-date: /home/shenhang/ros_study/chapter2/chapter2_workspace/install/demo_cpp_pkg/share/ament_index/resource_index/packages/demo_cpp_pkg
-- Up-to-date: /home/shenhang/ros_study/chapter2/chapter2_workspace/install/demo_cpp_pkg/share/demo_cpp_pkg/cmake/demo_cpp_pkgConfig.cmake
-- Up-to-date: /home/shenhang/ros_study/chapter2/chapter2_workspace/install/demo_cpp_pkg/share/demo_cpp_pkg/cmake/demo_cpp_pkgConfig-version.cmake
-- Up-to-date: /home/shenhang/ros_study/chapter2/chapter2_workspace/install/demo_cpp_pkg/share/demo_cpp_pkg/package.xml
