[0.942s] Invoking command in '/home/shenhang/ros_study/chapter3/topic_practice_workspace/src/status_publisher': PYTHONPATH=/home/shenhang/ros_study/chapter3/topic_practice_workspace/build/status_publisher/prefix_override:/usr/lib/python3/dist-packages/colcon_core/task/python/colcon_distutils_commands:/home/shenhang/ros_study/chapter3/topic_practice_workspace/install/status_publisher/lib/python3.10/site-packages:${PYTHONPATH} /usr/bin/python3 -W ignore:setup.py install is deprecated -W ignore:easy_install command is deprecated setup.py egg_info --egg-base ../../build/status_publisher build --build-base /home/shenhang/ros_study/chapter3/topic_practice_workspace/build/status_publisher/build install --record /home/shenhang/ros_study/chapter3/topic_practice_workspace/build/status_publisher/install.log --single-version-externally-managed install_data
[1.300s] running egg_info
[1.301s] writing ../../build/status_publisher/status_publisher.egg-info/PKG-INFO
[1.301s] writing dependency_links to ../../build/status_publisher/status_publisher.egg-info/dependency_links.txt
[1.301s] writing entry points to ../../build/status_publisher/status_publisher.egg-info/entry_points.txt
[1.301s] writing requirements to ../../build/status_publisher/status_publisher.egg-info/requires.txt
[1.301s] writing top-level names to ../../build/status_publisher/status_publisher.egg-info/top_level.txt
[1.302s] reading manifest file '../../build/status_publisher/status_publisher.egg-info/SOURCES.txt'
[1.303s] adding license file 'LICENSE'
[1.304s] writing manifest file '../../build/status_publisher/status_publisher.egg-info/SOURCES.txt'
[1.304s] running build
[1.305s] running build_py
[1.305s] copying status_publisher/sys_status_pub.py -> /home/shenhang/ros_study/chapter3/topic_practice_workspace/build/status_publisher/build/lib/status_publisher
[1.305s] running install
[1.306s] running install_lib
[1.307s] copying /home/shenhang/ros_study/chapter3/topic_practice_workspace/build/status_publisher/build/lib/status_publisher/sys_status_pub.py -> /home/shenhang/ros_study/chapter3/topic_practice_workspace/install/status_publisher/lib/python3.10/site-packages/status_publisher
[1.307s] byte-compiling /home/shenhang/ros_study/chapter3/topic_practice_workspace/install/status_publisher/lib/python3.10/site-packages/status_publisher/sys_status_pub.py to sys_status_pub.cpython-310.pyc
[1.309s] running install_data
[1.309s] running install_egg_info
[1.314s] removing '/home/shenhang/ros_study/chapter3/topic_practice_workspace/install/status_publisher/lib/python3.10/site-packages/status_publisher-0.0.0-py3.10.egg-info' (and everything under it)
[1.314s] Copying ../../build/status_publisher/status_publisher.egg-info to /home/shenhang/ros_study/chapter3/topic_practice_workspace/install/status_publisher/lib/python3.10/site-packages/status_publisher-0.0.0-py3.10.egg-info
[1.314s] running install_scripts
[1.345s] Installing sys_status_pub_exe script to /home/shenhang/ros_study/chapter3/topic_practice_workspace/install/status_publisher/lib/status_publisher
[1.345s] writing list of installed files to '/home/shenhang/ros_study/chapter3/topic_practice_workspace/build/status_publisher/install.log'
[1.372s] Invoked command in '/home/shenhang/ros_study/chapter3/topic_practice_workspace/src/status_publisher' returned '0': PYTHONPATH=/home/shenhang/ros_study/chapter3/topic_practice_workspace/build/status_publisher/prefix_override:/usr/lib/python3/dist-packages/colcon_core/task/python/colcon_distutils_commands:/home/shenhang/ros_study/chapter3/topic_practice_workspace/install/status_publisher/lib/python3.10/site-packages:${PYTHONPATH} /usr/bin/python3 -W ignore:setup.py install is deprecated -W ignore:easy_install command is deprecated setup.py egg_info --egg-base ../../build/status_publisher build --build-base /home/shenhang/ros_study/chapter3/topic_practice_workspace/build/status_publisher/build install --record /home/shenhang/ros_study/chapter3/topic_practice_workspace/build/status_publisher/install.log --single-version-externally-managed install_data
