[0.192s] DEBUG:colcon:Command line arguments: ['/usr/bin/colcon', 'build']
[0.192s] DEBUG:colcon:Parsed command line arguments: Namespace(log_base=None, log_level=None, verb_name='build', build_base='build', install_base='install', merge_install=False, symlink_install=False, test_result_base=None, continue_on_error=False, executor='parallel', parallel_workers=6, event_handlers=None, ignore_user_meta=False, metas=['./colcon.meta'], base_paths=['.'], packages_ignore=None, packages_ignore_regex=None, paths=None, packages_up_to=None, packages_up_to_regex=None, packages_above=None, packages_above_and_dependencies=None, packages_above_depth=None, packages_select_by_dep=None, packages_skip_by_dep=None, packages_skip_up_to=None, packages_select_build_failed=False, packages_skip_build_finished=False, packages_select_test_failures=False, packages_skip_test_passed=False, packages_select=None, packages_skip=None, packages_select_regex=None, packages_skip_regex=None, packages_start=None, packages_end=None, allow_overriding=[], cmake_args=None, cmake_target=None, cmake_target_skip_unavailable=False, cmake_clean_cache=False, cmake_clean_first=False, cmake_force_configure=False, ament_cmake_args=None, catkin_cmake_args=None, catkin_skip_building_tests=False, verb_parser=<colcon_defaults.argument_parser.defaults.DefaultArgumentsDecorator object at 0x7b7c1c43b940>, verb_extension=<colcon_core.verb.build.BuildVerb object at 0x7b7c1c43b430>, main=<bound method BuildVerb.main of <colcon_core.verb.build.BuildVerb object at 0x7b7c1c43b430>>)
[0.465s] Level 1:colcon.colcon_core.package_discovery:discover_packages(colcon_meta) check parameters
[0.465s] Level 1:colcon.colcon_core.package_discovery:discover_packages(recursive) check parameters
[0.465s] Level 1:colcon.colcon_core.package_discovery:discover_packages(ignore) check parameters
[0.465s] Level 1:colcon.colcon_core.package_discovery:discover_packages(path) check parameters
[0.466s] Level 1:colcon.colcon_core.package_discovery:discover_packages(colcon_meta) discover
[0.466s] Level 1:colcon.colcon_core.package_discovery:discover_packages(recursive) discover
[0.466s] INFO:colcon.colcon_core.package_discovery:Crawling recursively for packages in '/home/shenhang/ros_study/chapter3/topic_practice_workspace'
[0.466s] Level 1:colcon.colcon_core.package_identification:_identify(.) by extensions ['ignore', 'ignore_ament_install']
[0.466s] Level 1:colcon.colcon_core.package_identification:_identify(.) by extension 'ignore'
[0.466s] Level 1:colcon.colcon_core.package_identification:_identify(.) by extension 'ignore_ament_install'
[0.466s] Level 1:colcon.colcon_core.package_identification:_identify(.) by extensions ['colcon_pkg']
[0.466s] Level 1:colcon.colcon_core.package_identification:_identify(.) by extension 'colcon_pkg'
[0.466s] Level 1:colcon.colcon_core.package_identification:_identify(.) by extensions ['colcon_meta']
[0.466s] Level 1:colcon.colcon_core.package_identification:_identify(.) by extension 'colcon_meta'
[0.466s] Level 1:colcon.colcon_core.package_identification:_identify(.) by extensions ['ros']
[0.466s] Level 1:colcon.colcon_core.package_identification:_identify(.) by extension 'ros'
[0.483s] Level 1:colcon.colcon_core.package_identification:_identify(.) by extensions ['cmake', 'python']
[0.483s] Level 1:colcon.colcon_core.package_identification:_identify(.) by extension 'cmake'
[0.483s] Level 1:colcon.colcon_core.package_identification:_identify(.) by extension 'python'
[0.483s] Level 1:colcon.colcon_core.package_identification:_identify(.) by extensions ['python_setup_py']
[0.483s] Level 1:colcon.colcon_core.package_identification:_identify(.) by extension 'python_setup_py'
[0.483s] Level 1:colcon.colcon_core.package_identification:_identify(build) by extensions ['ignore', 'ignore_ament_install']
[0.483s] Level 1:colcon.colcon_core.package_identification:_identify(build) by extension 'ignore'
[0.483s] Level 1:colcon.colcon_core.package_identification:_identify(build) ignored
[0.483s] Level 1:colcon.colcon_core.package_identification:_identify(install) by extensions ['ignore', 'ignore_ament_install']
[0.484s] Level 1:colcon.colcon_core.package_identification:_identify(install) by extension 'ignore'
[0.484s] Level 1:colcon.colcon_core.package_identification:_identify(install) ignored
[0.484s] Level 1:colcon.colcon_core.package_identification:_identify(log) by extensions ['ignore', 'ignore_ament_install']
[0.484s] Level 1:colcon.colcon_core.package_identification:_identify(log) by extension 'ignore'
[0.484s] Level 1:colcon.colcon_core.package_identification:_identify(log) ignored
[0.484s] Level 1:colcon.colcon_core.package_identification:_identify(src) by extensions ['ignore', 'ignore_ament_install']
[0.484s] Level 1:colcon.colcon_core.package_identification:_identify(src) by extension 'ignore'
[0.484s] Level 1:colcon.colcon_core.package_identification:_identify(src) by extension 'ignore_ament_install'
[0.484s] Level 1:colcon.colcon_core.package_identification:_identify(src) by extensions ['colcon_pkg']
[0.484s] Level 1:colcon.colcon_core.package_identification:_identify(src) by extension 'colcon_pkg'
[0.485s] Level 1:colcon.colcon_core.package_identification:_identify(src) by extensions ['colcon_meta']
[0.485s] Level 1:colcon.colcon_core.package_identification:_identify(src) by extension 'colcon_meta'
[0.485s] Level 1:colcon.colcon_core.package_identification:_identify(src) by extensions ['ros']
[0.485s] Level 1:colcon.colcon_core.package_identification:_identify(src) by extension 'ros'
[0.485s] Level 1:colcon.colcon_core.package_identification:_identify(src) by extensions ['cmake', 'python']
[0.485s] Level 1:colcon.colcon_core.package_identification:_identify(src) by extension 'cmake'
[0.485s] Level 1:colcon.colcon_core.package_identification:_identify(src) by extension 'python'
[0.485s] Level 1:colcon.colcon_core.package_identification:_identify(src) by extensions ['python_setup_py']
[0.485s] Level 1:colcon.colcon_core.package_identification:_identify(src) by extension 'python_setup_py'
[0.485s] Level 1:colcon.colcon_core.package_identification:_identify(src/status_display) by extensions ['ignore', 'ignore_ament_install']
[0.485s] Level 1:colcon.colcon_core.package_identification:_identify(src/status_display) by extension 'ignore'
[0.485s] Level 1:colcon.colcon_core.package_identification:_identify(src/status_display) by extension 'ignore_ament_install'
[0.485s] Level 1:colcon.colcon_core.package_identification:_identify(src/status_display) by extensions ['colcon_pkg']
[0.486s] Level 1:colcon.colcon_core.package_identification:_identify(src/status_display) by extension 'colcon_pkg'
[0.486s] Level 1:colcon.colcon_core.package_identification:_identify(src/status_display) by extensions ['colcon_meta']
[0.486s] Level 1:colcon.colcon_core.package_identification:_identify(src/status_display) by extension 'colcon_meta'
[0.486s] Level 1:colcon.colcon_core.package_identification:_identify(src/status_display) by extensions ['ros']
[0.486s] Level 1:colcon.colcon_core.package_identification:_identify(src/status_display) by extension 'ros'
[0.490s] DEBUG:colcon.colcon_core.package_identification:Package 'src/status_display' with type 'ros.ament_cmake' and name 'status_display'
[0.490s] Level 1:colcon.colcon_core.package_identification:_identify(src/status_interfaces) by extensions ['ignore', 'ignore_ament_install']
[0.490s] Level 1:colcon.colcon_core.package_identification:_identify(src/status_interfaces) by extension 'ignore'
[0.490s] Level 1:colcon.colcon_core.package_identification:_identify(src/status_interfaces) by extension 'ignore_ament_install'
[0.490s] Level 1:colcon.colcon_core.package_identification:_identify(src/status_interfaces) by extensions ['colcon_pkg']
[0.490s] Level 1:colcon.colcon_core.package_identification:_identify(src/status_interfaces) by extension 'colcon_pkg'
[0.490s] Level 1:colcon.colcon_core.package_identification:_identify(src/status_interfaces) by extensions ['colcon_meta']
[0.490s] Level 1:colcon.colcon_core.package_identification:_identify(src/status_interfaces) by extension 'colcon_meta'
[0.490s] Level 1:colcon.colcon_core.package_identification:_identify(src/status_interfaces) by extensions ['ros']
[0.490s] Level 1:colcon.colcon_core.package_identification:_identify(src/status_interfaces) by extension 'ros'
[0.492s] DEBUG:colcon.colcon_core.package_identification:Package 'src/status_interfaces' with type 'ros.ament_cmake' and name 'status_interfaces'
[0.492s] Level 1:colcon.colcon_core.package_identification:_identify(src/status_publisher) by extensions ['ignore', 'ignore_ament_install']
[0.492s] Level 1:colcon.colcon_core.package_identification:_identify(src/status_publisher) by extension 'ignore'
[0.492s] Level 1:colcon.colcon_core.package_identification:_identify(src/status_publisher) by extension 'ignore_ament_install'
[0.492s] Level 1:colcon.colcon_core.package_identification:_identify(src/status_publisher) by extensions ['colcon_pkg']
[0.492s] Level 1:colcon.colcon_core.package_identification:_identify(src/status_publisher) by extension 'colcon_pkg'
[0.492s] Level 1:colcon.colcon_core.package_identification:_identify(src/status_publisher) by extensions ['colcon_meta']
[0.492s] Level 1:colcon.colcon_core.package_identification:_identify(src/status_publisher) by extension 'colcon_meta'
[0.493s] Level 1:colcon.colcon_core.package_identification:_identify(src/status_publisher) by extensions ['ros']
[0.493s] Level 1:colcon.colcon_core.package_identification:_identify(src/status_publisher) by extension 'ros'
[0.494s] DEBUG:colcon.colcon_core.package_identification:Package 'src/status_publisher' with type 'ros.ament_python' and name 'status_publisher'
[0.494s] Level 1:colcon.colcon_core.package_discovery:discover_packages(recursive) using defaults
[0.494s] Level 1:colcon.colcon_core.package_discovery:discover_packages(ignore) discover
[0.494s] Level 1:colcon.colcon_core.package_discovery:discover_packages(ignore) using defaults
[0.494s] Level 1:colcon.colcon_core.package_discovery:discover_packages(path) discover
[0.494s] Level 1:colcon.colcon_core.package_discovery:discover_packages(path) using defaults
[0.524s] Level 1:colcon.colcon_core.package_discovery:discover_packages(prefix_path) check parameters
[0.524s] Level 1:colcon.colcon_core.package_discovery:discover_packages(prefix_path) discover
[0.527s] DEBUG:colcon.colcon_installed_package_information.package_discovery:Found 3 installed packages in /home/shenhang/ros_study/chapter3/topic_practice_workspace/install
[0.529s] DEBUG:colcon.colcon_installed_package_information.package_discovery:Found 271 installed packages in /opt/ros/humble
[0.534s] Level 1:colcon.colcon_core.package_discovery:discover_packages(prefix_path) using defaults
[0.619s] Level 5:colcon.colcon_core.verb:set package 'status_interfaces' build argument 'cmake_args' from command line to 'None'
[0.619s] Level 5:colcon.colcon_core.verb:set package 'status_interfaces' build argument 'cmake_target' from command line to 'None'
[0.619s] Level 5:colcon.colcon_core.verb:set package 'status_interfaces' build argument 'cmake_target_skip_unavailable' from command line to 'False'
[0.619s] Level 5:colcon.colcon_core.verb:set package 'status_interfaces' build argument 'cmake_clean_cache' from command line to 'False'
[0.619s] Level 5:colcon.colcon_core.verb:set package 'status_interfaces' build argument 'cmake_clean_first' from command line to 'False'
[0.619s] Level 5:colcon.colcon_core.verb:set package 'status_interfaces' build argument 'cmake_force_configure' from command line to 'False'
[0.619s] Level 5:colcon.colcon_core.verb:set package 'status_interfaces' build argument 'ament_cmake_args' from command line to 'None'
[0.619s] Level 5:colcon.colcon_core.verb:set package 'status_interfaces' build argument 'catkin_cmake_args' from command line to 'None'
[0.619s] Level 5:colcon.colcon_core.verb:set package 'status_interfaces' build argument 'catkin_skip_building_tests' from command line to 'False'
[0.619s] DEBUG:colcon.colcon_core.verb:Building package 'status_interfaces' with the following arguments: {'ament_cmake_args': None, 'build_base': '/home/shenhang/ros_study/chapter3/topic_practice_workspace/build/status_interfaces', 'catkin_cmake_args': None, 'catkin_skip_building_tests': False, 'cmake_args': None, 'cmake_clean_cache': False, 'cmake_clean_first': False, 'cmake_force_configure': False, 'cmake_target': None, 'cmake_target_skip_unavailable': False, 'install_base': '/home/shenhang/ros_study/chapter3/topic_practice_workspace/install/status_interfaces', 'merge_install': False, 'path': '/home/shenhang/ros_study/chapter3/topic_practice_workspace/src/status_interfaces', 'symlink_install': False, 'test_result_base': None}
[0.620s] Level 5:colcon.colcon_core.verb:set package 'status_display' build argument 'cmake_args' from command line to 'None'
[0.620s] Level 5:colcon.colcon_core.verb:set package 'status_display' build argument 'cmake_target' from command line to 'None'
[0.620s] Level 5:colcon.colcon_core.verb:set package 'status_display' build argument 'cmake_target_skip_unavailable' from command line to 'False'
[0.620s] Level 5:colcon.colcon_core.verb:set package 'status_display' build argument 'cmake_clean_cache' from command line to 'False'
[0.620s] Level 5:colcon.colcon_core.verb:set package 'status_display' build argument 'cmake_clean_first' from command line to 'False'
[0.620s] Level 5:colcon.colcon_core.verb:set package 'status_display' build argument 'cmake_force_configure' from command line to 'False'
[0.620s] Level 5:colcon.colcon_core.verb:set package 'status_display' build argument 'ament_cmake_args' from command line to 'None'
[0.620s] Level 5:colcon.colcon_core.verb:set package 'status_display' build argument 'catkin_cmake_args' from command line to 'None'
[0.620s] Level 5:colcon.colcon_core.verb:set package 'status_display' build argument 'catkin_skip_building_tests' from command line to 'False'
[0.620s] DEBUG:colcon.colcon_core.verb:Building package 'status_display' with the following arguments: {'ament_cmake_args': None, 'build_base': '/home/shenhang/ros_study/chapter3/topic_practice_workspace/build/status_display', 'catkin_cmake_args': None, 'catkin_skip_building_tests': False, 'cmake_args': None, 'cmake_clean_cache': False, 'cmake_clean_first': False, 'cmake_force_configure': False, 'cmake_target': None, 'cmake_target_skip_unavailable': False, 'install_base': '/home/shenhang/ros_study/chapter3/topic_practice_workspace/install/status_display', 'merge_install': False, 'path': '/home/shenhang/ros_study/chapter3/topic_practice_workspace/src/status_display', 'symlink_install': False, 'test_result_base': None}
[0.621s] Level 5:colcon.colcon_core.verb:set package 'status_publisher' build argument 'cmake_args' from command line to 'None'
[0.621s] Level 5:colcon.colcon_core.verb:set package 'status_publisher' build argument 'cmake_target' from command line to 'None'
[0.621s] Level 5:colcon.colcon_core.verb:set package 'status_publisher' build argument 'cmake_target_skip_unavailable' from command line to 'False'
[0.621s] Level 5:colcon.colcon_core.verb:set package 'status_publisher' build argument 'cmake_clean_cache' from command line to 'False'
[0.621s] Level 5:colcon.colcon_core.verb:set package 'status_publisher' build argument 'cmake_clean_first' from command line to 'False'
[0.621s] Level 5:colcon.colcon_core.verb:set package 'status_publisher' build argument 'cmake_force_configure' from command line to 'False'
[0.621s] Level 5:colcon.colcon_core.verb:set package 'status_publisher' build argument 'ament_cmake_args' from command line to 'None'
[0.621s] Level 5:colcon.colcon_core.verb:set package 'status_publisher' build argument 'catkin_cmake_args' from command line to 'None'
[0.621s] Level 5:colcon.colcon_core.verb:set package 'status_publisher' build argument 'catkin_skip_building_tests' from command line to 'False'
[0.621s] DEBUG:colcon.colcon_core.verb:Building package 'status_publisher' with the following arguments: {'ament_cmake_args': None, 'build_base': '/home/shenhang/ros_study/chapter3/topic_practice_workspace/build/status_publisher', 'catkin_cmake_args': None, 'catkin_skip_building_tests': False, 'cmake_args': None, 'cmake_clean_cache': False, 'cmake_clean_first': False, 'cmake_force_configure': False, 'cmake_target': None, 'cmake_target_skip_unavailable': False, 'install_base': '/home/shenhang/ros_study/chapter3/topic_practice_workspace/install/status_publisher', 'merge_install': False, 'path': '/home/shenhang/ros_study/chapter3/topic_practice_workspace/src/status_publisher', 'symlink_install': False, 'test_result_base': None}
[0.621s] INFO:colcon.colcon_core.executor:Executing jobs using 'parallel' executor
[0.623s] DEBUG:colcon.colcon_parallel_executor.executor.parallel:run_until_complete
[0.623s] INFO:colcon.colcon_ros.task.ament_cmake.build:Building ROS package in '/home/shenhang/ros_study/chapter3/topic_practice_workspace/src/status_interfaces' with build type 'ament_cmake'
[0.623s] INFO:colcon.colcon_cmake.task.cmake.build:Building CMake package in '/home/shenhang/ros_study/chapter3/topic_practice_workspace/src/status_interfaces'
[0.626s] INFO:colcon.colcon_core.plugin_system:Skipping extension 'colcon_core.shell.bat': Not used on non-Windows systems
[0.626s] INFO:colcon.colcon_core.shell:Skip shell extension 'powershell' for command environment: Not usable outside of PowerShell
[0.626s] DEBUG:colcon.colcon_core.shell:Skip shell extension 'dsv' for command environment
[0.640s] DEBUG:colcon.colcon_core.event_handler.log_command:Invoking command in '/home/shenhang/ros_study/chapter3/topic_practice_workspace/build/status_interfaces': CMAKE_PREFIX_PATH=${CMAKE_PREFIX_PATH}:/home/shenhang/ros_study/chapter3/topic_practice_workspace/install/status_publisher:/opt/ros/humble /usr/bin/cmake --build /home/shenhang/ros_study/chapter3/topic_practice_workspace/build/status_interfaces -- -j6 -l6
[1.332s] DEBUG:colcon.colcon_core.event_handler.log_command:Invoked command in '/home/shenhang/ros_study/chapter3/topic_practice_workspace/build/status_interfaces' returned '0': CMAKE_PREFIX_PATH=${CMAKE_PREFIX_PATH}:/home/shenhang/ros_study/chapter3/topic_practice_workspace/install/status_publisher:/opt/ros/humble /usr/bin/cmake --build /home/shenhang/ros_study/chapter3/topic_practice_workspace/build/status_interfaces -- -j6 -l6
[1.347s] DEBUG:colcon.colcon_core.event_handler.log_command:Invoking command in '/home/shenhang/ros_study/chapter3/topic_practice_workspace/build/status_interfaces': CMAKE_PREFIX_PATH=${CMAKE_PREFIX_PATH}:/home/shenhang/ros_study/chapter3/topic_practice_workspace/install/status_publisher:/opt/ros/humble /usr/bin/cmake --install /home/shenhang/ros_study/chapter3/topic_practice_workspace/build/status_interfaces
[1.438s] Level 1:colcon.colcon_core.environment:create_environment_scripts_only(status_interfaces)
[1.439s] DEBUG:colcon.colcon_core.event_handler.log_command:Invoked command in '/home/shenhang/ros_study/chapter3/topic_practice_workspace/build/status_interfaces' returned '0': CMAKE_PREFIX_PATH=${CMAKE_PREFIX_PATH}:/home/shenhang/ros_study/chapter3/topic_practice_workspace/install/status_publisher:/opt/ros/humble /usr/bin/cmake --install /home/shenhang/ros_study/chapter3/topic_practice_workspace/build/status_interfaces
[1.442s] Level 1:colcon.colcon_core.environment:checking '/home/shenhang/ros_study/chapter3/topic_practice_workspace/install/status_interfaces' for CMake module files
[1.444s] Level 1:colcon.colcon_core.environment:checking '/home/shenhang/ros_study/chapter3/topic_practice_workspace/install/status_interfaces' for CMake config files
[1.445s] Level 1:colcon.colcon_core.shell:create_environment_hook('status_interfaces', 'cmake_prefix_path')
[1.445s] INFO:colcon.colcon_core.shell:Creating environment hook '/home/shenhang/ros_study/chapter3/topic_practice_workspace/install/status_interfaces/share/status_interfaces/hook/cmake_prefix_path.ps1'
[1.447s] INFO:colcon.colcon_core.shell:Creating environment descriptor '/home/shenhang/ros_study/chapter3/topic_practice_workspace/install/status_interfaces/share/status_interfaces/hook/cmake_prefix_path.dsv'
[1.447s] INFO:colcon.colcon_core.shell:Creating environment hook '/home/shenhang/ros_study/chapter3/topic_practice_workspace/install/status_interfaces/share/status_interfaces/hook/cmake_prefix_path.sh'
[1.449s] Level 1:colcon.colcon_core.environment:checking '/home/shenhang/ros_study/chapter3/topic_practice_workspace/install/status_interfaces/lib'
[1.450s] Level 1:colcon.colcon_core.shell:create_environment_hook('status_interfaces', 'ld_library_path_lib')
[1.450s] INFO:colcon.colcon_core.shell:Creating environment hook '/home/shenhang/ros_study/chapter3/topic_practice_workspace/install/status_interfaces/share/status_interfaces/hook/ld_library_path_lib.ps1'
[1.451s] INFO:colcon.colcon_core.shell:Creating environment descriptor '/home/shenhang/ros_study/chapter3/topic_practice_workspace/install/status_interfaces/share/status_interfaces/hook/ld_library_path_lib.dsv'
[1.451s] INFO:colcon.colcon_core.shell:Creating environment hook '/home/shenhang/ros_study/chapter3/topic_practice_workspace/install/status_interfaces/share/status_interfaces/hook/ld_library_path_lib.sh'
[1.452s] Level 1:colcon.colcon_core.environment:checking '/home/shenhang/ros_study/chapter3/topic_practice_workspace/install/status_interfaces/bin'
[1.452s] Level 1:colcon.colcon_core.environment:checking '/home/shenhang/ros_study/chapter3/topic_practice_workspace/install/status_interfaces/lib/pkgconfig/status_interfaces.pc'
[1.453s] Level 1:colcon.colcon_core.environment:checking '/home/shenhang/ros_study/chapter3/topic_practice_workspace/install/status_interfaces/lib/python3.10/site-packages'
[1.453s] Level 1:colcon.colcon_core.environment:checking '/home/shenhang/ros_study/chapter3/topic_practice_workspace/install/status_interfaces/bin'
[1.454s] INFO:colcon.colcon_core.shell:Creating package script '/home/shenhang/ros_study/chapter3/topic_practice_workspace/install/status_interfaces/share/status_interfaces/package.ps1'
[1.456s] INFO:colcon.colcon_core.shell:Creating package descriptor '/home/shenhang/ros_study/chapter3/topic_practice_workspace/install/status_interfaces/share/status_interfaces/package.dsv'
[1.457s] INFO:colcon.colcon_core.shell:Creating package script '/home/shenhang/ros_study/chapter3/topic_practice_workspace/install/status_interfaces/share/status_interfaces/package.sh'
[1.458s] INFO:colcon.colcon_core.shell:Creating package script '/home/shenhang/ros_study/chapter3/topic_practice_workspace/install/status_interfaces/share/status_interfaces/package.bash'
[1.459s] INFO:colcon.colcon_core.shell:Creating package script '/home/shenhang/ros_study/chapter3/topic_practice_workspace/install/status_interfaces/share/status_interfaces/package.zsh'
[1.462s] Level 1:colcon.colcon_core.environment:create_file_with_runtime_dependencies(/home/shenhang/ros_study/chapter3/topic_practice_workspace/install/status_interfaces/share/colcon-core/packages/status_interfaces)
[1.463s] Level 1:colcon.colcon_core.environment:create_environment_scripts_only(status_interfaces)
[1.463s] Level 1:colcon.colcon_core.environment:checking '/home/shenhang/ros_study/chapter3/topic_practice_workspace/install/status_interfaces' for CMake module files
[1.465s] Level 1:colcon.colcon_core.environment:checking '/home/shenhang/ros_study/chapter3/topic_practice_workspace/install/status_interfaces' for CMake config files
[1.465s] Level 1:colcon.colcon_core.shell:create_environment_hook('status_interfaces', 'cmake_prefix_path')
[1.466s] INFO:colcon.colcon_core.shell:Creating environment hook '/home/shenhang/ros_study/chapter3/topic_practice_workspace/install/status_interfaces/share/status_interfaces/hook/cmake_prefix_path.ps1'
[1.466s] INFO:colcon.colcon_core.shell:Creating environment descriptor '/home/shenhang/ros_study/chapter3/topic_practice_workspace/install/status_interfaces/share/status_interfaces/hook/cmake_prefix_path.dsv'
[1.467s] INFO:colcon.colcon_core.shell:Creating environment hook '/home/shenhang/ros_study/chapter3/topic_practice_workspace/install/status_interfaces/share/status_interfaces/hook/cmake_prefix_path.sh'
[1.468s] Level 1:colcon.colcon_core.environment:checking '/home/shenhang/ros_study/chapter3/topic_practice_workspace/install/status_interfaces/lib'
[1.468s] Level 1:colcon.colcon_core.shell:create_environment_hook('status_interfaces', 'ld_library_path_lib')
[1.468s] INFO:colcon.colcon_core.shell:Creating environment hook '/home/shenhang/ros_study/chapter3/topic_practice_workspace/install/status_interfaces/share/status_interfaces/hook/ld_library_path_lib.ps1'
[1.469s] INFO:colcon.colcon_core.shell:Creating environment descriptor '/home/shenhang/ros_study/chapter3/topic_practice_workspace/install/status_interfaces/share/status_interfaces/hook/ld_library_path_lib.dsv'
[1.469s] INFO:colcon.colcon_core.shell:Creating environment hook '/home/shenhang/ros_study/chapter3/topic_practice_workspace/install/status_interfaces/share/status_interfaces/hook/ld_library_path_lib.sh'
[1.471s] Level 1:colcon.colcon_core.environment:checking '/home/shenhang/ros_study/chapter3/topic_practice_workspace/install/status_interfaces/bin'
[1.471s] Level 1:colcon.colcon_core.environment:checking '/home/shenhang/ros_study/chapter3/topic_practice_workspace/install/status_interfaces/lib/pkgconfig/status_interfaces.pc'
[1.471s] Level 1:colcon.colcon_core.environment:checking '/home/shenhang/ros_study/chapter3/topic_practice_workspace/install/status_interfaces/lib/python3.10/site-packages'
[1.472s] Level 1:colcon.colcon_core.environment:checking '/home/shenhang/ros_study/chapter3/topic_practice_workspace/install/status_interfaces/bin'
[1.473s] INFO:colcon.colcon_core.shell:Creating package script '/home/shenhang/ros_study/chapter3/topic_practice_workspace/install/status_interfaces/share/status_interfaces/package.ps1'
[1.474s] INFO:colcon.colcon_core.shell:Creating package descriptor '/home/shenhang/ros_study/chapter3/topic_practice_workspace/install/status_interfaces/share/status_interfaces/package.dsv'
[1.475s] INFO:colcon.colcon_core.shell:Creating package script '/home/shenhang/ros_study/chapter3/topic_practice_workspace/install/status_interfaces/share/status_interfaces/package.sh'
[1.475s] INFO:colcon.colcon_core.shell:Creating package script '/home/shenhang/ros_study/chapter3/topic_practice_workspace/install/status_interfaces/share/status_interfaces/package.bash'
[1.476s] INFO:colcon.colcon_core.shell:Creating package script '/home/shenhang/ros_study/chapter3/topic_practice_workspace/install/status_interfaces/share/status_interfaces/package.zsh'
[1.476s] Level 1:colcon.colcon_core.environment:create_file_with_runtime_dependencies(/home/shenhang/ros_study/chapter3/topic_practice_workspace/install/status_interfaces/share/colcon-core/packages/status_interfaces)
[1.477s] INFO:colcon.colcon_ros.task.ament_cmake.build:Building ROS package in '/home/shenhang/ros_study/chapter3/topic_practice_workspace/src/status_display' with build type 'ament_cmake'
[1.477s] INFO:colcon.colcon_cmake.task.cmake.build:Building CMake package in '/home/shenhang/ros_study/chapter3/topic_practice_workspace/src/status_display'
[1.477s] INFO:colcon.colcon_core.shell:Skip shell extension 'powershell' for command environment: Not usable outside of PowerShell
[1.477s] DEBUG:colcon.colcon_core.shell:Skip shell extension 'dsv' for command environment
[1.487s] INFO:colcon.colcon_ros.task.ament_python.build:Building ROS package in '/home/shenhang/ros_study/chapter3/topic_practice_workspace/src/status_publisher' with build type 'ament_python'
[1.487s] Level 1:colcon.colcon_core.shell:create_environment_hook('status_publisher', 'ament_prefix_path')
[1.487s] INFO:colcon.colcon_core.shell:Creating environment hook '/home/shenhang/ros_study/chapter3/topic_practice_workspace/install/status_publisher/share/status_publisher/hook/ament_prefix_path.ps1'
[1.488s] INFO:colcon.colcon_core.shell:Creating environment descriptor '/home/shenhang/ros_study/chapter3/topic_practice_workspace/install/status_publisher/share/status_publisher/hook/ament_prefix_path.dsv'
[1.489s] INFO:colcon.colcon_core.shell:Creating environment hook '/home/shenhang/ros_study/chapter3/topic_practice_workspace/install/status_publisher/share/status_publisher/hook/ament_prefix_path.sh'
[1.489s] INFO:colcon.colcon_core.shell:Skip shell extension 'powershell' for command environment: Not usable outside of PowerShell
[1.489s] DEBUG:colcon.colcon_core.shell:Skip shell extension 'dsv' for command environment
[1.500s] DEBUG:colcon.colcon_core.event_handler.log_command:Invoking command in '/home/shenhang/ros_study/chapter3/topic_practice_workspace/build/status_display': CMAKE_PREFIX_PATH=/home/shenhang/ros_study/chapter3/topic_practice_workspace/install/status_interfaces:/home/shenhang/ros_study/chapter3/topic_practice_workspace/install/status_display:/home/shenhang/ros_study/chapter3/topic_practice_workspace/install/status_publisher:/opt/ros/humble /usr/bin/cmake --build /home/shenhang/ros_study/chapter3/topic_practice_workspace/build/status_display -- -j6 -l6
[1.982s] INFO:colcon.colcon_core.task.python.build:Building Python package in '/home/shenhang/ros_study/chapter3/topic_practice_workspace/src/status_publisher'
[1.983s] INFO:colcon.colcon_core.shell:Skip shell extension 'powershell' for command environment: Not usable outside of PowerShell
[1.983s] DEBUG:colcon.colcon_core.shell:Skip shell extension 'dsv' for command environment
[2.588s] DEBUG:colcon.colcon_core.event_handler.log_command:Invoking command in '/home/shenhang/ros_study/chapter3/topic_practice_workspace/src/status_publisher': CMAKE_PREFIX_PATH=/home/shenhang/ros_study/chapter3/topic_practice_workspace/install/status_interfaces:/home/shenhang/ros_study/chapter3/topic_practice_workspace/install/status_display PYTHONPATH=/home/shenhang/ros_study/chapter3/topic_practice_workspace/build/status_publisher/prefix_override:/usr/lib/python3/dist-packages/colcon_core/task/python/colcon_distutils_commands:/home/shenhang/ros_study/chapter3/topic_practice_workspace/install/status_publisher/lib/python3.10/site-packages:${PYTHONPATH} /usr/bin/python3 -W ignore:setup.py install is deprecated -W ignore:easy_install command is deprecated setup.py egg_info --egg-base ../../build/status_publisher build --build-base /home/shenhang/ros_study/chapter3/topic_practice_workspace/build/status_publisher/build install --record /home/shenhang/ros_study/chapter3/topic_practice_workspace/build/status_publisher/install.log --single-version-externally-managed install_data
[3.143s] Level 1:colcon.colcon_core.environment:checking '/home/shenhang/ros_study/chapter3/topic_practice_workspace/install/status_publisher' for CMake module files
[3.144s] DEBUG:colcon.colcon_core.event_handler.log_command:Invoked command in '/home/shenhang/ros_study/chapter3/topic_practice_workspace/src/status_publisher' returned '0': CMAKE_PREFIX_PATH=/home/shenhang/ros_study/chapter3/topic_practice_workspace/install/status_interfaces:/home/shenhang/ros_study/chapter3/topic_practice_workspace/install/status_display PYTHONPATH=/home/shenhang/ros_study/chapter3/topic_practice_workspace/build/status_publisher/prefix_override:/usr/lib/python3/dist-packages/colcon_core/task/python/colcon_distutils_commands:/home/shenhang/ros_study/chapter3/topic_practice_workspace/install/status_publisher/lib/python3.10/site-packages:${PYTHONPATH} /usr/bin/python3 -W ignore:setup.py install is deprecated -W ignore:easy_install command is deprecated setup.py egg_info --egg-base ../../build/status_publisher build --build-base /home/shenhang/ros_study/chapter3/topic_practice_workspace/build/status_publisher/build install --record /home/shenhang/ros_study/chapter3/topic_practice_workspace/build/status_publisher/install.log --single-version-externally-managed install_data
[3.144s] Level 1:colcon.colcon_core.environment:checking '/home/shenhang/ros_study/chapter3/topic_practice_workspace/install/status_publisher' for CMake config files
[3.145s] Level 1:colcon.colcon_core.environment:checking '/home/shenhang/ros_study/chapter3/topic_practice_workspace/install/status_publisher/lib'
[3.145s] Level 1:colcon.colcon_core.environment:checking '/home/shenhang/ros_study/chapter3/topic_practice_workspace/install/status_publisher/bin'
[3.145s] Level 1:colcon.colcon_core.environment:checking '/home/shenhang/ros_study/chapter3/topic_practice_workspace/install/status_publisher/lib/pkgconfig/status_publisher.pc'
[3.145s] Level 1:colcon.colcon_core.environment:checking '/home/shenhang/ros_study/chapter3/topic_practice_workspace/install/status_publisher/lib/python3.10/site-packages'
[3.145s] Level 1:colcon.colcon_core.shell:create_environment_hook('status_publisher', 'pythonpath')
[3.146s] INFO:colcon.colcon_core.shell:Creating environment hook '/home/shenhang/ros_study/chapter3/topic_practice_workspace/install/status_publisher/share/status_publisher/hook/pythonpath.ps1'
[3.146s] INFO:colcon.colcon_core.shell:Creating environment descriptor '/home/shenhang/ros_study/chapter3/topic_practice_workspace/install/status_publisher/share/status_publisher/hook/pythonpath.dsv'
[3.147s] INFO:colcon.colcon_core.shell:Creating environment hook '/home/shenhang/ros_study/chapter3/topic_practice_workspace/install/status_publisher/share/status_publisher/hook/pythonpath.sh'
[3.148s] Level 1:colcon.colcon_core.environment:checking '/home/shenhang/ros_study/chapter3/topic_practice_workspace/install/status_publisher/bin'
[3.148s] Level 1:colcon.colcon_core.environment:create_environment_scripts_only(status_publisher)
[3.149s] INFO:colcon.colcon_core.shell:Creating package script '/home/shenhang/ros_study/chapter3/topic_practice_workspace/install/status_publisher/share/status_publisher/package.ps1'
[3.149s] INFO:colcon.colcon_core.shell:Creating package descriptor '/home/shenhang/ros_study/chapter3/topic_practice_workspace/install/status_publisher/share/status_publisher/package.dsv'
[3.150s] INFO:colcon.colcon_core.shell:Creating package script '/home/shenhang/ros_study/chapter3/topic_practice_workspace/install/status_publisher/share/status_publisher/package.sh'
[3.150s] INFO:colcon.colcon_core.shell:Creating package script '/home/shenhang/ros_study/chapter3/topic_practice_workspace/install/status_publisher/share/status_publisher/package.bash'
[3.151s] INFO:colcon.colcon_core.shell:Creating package script '/home/shenhang/ros_study/chapter3/topic_practice_workspace/install/status_publisher/share/status_publisher/package.zsh'
[3.151s] Level 1:colcon.colcon_core.environment:create_file_with_runtime_dependencies(/home/shenhang/ros_study/chapter3/topic_practice_workspace/install/status_publisher/share/colcon-core/packages/status_publisher)
[16.347s] DEBUG:colcon.colcon_core.event_handler.log_command:Invoked command in '/home/shenhang/ros_study/chapter3/topic_practice_workspace/build/status_display' returned '0': CMAKE_PREFIX_PATH=/home/shenhang/ros_study/chapter3/topic_practice_workspace/install/status_interfaces:/home/shenhang/ros_study/chapter3/topic_practice_workspace/install/status_display:/home/shenhang/ros_study/chapter3/topic_practice_workspace/install/status_publisher:/opt/ros/humble /usr/bin/cmake --build /home/shenhang/ros_study/chapter3/topic_practice_workspace/build/status_display -- -j6 -l6
[16.351s] DEBUG:colcon.colcon_core.event_handler.log_command:Invoking command in '/home/shenhang/ros_study/chapter3/topic_practice_workspace/build/status_display': CMAKE_PREFIX_PATH=/home/shenhang/ros_study/chapter3/topic_practice_workspace/install/status_interfaces:/home/shenhang/ros_study/chapter3/topic_practice_workspace/install/status_display:/home/shenhang/ros_study/chapter3/topic_practice_workspace/install/status_publisher:/opt/ros/humble /usr/bin/cmake --install /home/shenhang/ros_study/chapter3/topic_practice_workspace/build/status_display
[16.370s] Level 1:colcon.colcon_core.environment:create_environment_scripts_only(status_display)
[16.371s] Level 1:colcon.colcon_core.environment:checking '/home/shenhang/ros_study/chapter3/topic_practice_workspace/install/status_display' for CMake module files
[16.372s] DEBUG:colcon.colcon_core.event_handler.log_command:Invoked command in '/home/shenhang/ros_study/chapter3/topic_practice_workspace/build/status_display' returned '0': CMAKE_PREFIX_PATH=/home/shenhang/ros_study/chapter3/topic_practice_workspace/install/status_interfaces:/home/shenhang/ros_study/chapter3/topic_practice_workspace/install/status_display:/home/shenhang/ros_study/chapter3/topic_practice_workspace/install/status_publisher:/opt/ros/humble /usr/bin/cmake --install /home/shenhang/ros_study/chapter3/topic_practice_workspace/build/status_display
[16.372s] Level 1:colcon.colcon_core.environment:checking '/home/shenhang/ros_study/chapter3/topic_practice_workspace/install/status_display' for CMake config files
[16.372s] Level 1:colcon.colcon_core.shell:create_environment_hook('status_display', 'cmake_prefix_path')
[16.373s] INFO:colcon.colcon_core.shell:Creating environment hook '/home/shenhang/ros_study/chapter3/topic_practice_workspace/install/status_display/share/status_display/hook/cmake_prefix_path.ps1'
[16.373s] INFO:colcon.colcon_core.shell:Creating environment descriptor '/home/shenhang/ros_study/chapter3/topic_practice_workspace/install/status_display/share/status_display/hook/cmake_prefix_path.dsv'
[16.374s] INFO:colcon.colcon_core.shell:Creating environment hook '/home/shenhang/ros_study/chapter3/topic_practice_workspace/install/status_display/share/status_display/hook/cmake_prefix_path.sh'
[16.374s] Level 1:colcon.colcon_core.environment:checking '/home/shenhang/ros_study/chapter3/topic_practice_workspace/install/status_display/lib'
[16.375s] Level 1:colcon.colcon_core.environment:checking '/home/shenhang/ros_study/chapter3/topic_practice_workspace/install/status_display/bin'
[16.375s] Level 1:colcon.colcon_core.environment:checking '/home/shenhang/ros_study/chapter3/topic_practice_workspace/install/status_display/lib/pkgconfig/status_display.pc'
[16.375s] Level 1:colcon.colcon_core.environment:checking '/home/shenhang/ros_study/chapter3/topic_practice_workspace/install/status_display/lib/python3.10/site-packages'
[16.376s] Level 1:colcon.colcon_core.environment:checking '/home/shenhang/ros_study/chapter3/topic_practice_workspace/install/status_display/bin'
[16.376s] INFO:colcon.colcon_core.shell:Creating package script '/home/shenhang/ros_study/chapter3/topic_practice_workspace/install/status_display/share/status_display/package.ps1'
[16.377s] INFO:colcon.colcon_core.shell:Creating package descriptor '/home/shenhang/ros_study/chapter3/topic_practice_workspace/install/status_display/share/status_display/package.dsv'
[16.377s] INFO:colcon.colcon_core.shell:Creating package script '/home/shenhang/ros_study/chapter3/topic_practice_workspace/install/status_display/share/status_display/package.sh'
[16.378s] INFO:colcon.colcon_core.shell:Creating package script '/home/shenhang/ros_study/chapter3/topic_practice_workspace/install/status_display/share/status_display/package.bash'
[16.378s] INFO:colcon.colcon_core.shell:Creating package script '/home/shenhang/ros_study/chapter3/topic_practice_workspace/install/status_display/share/status_display/package.zsh'
[16.379s] Level 1:colcon.colcon_core.environment:create_file_with_runtime_dependencies(/home/shenhang/ros_study/chapter3/topic_practice_workspace/install/status_display/share/colcon-core/packages/status_display)
[16.380s] Level 1:colcon.colcon_core.environment:create_environment_scripts_only(status_display)
[16.380s] Level 1:colcon.colcon_core.environment:checking '/home/shenhang/ros_study/chapter3/topic_practice_workspace/install/status_display' for CMake module files
[16.381s] Level 1:colcon.colcon_core.environment:checking '/home/shenhang/ros_study/chapter3/topic_practice_workspace/install/status_display' for CMake config files
[16.382s] Level 1:colcon.colcon_core.shell:create_environment_hook('status_display', 'cmake_prefix_path')
[16.382s] INFO:colcon.colcon_core.shell:Creating environment hook '/home/shenhang/ros_study/chapter3/topic_practice_workspace/install/status_display/share/status_display/hook/cmake_prefix_path.ps1'
[16.383s] INFO:colcon.colcon_core.shell:Creating environment descriptor '/home/shenhang/ros_study/chapter3/topic_practice_workspace/install/status_display/share/status_display/hook/cmake_prefix_path.dsv'
[16.383s] INFO:colcon.colcon_core.shell:Creating environment hook '/home/shenhang/ros_study/chapter3/topic_practice_workspace/install/status_display/share/status_display/hook/cmake_prefix_path.sh'
[16.384s] Level 1:colcon.colcon_core.environment:checking '/home/shenhang/ros_study/chapter3/topic_practice_workspace/install/status_display/lib'
[16.385s] Level 1:colcon.colcon_core.environment:checking '/home/shenhang/ros_study/chapter3/topic_practice_workspace/install/status_display/bin'
[16.385s] Level 1:colcon.colcon_core.environment:checking '/home/shenhang/ros_study/chapter3/topic_practice_workspace/install/status_display/lib/pkgconfig/status_display.pc'
[16.385s] Level 1:colcon.colcon_core.environment:checking '/home/shenhang/ros_study/chapter3/topic_practice_workspace/install/status_display/lib/python3.10/site-packages'
[16.386s] Level 1:colcon.colcon_core.environment:checking '/home/shenhang/ros_study/chapter3/topic_practice_workspace/install/status_display/bin'
[16.386s] INFO:colcon.colcon_core.shell:Creating package script '/home/shenhang/ros_study/chapter3/topic_practice_workspace/install/status_display/share/status_display/package.ps1'
[16.388s] INFO:colcon.colcon_core.shell:Creating package descriptor '/home/shenhang/ros_study/chapter3/topic_practice_workspace/install/status_display/share/status_display/package.dsv'
[16.389s] INFO:colcon.colcon_core.shell:Creating package script '/home/shenhang/ros_study/chapter3/topic_practice_workspace/install/status_display/share/status_display/package.sh'
[16.389s] INFO:colcon.colcon_core.shell:Creating package script '/home/shenhang/ros_study/chapter3/topic_practice_workspace/install/status_display/share/status_display/package.bash'
[16.390s] INFO:colcon.colcon_core.shell:Creating package script '/home/shenhang/ros_study/chapter3/topic_practice_workspace/install/status_display/share/status_display/package.zsh'
[16.391s] Level 1:colcon.colcon_core.environment:create_file_with_runtime_dependencies(/home/shenhang/ros_study/chapter3/topic_practice_workspace/install/status_display/share/colcon-core/packages/status_display)
[16.393s] DEBUG:colcon.colcon_parallel_executor.executor.parallel:closing loop
[16.394s] DEBUG:colcon.colcon_parallel_executor.executor.parallel:loop closed
[16.394s] DEBUG:colcon.colcon_parallel_executor.executor.parallel:run_until_complete finished with '0'
[16.394s] DEBUG:colcon.colcon_core.event_reactor:joining thread
[16.402s] INFO:colcon.colcon_core.plugin_system:Skipping extension 'colcon_notification.desktop_notification.terminal_notifier': Not used on non-Darwin systems
[16.402s] INFO:colcon.colcon_core.plugin_system:Skipping extension 'colcon_notification.desktop_notification.win32': Not used on non-Windows systems
[16.402s] INFO:colcon.colcon_notification.desktop_notification:Sending desktop notification using 'notify2'
[16.426s] DEBUG:colcon.colcon_core.event_reactor:joined thread
[16.426s] INFO:colcon.colcon_core.shell:Creating prefix script '/home/shenhang/ros_study/chapter3/topic_practice_workspace/install/local_setup.ps1'
[16.428s] INFO:colcon.colcon_core.shell:Creating prefix util module '/home/shenhang/ros_study/chapter3/topic_practice_workspace/install/_local_setup_util_ps1.py'
[16.430s] INFO:colcon.colcon_core.shell:Creating prefix chain script '/home/shenhang/ros_study/chapter3/topic_practice_workspace/install/setup.ps1'
[16.432s] INFO:colcon.colcon_core.shell:Creating prefix script '/home/shenhang/ros_study/chapter3/topic_practice_workspace/install/local_setup.sh'
[16.433s] INFO:colcon.colcon_core.shell:Creating prefix util module '/home/shenhang/ros_study/chapter3/topic_practice_workspace/install/_local_setup_util_sh.py'
[16.434s] INFO:colcon.colcon_core.shell:Creating prefix chain script '/home/shenhang/ros_study/chapter3/topic_practice_workspace/install/setup.sh'
[16.435s] INFO:colcon.colcon_core.shell:Creating prefix script '/home/shenhang/ros_study/chapter3/topic_practice_workspace/install/local_setup.bash'
[16.436s] INFO:colcon.colcon_core.shell:Creating prefix chain script '/home/shenhang/ros_study/chapter3/topic_practice_workspace/install/setup.bash'
[16.437s] INFO:colcon.colcon_core.shell:Creating prefix script '/home/shenhang/ros_study/chapter3/topic_practice_workspace/install/local_setup.zsh'
[16.438s] INFO:colcon.colcon_core.shell:Creating prefix chain script '/home/shenhang/ros_study/chapter3/topic_practice_workspace/install/setup.zsh'
