[0.875s] Invoking command in '/home/shenhang/ros_study/chapter3/topic_workspace/src/demo_python_topic': PYTHONPATH=/home/shenhang/ros_study/chapter3/topic_workspace/build/demo_python_topic/prefix_override:/usr/lib/python3/dist-packages/colcon_core/task/python/colcon_distutils_commands:/home/shenhang/ros_study/chapter3/topic_workspace/install/demo_python_topic/lib/python3.10/site-packages:${PYTHONPATH} /usr/bin/python3 -W ignore:setup.py install is deprecated -W ignore:easy_install command is deprecated setup.py egg_info --egg-base ../../build/demo_python_topic build --build-base /home/shenhang/ros_study/chapter3/topic_workspace/build/demo_python_topic/build install --record /home/shenhang/ros_study/chapter3/topic_workspace/build/demo_python_topic/install.log --single-version-externally-managed install_data
[1.222s] running egg_info
[1.222s] creating ../../build/demo_python_topic/demo_python_topic.egg-info
[1.222s] writing ../../build/demo_python_topic/demo_python_topic.egg-info/PKG-INFO
[1.222s] writing dependency_links to ../../build/demo_python_topic/demo_python_topic.egg-info/dependency_links.txt
[1.222s] writing entry points to ../../build/demo_python_topic/demo_python_topic.egg-info/entry_points.txt
[1.222s] writing requirements to ../../build/demo_python_topic/demo_python_topic.egg-info/requires.txt
[1.222s] writing top-level names to ../../build/demo_python_topic/demo_python_topic.egg-info/top_level.txt
[1.222s] writing manifest file '../../build/demo_python_topic/demo_python_topic.egg-info/SOURCES.txt'
[1.225s] reading manifest file '../../build/demo_python_topic/demo_python_topic.egg-info/SOURCES.txt'
[1.225s] adding license file 'LICENSE'
[1.226s] writing manifest file '../../build/demo_python_topic/demo_python_topic.egg-info/SOURCES.txt'
[1.226s] running build
[1.226s] running build_py
[1.226s] creating /home/shenhang/ros_study/chapter3/topic_workspace/build/demo_python_topic/build
[1.227s] creating /home/shenhang/ros_study/chapter3/topic_workspace/build/demo_python_topic/build/lib
[1.227s] creating /home/shenhang/ros_study/chapter3/topic_workspace/build/demo_python_topic/build/lib/demo_python_topic
[1.227s] copying demo_python_topic/__init__.py -> /home/shenhang/ros_study/chapter3/topic_workspace/build/demo_python_topic/build/lib/demo_python_topic
[1.227s] running install
[1.227s] running install_lib
[1.229s] creating /home/shenhang/ros_study/chapter3/topic_workspace/install/demo_python_topic/lib/python3.10/site-packages/demo_python_topic
[1.229s] copying /home/shenhang/ros_study/chapter3/topic_workspace/build/demo_python_topic/build/lib/demo_python_topic/__init__.py -> /home/shenhang/ros_study/chapter3/topic_workspace/install/demo_python_topic/lib/python3.10/site-packages/demo_python_topic
[1.229s] byte-compiling /home/shenhang/ros_study/chapter3/topic_workspace/install/demo_python_topic/lib/python3.10/site-packages/demo_python_topic/__init__.py to __init__.cpython-310.pyc
[1.229s] running install_data
[1.229s] creating /home/shenhang/ros_study/chapter3/topic_workspace/install/demo_python_topic/share/ament_index
[1.229s] creating /home/shenhang/ros_study/chapter3/topic_workspace/install/demo_python_topic/share/ament_index/resource_index
[1.229s] creating /home/shenhang/ros_study/chapter3/topic_workspace/install/demo_python_topic/share/ament_index/resource_index/packages
[1.229s] copying resource/demo_python_topic -> /home/shenhang/ros_study/chapter3/topic_workspace/install/demo_python_topic/share/ament_index/resource_index/packages
[1.230s] copying package.xml -> /home/shenhang/ros_study/chapter3/topic_workspace/install/demo_python_topic/share/demo_python_topic
[1.230s] running install_egg_info
[1.232s] Copying ../../build/demo_python_topic/demo_python_topic.egg-info to /home/shenhang/ros_study/chapter3/topic_workspace/install/demo_python_topic/lib/python3.10/site-packages/demo_python_topic-0.0.0-py3.10.egg-info
[1.234s] running install_scripts
[1.262s] writing list of installed files to '/home/shenhang/ros_study/chapter3/topic_workspace/build/demo_python_topic/install.log'
[1.295s] Invoked command in '/home/shenhang/ros_study/chapter3/topic_workspace/src/demo_python_topic' returned '0': PYTHONPATH=/home/shenhang/ros_study/chapter3/topic_workspace/build/demo_python_topic/prefix_override:/usr/lib/python3/dist-packages/colcon_core/task/python/colcon_distutils_commands:/home/shenhang/ros_study/chapter3/topic_workspace/install/demo_python_topic/lib/python3.10/site-packages:${PYTHONPATH} /usr/bin/python3 -W ignore:setup.py install is deprecated -W ignore:easy_install command is deprecated setup.py egg_info --egg-base ../../build/demo_python_topic build --build-base /home/shenhang/ros_study/chapter3/topic_workspace/build/demo_python_topic/build install --record /home/shenhang/ros_study/chapter3/topic_workspace/build/demo_python_topic/install.log --single-version-externally-managed install_data
