[1.135s] Invoking command in '/home/shenhang/ros_study/chapter3/topic_practice_workspace/src/status_publisher': AMENT_PREFIX_PATH=/home/shenhang/ros_study/chapter3/topic_practice_workspace/install/status_interfaces:${AMENT_PREFIX_PATH} CMAKE_PREFIX_PATH=/home/shenhang/ros_study/chapter3/topic_practice_workspace/install/status_interfaces LD_LIBRARY_PATH=/home/shenhang/ros_study/chapter3/topic_practice_workspace/install/status_interfaces/lib:${LD_LIBRARY_PATH} PYTHONPATH=/home/shenhang/ros_study/chapter3/topic_practice_workspace/build/status_publisher/prefix_override:/usr/lib/python3/dist-packages/colcon_core/task/python/colcon_distutils_commands:/home/shenhang/ros_study/chapter3/topic_practice_workspace/install/status_publisher/lib/python3.10/site-packages:/home/shenhang/ros_study/chapter3/topic_practice_workspace/install/status_interfaces/local/lib/python3.10/dist-packages:${PYTHONPATH} /usr/bin/python3 -W ignore:setup.py install is deprecated -W ignore:easy_install command is deprecated setup.py egg_info --egg-base ../../build/status_publisher build --build-base /home/shenhang/ros_study/chapter3/topic_practice_workspace/build/status_publisher/build install --record /home/shenhang/ros_study/chapter3/topic_practice_workspace/build/status_publisher/install.log --single-version-externally-managed install_data
[1.530s] running egg_info
[1.532s] creating ../../build/status_publisher/status_publisher.egg-info
[1.532s] writing ../../build/status_publisher/status_publisher.egg-info/PKG-INFO
[1.532s] writing dependency_links to ../../build/status_publisher/status_publisher.egg-info/dependency_links.txt
[1.533s] writing entry points to ../../build/status_publisher/status_publisher.egg-info/entry_points.txt
[1.533s] writing requirements to ../../build/status_publisher/status_publisher.egg-info/requires.txt
[1.533s] writing top-level names to ../../build/status_publisher/status_publisher.egg-info/top_level.txt
[1.533s] writing manifest file '../../build/status_publisher/status_publisher.egg-info/SOURCES.txt'
[1.535s] reading manifest file '../../build/status_publisher/status_publisher.egg-info/SOURCES.txt'
[1.535s] adding license file 'LICENSE'
[1.536s] writing manifest file '../../build/status_publisher/status_publisher.egg-info/SOURCES.txt'
[1.537s] running build
[1.537s] running build_py
[1.537s] creating /home/shenhang/ros_study/chapter3/topic_practice_workspace/build/status_publisher/build
[1.537s] creating /home/shenhang/ros_study/chapter3/topic_practice_workspace/build/status_publisher/build/lib
[1.537s] creating /home/shenhang/ros_study/chapter3/topic_practice_workspace/build/status_publisher/build/lib/status_publisher
[1.537s] copying status_publisher/__init__.py -> /home/shenhang/ros_study/chapter3/topic_practice_workspace/build/status_publisher/build/lib/status_publisher
[1.537s] copying status_publisher/sys_status_pub.py -> /home/shenhang/ros_study/chapter3/topic_practice_workspace/build/status_publisher/build/lib/status_publisher
[1.537s] running install
[1.538s] running install_lib
[1.539s] creating /home/shenhang/ros_study/chapter3/topic_practice_workspace/install/status_publisher/lib/python3.10/site-packages/status_publisher
[1.539s] copying /home/shenhang/ros_study/chapter3/topic_practice_workspace/build/status_publisher/build/lib/status_publisher/__init__.py -> /home/shenhang/ros_study/chapter3/topic_practice_workspace/install/status_publisher/lib/python3.10/site-packages/status_publisher
[1.539s] copying /home/shenhang/ros_study/chapter3/topic_practice_workspace/build/status_publisher/build/lib/status_publisher/sys_status_pub.py -> /home/shenhang/ros_study/chapter3/topic_practice_workspace/install/status_publisher/lib/python3.10/site-packages/status_publisher
[1.540s] byte-compiling /home/shenhang/ros_study/chapter3/topic_practice_workspace/install/status_publisher/lib/python3.10/site-packages/status_publisher/__init__.py to __init__.cpython-310.pyc
[1.540s] byte-compiling /home/shenhang/ros_study/chapter3/topic_practice_workspace/install/status_publisher/lib/python3.10/site-packages/status_publisher/sys_status_pub.py to sys_status_pub.cpython-310.pyc
[1.540s] running install_data
[1.541s] creating /home/shenhang/ros_study/chapter3/topic_practice_workspace/install/status_publisher/share/ament_index
[1.541s] creating /home/shenhang/ros_study/chapter3/topic_practice_workspace/install/status_publisher/share/ament_index/resource_index
[1.541s] creating /home/shenhang/ros_study/chapter3/topic_practice_workspace/install/status_publisher/share/ament_index/resource_index/packages
[1.541s] copying resource/status_publisher -> /home/shenhang/ros_study/chapter3/topic_practice_workspace/install/status_publisher/share/ament_index/resource_index/packages
[1.541s] copying package.xml -> /home/shenhang/ros_study/chapter3/topic_practice_workspace/install/status_publisher/share/status_publisher
[1.541s] running install_egg_info
[1.543s] Copying ../../build/status_publisher/status_publisher.egg-info to /home/shenhang/ros_study/chapter3/topic_practice_workspace/install/status_publisher/lib/python3.10/site-packages/status_publisher-0.0.0-py3.10.egg-info
[1.544s] running install_scripts
[1.573s] Installing sys_status_pub_exe script to /home/shenhang/ros_study/chapter3/topic_practice_workspace/install/status_publisher/lib/status_publisher
[1.574s] writing list of installed files to '/home/shenhang/ros_study/chapter3/topic_practice_workspace/build/status_publisher/install.log'
[1.608s] Invoked command in '/home/shenhang/ros_study/chapter3/topic_practice_workspace/src/status_publisher' returned '0': AMENT_PREFIX_PATH=/home/shenhang/ros_study/chapter3/topic_practice_workspace/install/status_interfaces:${AMENT_PREFIX_PATH} CMAKE_PREFIX_PATH=/home/shenhang/ros_study/chapter3/topic_practice_workspace/install/status_interfaces LD_LIBRARY_PATH=/home/shenhang/ros_study/chapter3/topic_practice_workspace/install/status_interfaces/lib:${LD_LIBRARY_PATH} PYTHONPATH=/home/shenhang/ros_study/chapter3/topic_practice_workspace/build/status_publisher/prefix_override:/usr/lib/python3/dist-packages/colcon_core/task/python/colcon_distutils_commands:/home/shenhang/ros_study/chapter3/topic_practice_workspace/install/status_publisher/lib/python3.10/site-packages:/home/shenhang/ros_study/chapter3/topic_practice_workspace/install/status_interfaces/local/lib/python3.10/dist-packages:${PYTHONPATH} /usr/bin/python3 -W ignore:setup.py install is deprecated -W ignore:easy_install command is deprecated setup.py egg_info --egg-base ../../build/status_publisher build --build-base /home/shenhang/ros_study/chapter3/topic_practice_workspace/build/status_publisher/build install --record /home/shenhang/ros_study/chapter3/topic_practice_workspace/build/status_publisher/install.log --single-version-externally-managed install_data
