[0.184s] DEBUG:colcon:Command line arguments: ['/usr/bin/colcon', 'build']
[0.184s] DEBUG:colcon:Parsed command line arguments: Namespace(log_base=None, log_level=None, verb_name='build', build_base='build', install_base='install', merge_install=False, symlink_install=False, test_result_base=None, continue_on_error=False, executor='parallel', parallel_workers=6, event_handlers=None, ignore_user_meta=False, metas=['./colcon.meta'], base_paths=['.'], packages_ignore=None, packages_ignore_regex=None, paths=None, packages_up_to=None, packages_up_to_regex=None, packages_above=None, packages_above_and_dependencies=None, packages_above_depth=None, packages_select_by_dep=None, packages_skip_by_dep=None, packages_skip_up_to=None, packages_select_build_failed=False, packages_skip_build_finished=False, packages_select_test_failures=False, packages_skip_test_passed=False, packages_select=None, packages_skip=None, packages_select_regex=None, packages_skip_regex=None, packages_start=None, packages_end=None, allow_overriding=[], cmake_args=None, cmake_target=None, cmake_target_skip_unavailable=False, cmake_clean_cache=False, cmake_clean_first=False, cmake_force_configure=False, ament_cmake_args=None, catkin_cmake_args=None, catkin_skip_building_tests=False, verb_parser=<colcon_defaults.argument_parser.defaults.DefaultArgumentsDecorator object at 0x7c4ef79333d0>, verb_extension=<colcon_core.verb.build.BuildVerb object at 0x7c4ef7932ec0>, main=<bound method BuildVerb.main of <colcon_core.verb.build.BuildVerb object at 0x7c4ef7932ec0>>)
[0.429s] Level 1:colcon.colcon_core.package_discovery:discover_packages(colcon_meta) check parameters
[0.429s] Level 1:colcon.colcon_core.package_discovery:discover_packages(recursive) check parameters
[0.429s] Level 1:colcon.colcon_core.package_discovery:discover_packages(ignore) check parameters
[0.429s] Level 1:colcon.colcon_core.package_discovery:discover_packages(path) check parameters
[0.429s] Level 1:colcon.colcon_core.package_discovery:discover_packages(colcon_meta) discover
[0.429s] Level 1:colcon.colcon_core.package_discovery:discover_packages(recursive) discover
[0.429s] INFO:colcon.colcon_core.package_discovery:Crawling recursively for packages in '/home/shenhang/ros_study/chapter3/topic_workspace'
[0.429s] Level 1:colcon.colcon_core.package_identification:_identify(.) by extensions ['ignore', 'ignore_ament_install']
[0.429s] Level 1:colcon.colcon_core.package_identification:_identify(.) by extension 'ignore'
[0.429s] Level 1:colcon.colcon_core.package_identification:_identify(.) by extension 'ignore_ament_install'
[0.429s] Level 1:colcon.colcon_core.package_identification:_identify(.) by extensions ['colcon_pkg']
[0.430s] Level 1:colcon.colcon_core.package_identification:_identify(.) by extension 'colcon_pkg'
[0.430s] Level 1:colcon.colcon_core.package_identification:_identify(.) by extensions ['colcon_meta']
[0.430s] Level 1:colcon.colcon_core.package_identification:_identify(.) by extension 'colcon_meta'
[0.430s] Level 1:colcon.colcon_core.package_identification:_identify(.) by extensions ['ros']
[0.430s] Level 1:colcon.colcon_core.package_identification:_identify(.) by extension 'ros'
[0.446s] Level 1:colcon.colcon_core.package_identification:_identify(.) by extensions ['cmake', 'python']
[0.446s] Level 1:colcon.colcon_core.package_identification:_identify(.) by extension 'cmake'
[0.446s] Level 1:colcon.colcon_core.package_identification:_identify(.) by extension 'python'
[0.446s] Level 1:colcon.colcon_core.package_identification:_identify(.) by extensions ['python_setup_py']
[0.446s] Level 1:colcon.colcon_core.package_identification:_identify(.) by extension 'python_setup_py'
[0.446s] Level 1:colcon.colcon_core.package_identification:_identify(build) by extensions ['ignore', 'ignore_ament_install']
[0.446s] Level 1:colcon.colcon_core.package_identification:_identify(build) by extension 'ignore'
[0.446s] Level 1:colcon.colcon_core.package_identification:_identify(build) ignored
[0.447s] Level 1:colcon.colcon_core.package_identification:_identify(install) by extensions ['ignore', 'ignore_ament_install']
[0.447s] Level 1:colcon.colcon_core.package_identification:_identify(install) by extension 'ignore'
[0.447s] Level 1:colcon.colcon_core.package_identification:_identify(install) ignored
[0.447s] Level 1:colcon.colcon_core.package_identification:_identify(log) by extensions ['ignore', 'ignore_ament_install']
[0.447s] Level 1:colcon.colcon_core.package_identification:_identify(log) by extension 'ignore'
[0.447s] Level 1:colcon.colcon_core.package_identification:_identify(log) ignored
[0.447s] Level 1:colcon.colcon_core.package_identification:_identify(src) by extensions ['ignore', 'ignore_ament_install']
[0.447s] Level 1:colcon.colcon_core.package_identification:_identify(src) by extension 'ignore'
[0.447s] Level 1:colcon.colcon_core.package_identification:_identify(src) by extension 'ignore_ament_install'
[0.448s] Level 1:colcon.colcon_core.package_identification:_identify(src) by extensions ['colcon_pkg']
[0.448s] Level 1:colcon.colcon_core.package_identification:_identify(src) by extension 'colcon_pkg'
[0.448s] Level 1:colcon.colcon_core.package_identification:_identify(src) by extensions ['colcon_meta']
[0.448s] Level 1:colcon.colcon_core.package_identification:_identify(src) by extension 'colcon_meta'
[0.448s] Level 1:colcon.colcon_core.package_identification:_identify(src) by extensions ['ros']
[0.448s] Level 1:colcon.colcon_core.package_identification:_identify(src) by extension 'ros'
[0.448s] Level 1:colcon.colcon_core.package_identification:_identify(src) by extensions ['cmake', 'python']
[0.448s] Level 1:colcon.colcon_core.package_identification:_identify(src) by extension 'cmake'
[0.448s] Level 1:colcon.colcon_core.package_identification:_identify(src) by extension 'python'
[0.448s] Level 1:colcon.colcon_core.package_identification:_identify(src) by extensions ['python_setup_py']
[0.448s] Level 1:colcon.colcon_core.package_identification:_identify(src) by extension 'python_setup_py'
[0.449s] Level 1:colcon.colcon_core.package_identification:_identify(src/demo_cpp_topic) by extensions ['ignore', 'ignore_ament_install']
[0.449s] Level 1:colcon.colcon_core.package_identification:_identify(src/demo_cpp_topic) by extension 'ignore'
[0.449s] Level 1:colcon.colcon_core.package_identification:_identify(src/demo_cpp_topic) by extension 'ignore_ament_install'
[0.449s] Level 1:colcon.colcon_core.package_identification:_identify(src/demo_cpp_topic) by extensions ['colcon_pkg']
[0.449s] Level 1:colcon.colcon_core.package_identification:_identify(src/demo_cpp_topic) by extension 'colcon_pkg'
[0.449s] Level 1:colcon.colcon_core.package_identification:_identify(src/demo_cpp_topic) by extensions ['colcon_meta']
[0.449s] Level 1:colcon.colcon_core.package_identification:_identify(src/demo_cpp_topic) by extension 'colcon_meta'
[0.449s] Level 1:colcon.colcon_core.package_identification:_identify(src/demo_cpp_topic) by extensions ['ros']
[0.449s] Level 1:colcon.colcon_core.package_identification:_identify(src/demo_cpp_topic) by extension 'ros'
[0.453s] DEBUG:colcon.colcon_core.package_identification:Package 'src/demo_cpp_topic' with type 'ros.ament_cmake' and name 'demo_cpp_topic'
[0.453s] Level 1:colcon.colcon_core.package_identification:_identify(src/demo_python_topic) by extensions ['ignore', 'ignore_ament_install']
[0.453s] Level 1:colcon.colcon_core.package_identification:_identify(src/demo_python_topic) by extension 'ignore'
[0.453s] Level 1:colcon.colcon_core.package_identification:_identify(src/demo_python_topic) by extension 'ignore_ament_install'
[0.453s] Level 1:colcon.colcon_core.package_identification:_identify(src/demo_python_topic) by extensions ['colcon_pkg']
[0.453s] Level 1:colcon.colcon_core.package_identification:_identify(src/demo_python_topic) by extension 'colcon_pkg'
[0.453s] Level 1:colcon.colcon_core.package_identification:_identify(src/demo_python_topic) by extensions ['colcon_meta']
[0.453s] Level 1:colcon.colcon_core.package_identification:_identify(src/demo_python_topic) by extension 'colcon_meta'
[0.453s] Level 1:colcon.colcon_core.package_identification:_identify(src/demo_python_topic) by extensions ['ros']
[0.453s] Level 1:colcon.colcon_core.package_identification:_identify(src/demo_python_topic) by extension 'ros'
[0.454s] DEBUG:colcon.colcon_core.package_identification:Package 'src/demo_python_topic' with type 'ros.ament_python' and name 'demo_python_topic'
[0.455s] Level 1:colcon.colcon_core.package_discovery:discover_packages(recursive) using defaults
[0.455s] Level 1:colcon.colcon_core.package_discovery:discover_packages(ignore) discover
[0.455s] Level 1:colcon.colcon_core.package_discovery:discover_packages(ignore) using defaults
[0.455s] Level 1:colcon.colcon_core.package_discovery:discover_packages(path) discover
[0.455s] Level 1:colcon.colcon_core.package_discovery:discover_packages(path) using defaults
[0.482s] Level 1:colcon.colcon_core.package_discovery:discover_packages(prefix_path) check parameters
[0.482s] Level 1:colcon.colcon_core.package_discovery:discover_packages(prefix_path) discover
[0.486s] DEBUG:colcon.colcon_installed_package_information.package_discovery:Found 271 installed packages in /opt/ros/humble
[0.490s] Level 1:colcon.colcon_core.package_discovery:discover_packages(prefix_path) using defaults
[0.573s] Level 5:colcon.colcon_core.verb:set package 'demo_cpp_topic' build argument 'cmake_args' from command line to 'None'
[0.573s] Level 5:colcon.colcon_core.verb:set package 'demo_cpp_topic' build argument 'cmake_target' from command line to 'None'
[0.573s] Level 5:colcon.colcon_core.verb:set package 'demo_cpp_topic' build argument 'cmake_target_skip_unavailable' from command line to 'False'
[0.573s] Level 5:colcon.colcon_core.verb:set package 'demo_cpp_topic' build argument 'cmake_clean_cache' from command line to 'False'
[0.573s] Level 5:colcon.colcon_core.verb:set package 'demo_cpp_topic' build argument 'cmake_clean_first' from command line to 'False'
[0.573s] Level 5:colcon.colcon_core.verb:set package 'demo_cpp_topic' build argument 'cmake_force_configure' from command line to 'False'
[0.573s] Level 5:colcon.colcon_core.verb:set package 'demo_cpp_topic' build argument 'ament_cmake_args' from command line to 'None'
[0.573s] Level 5:colcon.colcon_core.verb:set package 'demo_cpp_topic' build argument 'catkin_cmake_args' from command line to 'None'
[0.573s] Level 5:colcon.colcon_core.verb:set package 'demo_cpp_topic' build argument 'catkin_skip_building_tests' from command line to 'False'
[0.573s] DEBUG:colcon.colcon_core.verb:Building package 'demo_cpp_topic' with the following arguments: {'ament_cmake_args': None, 'build_base': '/home/shenhang/ros_study/chapter3/topic_workspace/build/demo_cpp_topic', 'catkin_cmake_args': None, 'catkin_skip_building_tests': False, 'cmake_args': None, 'cmake_clean_cache': False, 'cmake_clean_first': False, 'cmake_force_configure': False, 'cmake_target': None, 'cmake_target_skip_unavailable': False, 'install_base': '/home/shenhang/ros_study/chapter3/topic_workspace/install/demo_cpp_topic', 'merge_install': False, 'path': '/home/shenhang/ros_study/chapter3/topic_workspace/src/demo_cpp_topic', 'symlink_install': False, 'test_result_base': None}
[0.574s] Level 5:colcon.colcon_core.verb:set package 'demo_python_topic' build argument 'cmake_args' from command line to 'None'
[0.574s] Level 5:colcon.colcon_core.verb:set package 'demo_python_topic' build argument 'cmake_target' from command line to 'None'
[0.574s] Level 5:colcon.colcon_core.verb:set package 'demo_python_topic' build argument 'cmake_target_skip_unavailable' from command line to 'False'
[0.574s] Level 5:colcon.colcon_core.verb:set package 'demo_python_topic' build argument 'cmake_clean_cache' from command line to 'False'
[0.574s] Level 5:colcon.colcon_core.verb:set package 'demo_python_topic' build argument 'cmake_clean_first' from command line to 'False'
[0.574s] Level 5:colcon.colcon_core.verb:set package 'demo_python_topic' build argument 'cmake_force_configure' from command line to 'False'
[0.574s] Level 5:colcon.colcon_core.verb:set package 'demo_python_topic' build argument 'ament_cmake_args' from command line to 'None'
[0.574s] Level 5:colcon.colcon_core.verb:set package 'demo_python_topic' build argument 'catkin_cmake_args' from command line to 'None'
[0.574s] Level 5:colcon.colcon_core.verb:set package 'demo_python_topic' build argument 'catkin_skip_building_tests' from command line to 'False'
[0.574s] DEBUG:colcon.colcon_core.verb:Building package 'demo_python_topic' with the following arguments: {'ament_cmake_args': None, 'build_base': '/home/shenhang/ros_study/chapter3/topic_workspace/build/demo_python_topic', 'catkin_cmake_args': None, 'catkin_skip_building_tests': False, 'cmake_args': None, 'cmake_clean_cache': False, 'cmake_clean_first': False, 'cmake_force_configure': False, 'cmake_target': None, 'cmake_target_skip_unavailable': False, 'install_base': '/home/shenhang/ros_study/chapter3/topic_workspace/install/demo_python_topic', 'merge_install': False, 'path': '/home/shenhang/ros_study/chapter3/topic_workspace/src/demo_python_topic', 'symlink_install': False, 'test_result_base': None}
[0.575s] INFO:colcon.colcon_core.executor:Executing jobs using 'parallel' executor
[0.578s] DEBUG:colcon.colcon_parallel_executor.executor.parallel:run_until_complete
[0.579s] INFO:colcon.colcon_ros.task.ament_cmake.build:Building ROS package in '/home/shenhang/ros_study/chapter3/topic_workspace/src/demo_cpp_topic' with build type 'ament_cmake'
[0.579s] INFO:colcon.colcon_cmake.task.cmake.build:Building CMake package in '/home/shenhang/ros_study/chapter3/topic_workspace/src/demo_cpp_topic'
[0.582s] INFO:colcon.colcon_core.plugin_system:Skipping extension 'colcon_core.shell.bat': Not used on non-Windows systems
[0.582s] INFO:colcon.colcon_core.shell:Skip shell extension 'powershell' for command environment: Not usable outside of PowerShell
[0.582s] DEBUG:colcon.colcon_core.shell:Skip shell extension 'dsv' for command environment
[0.587s] INFO:colcon.colcon_ros.task.ament_python.build:Building ROS package in '/home/shenhang/ros_study/chapter3/topic_workspace/src/demo_python_topic' with build type 'ament_python'
[0.587s] Level 1:colcon.colcon_core.shell:create_environment_hook('demo_python_topic', 'ament_prefix_path')
[0.587s] INFO:colcon.colcon_core.shell:Creating environment hook '/home/shenhang/ros_study/chapter3/topic_workspace/install/demo_python_topic/share/demo_python_topic/hook/ament_prefix_path.ps1'
[0.588s] INFO:colcon.colcon_core.shell:Creating environment descriptor '/home/shenhang/ros_study/chapter3/topic_workspace/install/demo_python_topic/share/demo_python_topic/hook/ament_prefix_path.dsv'
[0.589s] INFO:colcon.colcon_core.shell:Creating environment hook '/home/shenhang/ros_study/chapter3/topic_workspace/install/demo_python_topic/share/demo_python_topic/hook/ament_prefix_path.sh'
[0.590s] INFO:colcon.colcon_core.shell:Skip shell extension 'powershell' for command environment: Not usable outside of PowerShell
[0.590s] DEBUG:colcon.colcon_core.shell:Skip shell extension 'dsv' for command environment
[0.623s] DEBUG:colcon.colcon_core.event_handler.log_command:Invoking command in '/home/shenhang/ros_study/chapter3/topic_workspace/build/demo_cpp_topic': CMAKE_PREFIX_PATH=/opt/ros/humble /usr/bin/cmake --build /home/shenhang/ros_study/chapter3/topic_workspace/build/demo_cpp_topic -- -j6 -l6
[1.046s] INFO:colcon.colcon_core.task.python.build:Building Python package in '/home/shenhang/ros_study/chapter3/topic_workspace/src/demo_python_topic'
[1.047s] INFO:colcon.colcon_core.shell:Skip shell extension 'powershell' for command environment: Not usable outside of PowerShell
[1.047s] DEBUG:colcon.colcon_core.shell:Skip shell extension 'dsv' for command environment
[1.573s] DEBUG:colcon.colcon_core.event_handler.log_command:Invoking command in '/home/shenhang/ros_study/chapter3/topic_workspace/src/demo_python_topic': PYTHONPATH=/home/shenhang/ros_study/chapter3/topic_workspace/build/demo_python_topic/prefix_override:/usr/lib/python3/dist-packages/colcon_core/task/python/colcon_distutils_commands:/home/shenhang/ros_study/chapter3/topic_workspace/install/demo_python_topic/lib/python3.10/site-packages:${PYTHONPATH} /usr/bin/python3 -W ignore:setup.py install is deprecated -W ignore:easy_install command is deprecated setup.py egg_info --egg-base ../../build/demo_python_topic build --build-base /home/shenhang/ros_study/chapter3/topic_workspace/build/demo_python_topic/build install --record /home/shenhang/ros_study/chapter3/topic_workspace/build/demo_python_topic/install.log --single-version-externally-managed install_data
[2.018s] DEBUG:colcon.colcon_core.event_handler.log_command:Invoked command in '/home/shenhang/ros_study/chapter3/topic_workspace/src/demo_python_topic' returned '0': PYTHONPATH=/home/shenhang/ros_study/chapter3/topic_workspace/build/demo_python_topic/prefix_override:/usr/lib/python3/dist-packages/colcon_core/task/python/colcon_distutils_commands:/home/shenhang/ros_study/chapter3/topic_workspace/install/demo_python_topic/lib/python3.10/site-packages:${PYTHONPATH} /usr/bin/python3 -W ignore:setup.py install is deprecated -W ignore:easy_install command is deprecated setup.py egg_info --egg-base ../../build/demo_python_topic build --build-base /home/shenhang/ros_study/chapter3/topic_workspace/build/demo_python_topic/build install --record /home/shenhang/ros_study/chapter3/topic_workspace/build/demo_python_topic/install.log --single-version-externally-managed install_data
[2.021s] Level 1:colcon.colcon_core.environment:checking '/home/shenhang/ros_study/chapter3/topic_workspace/install/demo_python_topic' for CMake module files
[2.021s] Level 1:colcon.colcon_core.environment:checking '/home/shenhang/ros_study/chapter3/topic_workspace/install/demo_python_topic' for CMake config files
[2.022s] Level 1:colcon.colcon_core.environment:checking '/home/shenhang/ros_study/chapter3/topic_workspace/install/demo_python_topic/lib'
[2.023s] Level 1:colcon.colcon_core.environment:checking '/home/shenhang/ros_study/chapter3/topic_workspace/install/demo_python_topic/bin'
[2.023s] Level 1:colcon.colcon_core.environment:checking '/home/shenhang/ros_study/chapter3/topic_workspace/install/demo_python_topic/lib/pkgconfig/demo_python_topic.pc'
[2.023s] Level 1:colcon.colcon_core.environment:checking '/home/shenhang/ros_study/chapter3/topic_workspace/install/demo_python_topic/lib/python3.10/site-packages'
[2.023s] Level 1:colcon.colcon_core.shell:create_environment_hook('demo_python_topic', 'pythonpath')
[2.024s] INFO:colcon.colcon_core.shell:Creating environment hook '/home/shenhang/ros_study/chapter3/topic_workspace/install/demo_python_topic/share/demo_python_topic/hook/pythonpath.ps1'
[2.024s] INFO:colcon.colcon_core.shell:Creating environment descriptor '/home/shenhang/ros_study/chapter3/topic_workspace/install/demo_python_topic/share/demo_python_topic/hook/pythonpath.dsv'
[2.025s] INFO:colcon.colcon_core.shell:Creating environment hook '/home/shenhang/ros_study/chapter3/topic_workspace/install/demo_python_topic/share/demo_python_topic/hook/pythonpath.sh'
[2.026s] Level 1:colcon.colcon_core.environment:checking '/home/shenhang/ros_study/chapter3/topic_workspace/install/demo_python_topic/bin'
[2.026s] Level 1:colcon.colcon_core.environment:create_environment_scripts_only(demo_python_topic)
[2.027s] INFO:colcon.colcon_core.shell:Creating package script '/home/shenhang/ros_study/chapter3/topic_workspace/install/demo_python_topic/share/demo_python_topic/package.ps1'
[2.029s] INFO:colcon.colcon_core.shell:Creating package descriptor '/home/shenhang/ros_study/chapter3/topic_workspace/install/demo_python_topic/share/demo_python_topic/package.dsv'
[2.030s] INFO:colcon.colcon_core.shell:Creating package script '/home/shenhang/ros_study/chapter3/topic_workspace/install/demo_python_topic/share/demo_python_topic/package.sh'
[2.032s] INFO:colcon.colcon_core.shell:Creating package script '/home/shenhang/ros_study/chapter3/topic_workspace/install/demo_python_topic/share/demo_python_topic/package.bash'
[2.033s] INFO:colcon.colcon_core.shell:Creating package script '/home/shenhang/ros_study/chapter3/topic_workspace/install/demo_python_topic/share/demo_python_topic/package.zsh'
[2.034s] Level 1:colcon.colcon_core.environment:create_file_with_runtime_dependencies(/home/shenhang/ros_study/chapter3/topic_workspace/install/demo_python_topic/share/colcon-core/packages/demo_python_topic)
[15.240s] DEBUG:colcon.colcon_core.event_handler.log_command:Invoked command in '/home/shenhang/ros_study/chapter3/topic_workspace/build/demo_cpp_topic' returned '0': CMAKE_PREFIX_PATH=/opt/ros/humble /usr/bin/cmake --build /home/shenhang/ros_study/chapter3/topic_workspace/build/demo_cpp_topic -- -j6 -l6
[15.258s] DEBUG:colcon.colcon_core.event_handler.log_command:Invoking command in '/home/shenhang/ros_study/chapter3/topic_workspace/build/demo_cpp_topic': CMAKE_PREFIX_PATH=/opt/ros/humble /usr/bin/cmake --install /home/shenhang/ros_study/chapter3/topic_workspace/build/demo_cpp_topic
[15.293s] Level 1:colcon.colcon_core.environment:create_environment_scripts_only(demo_cpp_topic)
[15.294s] Level 1:colcon.colcon_core.environment:checking '/home/shenhang/ros_study/chapter3/topic_workspace/install/demo_cpp_topic' for CMake module files
[15.295s] DEBUG:colcon.colcon_core.event_handler.log_command:Invoked command in '/home/shenhang/ros_study/chapter3/topic_workspace/build/demo_cpp_topic' returned '0': CMAKE_PREFIX_PATH=/opt/ros/humble /usr/bin/cmake --install /home/shenhang/ros_study/chapter3/topic_workspace/build/demo_cpp_topic
[15.296s] Level 1:colcon.colcon_core.environment:checking '/home/shenhang/ros_study/chapter3/topic_workspace/install/demo_cpp_topic' for CMake config files
[15.296s] Level 1:colcon.colcon_core.shell:create_environment_hook('demo_cpp_topic', 'cmake_prefix_path')
[15.297s] INFO:colcon.colcon_core.shell:Creating environment hook '/home/shenhang/ros_study/chapter3/topic_workspace/install/demo_cpp_topic/share/demo_cpp_topic/hook/cmake_prefix_path.ps1'
[15.298s] INFO:colcon.colcon_core.shell:Creating environment descriptor '/home/shenhang/ros_study/chapter3/topic_workspace/install/demo_cpp_topic/share/demo_cpp_topic/hook/cmake_prefix_path.dsv'
[15.299s] INFO:colcon.colcon_core.shell:Creating environment hook '/home/shenhang/ros_study/chapter3/topic_workspace/install/demo_cpp_topic/share/demo_cpp_topic/hook/cmake_prefix_path.sh'
[15.300s] Level 1:colcon.colcon_core.environment:checking '/home/shenhang/ros_study/chapter3/topic_workspace/install/demo_cpp_topic/lib'
[15.300s] Level 1:colcon.colcon_core.environment:checking '/home/shenhang/ros_study/chapter3/topic_workspace/install/demo_cpp_topic/bin'
[15.300s] Level 1:colcon.colcon_core.environment:checking '/home/shenhang/ros_study/chapter3/topic_workspace/install/demo_cpp_topic/lib/pkgconfig/demo_cpp_topic.pc'
[15.301s] Level 1:colcon.colcon_core.environment:checking '/home/shenhang/ros_study/chapter3/topic_workspace/install/demo_cpp_topic/lib/python3.10/site-packages'
[15.302s] Level 1:colcon.colcon_core.environment:checking '/home/shenhang/ros_study/chapter3/topic_workspace/install/demo_cpp_topic/bin'
[15.303s] INFO:colcon.colcon_core.shell:Creating package script '/home/shenhang/ros_study/chapter3/topic_workspace/install/demo_cpp_topic/share/demo_cpp_topic/package.ps1'
[15.304s] INFO:colcon.colcon_core.shell:Creating package descriptor '/home/shenhang/ros_study/chapter3/topic_workspace/install/demo_cpp_topic/share/demo_cpp_topic/package.dsv'
[15.305s] INFO:colcon.colcon_core.shell:Creating package script '/home/shenhang/ros_study/chapter3/topic_workspace/install/demo_cpp_topic/share/demo_cpp_topic/package.sh'
[15.305s] INFO:colcon.colcon_core.shell:Creating package script '/home/shenhang/ros_study/chapter3/topic_workspace/install/demo_cpp_topic/share/demo_cpp_topic/package.bash'
[15.306s] INFO:colcon.colcon_core.shell:Creating package script '/home/shenhang/ros_study/chapter3/topic_workspace/install/demo_cpp_topic/share/demo_cpp_topic/package.zsh'
[15.306s] Level 1:colcon.colcon_core.environment:create_file_with_runtime_dependencies(/home/shenhang/ros_study/chapter3/topic_workspace/install/demo_cpp_topic/share/colcon-core/packages/demo_cpp_topic)
[15.307s] Level 1:colcon.colcon_core.environment:create_environment_scripts_only(demo_cpp_topic)
[15.308s] Level 1:colcon.colcon_core.environment:checking '/home/shenhang/ros_study/chapter3/topic_workspace/install/demo_cpp_topic' for CMake module files
[15.308s] Level 1:colcon.colcon_core.environment:checking '/home/shenhang/ros_study/chapter3/topic_workspace/install/demo_cpp_topic' for CMake config files
[15.309s] Level 1:colcon.colcon_core.shell:create_environment_hook('demo_cpp_topic', 'cmake_prefix_path')
[15.309s] INFO:colcon.colcon_core.shell:Creating environment hook '/home/shenhang/ros_study/chapter3/topic_workspace/install/demo_cpp_topic/share/demo_cpp_topic/hook/cmake_prefix_path.ps1'
[15.310s] INFO:colcon.colcon_core.shell:Creating environment descriptor '/home/shenhang/ros_study/chapter3/topic_workspace/install/demo_cpp_topic/share/demo_cpp_topic/hook/cmake_prefix_path.dsv'
[15.311s] INFO:colcon.colcon_core.shell:Creating environment hook '/home/shenhang/ros_study/chapter3/topic_workspace/install/demo_cpp_topic/share/demo_cpp_topic/hook/cmake_prefix_path.sh'
[15.312s] Level 1:colcon.colcon_core.environment:checking '/home/shenhang/ros_study/chapter3/topic_workspace/install/demo_cpp_topic/lib'
[15.312s] Level 1:colcon.colcon_core.environment:checking '/home/shenhang/ros_study/chapter3/topic_workspace/install/demo_cpp_topic/bin'
[15.312s] Level 1:colcon.colcon_core.environment:checking '/home/shenhang/ros_study/chapter3/topic_workspace/install/demo_cpp_topic/lib/pkgconfig/demo_cpp_topic.pc'
[15.312s] Level 1:colcon.colcon_core.environment:checking '/home/shenhang/ros_study/chapter3/topic_workspace/install/demo_cpp_topic/lib/python3.10/site-packages'
[15.313s] Level 1:colcon.colcon_core.environment:checking '/home/shenhang/ros_study/chapter3/topic_workspace/install/demo_cpp_topic/bin'
[15.314s] INFO:colcon.colcon_core.shell:Creating package script '/home/shenhang/ros_study/chapter3/topic_workspace/install/demo_cpp_topic/share/demo_cpp_topic/package.ps1'
[15.315s] INFO:colcon.colcon_core.shell:Creating package descriptor '/home/shenhang/ros_study/chapter3/topic_workspace/install/demo_cpp_topic/share/demo_cpp_topic/package.dsv'
[15.318s] INFO:colcon.colcon_core.shell:Creating package script '/home/shenhang/ros_study/chapter3/topic_workspace/install/demo_cpp_topic/share/demo_cpp_topic/package.sh'
[15.321s] INFO:colcon.colcon_core.shell:Creating package script '/home/shenhang/ros_study/chapter3/topic_workspace/install/demo_cpp_topic/share/demo_cpp_topic/package.bash'
[15.323s] INFO:colcon.colcon_core.shell:Creating package script '/home/shenhang/ros_study/chapter3/topic_workspace/install/demo_cpp_topic/share/demo_cpp_topic/package.zsh'
[15.326s] Level 1:colcon.colcon_core.environment:create_file_with_runtime_dependencies(/home/shenhang/ros_study/chapter3/topic_workspace/install/demo_cpp_topic/share/colcon-core/packages/demo_cpp_topic)
[15.328s] DEBUG:colcon.colcon_parallel_executor.executor.parallel:closing loop
[15.329s] DEBUG:colcon.colcon_parallel_executor.executor.parallel:loop closed
[15.329s] DEBUG:colcon.colcon_parallel_executor.executor.parallel:run_until_complete finished with '0'
[15.329s] DEBUG:colcon.colcon_core.event_reactor:joining thread
[15.339s] INFO:colcon.colcon_core.plugin_system:Skipping extension 'colcon_notification.desktop_notification.terminal_notifier': Not used on non-Darwin systems
[15.339s] INFO:colcon.colcon_core.plugin_system:Skipping extension 'colcon_notification.desktop_notification.win32': Not used on non-Windows systems
[15.339s] INFO:colcon.colcon_notification.desktop_notification:Sending desktop notification using 'notify2'
[15.356s] DEBUG:colcon.colcon_core.event_reactor:joined thread
[15.358s] INFO:colcon.colcon_core.shell:Creating prefix script '/home/shenhang/ros_study/chapter3/topic_workspace/install/local_setup.ps1'
[15.359s] INFO:colcon.colcon_core.shell:Creating prefix util module '/home/shenhang/ros_study/chapter3/topic_workspace/install/_local_setup_util_ps1.py'
[15.362s] INFO:colcon.colcon_core.shell:Creating prefix chain script '/home/shenhang/ros_study/chapter3/topic_workspace/install/setup.ps1'
[15.363s] INFO:colcon.colcon_core.shell:Creating prefix script '/home/shenhang/ros_study/chapter3/topic_workspace/install/local_setup.sh'
[15.364s] INFO:colcon.colcon_core.shell:Creating prefix util module '/home/shenhang/ros_study/chapter3/topic_workspace/install/_local_setup_util_sh.py'
[15.365s] INFO:colcon.colcon_core.shell:Creating prefix chain script '/home/shenhang/ros_study/chapter3/topic_workspace/install/setup.sh'
[15.368s] INFO:colcon.colcon_core.shell:Creating prefix script '/home/shenhang/ros_study/chapter3/topic_workspace/install/local_setup.bash'
[15.369s] INFO:colcon.colcon_core.shell:Creating prefix chain script '/home/shenhang/ros_study/chapter3/topic_workspace/install/setup.bash'
[15.371s] INFO:colcon.colcon_core.shell:Creating prefix script '/home/shenhang/ros_study/chapter3/topic_workspace/install/local_setup.zsh'
[15.371s] INFO:colcon.colcon_core.shell:Creating prefix chain script '/home/shenhang/ros_study/chapter3/topic_workspace/install/setup.zsh'
