[0.973s] Invoking command in '/home/shenhang/ros_study/chapter2/chapter2_workspace/src/demo_python_pkg': PYTHONPATH=/home/shenhang/ros_study/chapter2/chapter2_workspace/build/demo_python_pkg/prefix_override:/usr/lib/python3/dist-packages/colcon_core/task/python/colcon_distutils_commands:/home/shenhang/ros_study/chapter2/chapter2_workspace/install/demo_python_pkg/lib/python3.10/site-packages:${PYTHONPATH} /usr/bin/python3 -W ignore:setup.py install is deprecated -W ignore:easy_install command is deprecated setup.py egg_info --egg-base ../../build/demo_python_pkg build --build-base /home/shenhang/ros_study/chapter2/chapter2_workspace/build/demo_python_pkg/build install --record /home/shenhang/ros_study/chapter2/chapter2_workspace/build/demo_python_pkg/install.log --single-version-externally-managed install_data
[1.332s] running egg_info
[1.333s] writing ../../build/demo_python_pkg/demo_python_pkg.egg-info/PKG-INFO
[1.334s] writing dependency_links to ../../build/demo_python_pkg/demo_python_pkg.egg-info/dependency_links.txt
[1.334s] writing entry points to ../../build/demo_python_pkg/demo_python_pkg.egg-info/entry_points.txt
[1.334s] writing requirements to ../../build/demo_python_pkg/demo_python_pkg.egg-info/requires.txt
[1.335s] writing top-level names to ../../build/demo_python_pkg/demo_python_pkg.egg-info/top_level.txt
[1.337s] reading manifest file '../../build/demo_python_pkg/demo_python_pkg.egg-info/SOURCES.txt'
[1.338s] adding license file 'LICENSE'
[1.339s] writing manifest file '../../build/demo_python_pkg/demo_python_pkg.egg-info/SOURCES.txt'
[1.340s] running build
[1.340s] running build_py
[1.340s] running install
[1.341s] running install_lib
[1.342s] running install_data
[1.342s] running install_egg_info
[1.345s] removing '/home/shenhang/ros_study/chapter2/chapter2_workspace/install/demo_python_pkg/lib/python3.10/site-packages/demo_python_pkg-0.0.0-py3.10.egg-info' (and everything under it)
[1.348s] Copying ../../build/demo_python_pkg/demo_python_pkg.egg-info to /home/shenhang/ros_study/chapter2/chapter2_workspace/install/demo_python_pkg/lib/python3.10/site-packages/demo_python_pkg-0.0.0-py3.10.egg-info
[1.348s] running install_scripts
[1.382s] Installing python_node_exe script to /home/shenhang/ros_study/chapter2/chapter2_workspace/install/demo_python_pkg/lib/demo_python_pkg
[1.382s] Installing python_oop_test_exe script to /home/shenhang/ros_study/chapter2/chapter2_workspace/install/demo_python_pkg/lib/demo_python_pkg
[1.382s] writing list of installed files to '/home/shenhang/ros_study/chapter2/chapter2_workspace/build/demo_python_pkg/install.log'
[1.410s] Invoked command in '/home/shenhang/ros_study/chapter2/chapter2_workspace/src/demo_python_pkg' returned '0': PYTHONPATH=/home/shenhang/ros_study/chapter2/chapter2_workspace/build/demo_python_pkg/prefix_override:/usr/lib/python3/dist-packages/colcon_core/task/python/colcon_distutils_commands:/home/shenhang/ros_study/chapter2/chapter2_workspace/install/demo_python_pkg/lib/python3.10/site-packages:${PYTHONPATH} /usr/bin/python3 -W ignore:setup.py install is deprecated -W ignore:easy_install command is deprecated setup.py egg_info --egg-base ../../build/demo_python_pkg build --build-base /home/shenhang/ros_study/chapter2/chapter2_workspace/build/demo_python_pkg/build install --record /home/shenhang/ros_study/chapter2/chapter2_workspace/build/demo_python_pkg/install.log --single-version-externally-managed install_data
