[0.179s] DEBUG:colcon:Command line arguments: ['/usr/bin/colcon', 'build']
[0.179s] DEBUG:colcon:Parsed command line arguments: Namespace(log_base=None, log_level=None, verb_name='build', build_base='build', install_base='install', merge_install=False, symlink_install=False, test_result_base=None, continue_on_error=False, executor='parallel', parallel_workers=6, event_handlers=None, ignore_user_meta=False, metas=['./colcon.meta'], base_paths=['.'], packages_ignore=None, packages_ignore_regex=None, paths=None, packages_up_to=None, packages_up_to_regex=None, packages_above=None, packages_above_and_dependencies=None, packages_above_depth=None, packages_select_by_dep=None, packages_skip_by_dep=None, packages_skip_up_to=None, packages_select_build_failed=False, packages_skip_build_finished=False, packages_select_test_failures=False, packages_skip_test_passed=False, packages_select=None, packages_skip=None, packages_select_regex=None, packages_skip_regex=None, packages_start=None, packages_end=None, allow_overriding=[], cmake_args=None, cmake_target=None, cmake_target_skip_unavailable=False, cmake_clean_cache=False, cmake_clean_first=False, cmake_force_configure=False, ament_cmake_args=None, catkin_cmake_args=None, catkin_skip_building_tests=False, verb_parser=<colcon_defaults.argument_parser.defaults.DefaultArgumentsDecorator object at 0x78222cd23940>, verb_extension=<colcon_core.verb.build.BuildVerb object at 0x78222cd23430>, main=<bound method BuildVerb.main of <colcon_core.verb.build.BuildVerb object at 0x78222cd23430>>)
[0.442s] Level 1:colcon.colcon_core.package_discovery:discover_packages(colcon_meta) check parameters
[0.442s] Level 1:colcon.colcon_core.package_discovery:discover_packages(recursive) check parameters
[0.442s] Level 1:colcon.colcon_core.package_discovery:discover_packages(ignore) check parameters
[0.442s] Level 1:colcon.colcon_core.package_discovery:discover_packages(path) check parameters
[0.442s] Level 1:colcon.colcon_core.package_discovery:discover_packages(colcon_meta) discover
[0.442s] Level 1:colcon.colcon_core.package_discovery:discover_packages(recursive) discover
[0.442s] INFO:colcon.colcon_core.package_discovery:Crawling recursively for packages in '/home/shenhang/ros_study/chapter3/topic_practice_workspace'
[0.442s] Level 1:colcon.colcon_core.package_identification:_identify(.) by extensions ['ignore', 'ignore_ament_install']
[0.443s] Level 1:colcon.colcon_core.package_identification:_identify(.) by extension 'ignore'
[0.443s] Level 1:colcon.colcon_core.package_identification:_identify(.) by extension 'ignore_ament_install'
[0.443s] Level 1:colcon.colcon_core.package_identification:_identify(.) by extensions ['colcon_pkg']
[0.443s] Level 1:colcon.colcon_core.package_identification:_identify(.) by extension 'colcon_pkg'
[0.443s] Level 1:colcon.colcon_core.package_identification:_identify(.) by extensions ['colcon_meta']
[0.443s] Level 1:colcon.colcon_core.package_identification:_identify(.) by extension 'colcon_meta'
[0.443s] Level 1:colcon.colcon_core.package_identification:_identify(.) by extensions ['ros']
[0.443s] Level 1:colcon.colcon_core.package_identification:_identify(.) by extension 'ros'
[0.464s] Level 1:colcon.colcon_core.package_identification:_identify(.) by extensions ['cmake', 'python']
[0.464s] Level 1:colcon.colcon_core.package_identification:_identify(.) by extension 'cmake'
[0.464s] Level 1:colcon.colcon_core.package_identification:_identify(.) by extension 'python'
[0.464s] Level 1:colcon.colcon_core.package_identification:_identify(.) by extensions ['python_setup_py']
[0.464s] Level 1:colcon.colcon_core.package_identification:_identify(.) by extension 'python_setup_py'
[0.464s] Level 1:colcon.colcon_core.package_identification:_identify(build) by extensions ['ignore', 'ignore_ament_install']
[0.464s] Level 1:colcon.colcon_core.package_identification:_identify(build) by extension 'ignore'
[0.464s] Level 1:colcon.colcon_core.package_identification:_identify(build) ignored
[0.464s] Level 1:colcon.colcon_core.package_identification:_identify(install) by extensions ['ignore', 'ignore_ament_install']
[0.464s] Level 1:colcon.colcon_core.package_identification:_identify(install) by extension 'ignore'
[0.465s] Level 1:colcon.colcon_core.package_identification:_identify(install) ignored
[0.465s] Level 1:colcon.colcon_core.package_identification:_identify(log) by extensions ['ignore', 'ignore_ament_install']
[0.465s] Level 1:colcon.colcon_core.package_identification:_identify(log) by extension 'ignore'
[0.465s] Level 1:colcon.colcon_core.package_identification:_identify(log) ignored
[0.465s] Level 1:colcon.colcon_core.package_identification:_identify(src) by extensions ['ignore', 'ignore_ament_install']
[0.465s] Level 1:colcon.colcon_core.package_identification:_identify(src) by extension 'ignore'
[0.465s] Level 1:colcon.colcon_core.package_identification:_identify(src) by extension 'ignore_ament_install'
[0.465s] Level 1:colcon.colcon_core.package_identification:_identify(src) by extensions ['colcon_pkg']
[0.465s] Level 1:colcon.colcon_core.package_identification:_identify(src) by extension 'colcon_pkg'
[0.465s] Level 1:colcon.colcon_core.package_identification:_identify(src) by extensions ['colcon_meta']
[0.465s] Level 1:colcon.colcon_core.package_identification:_identify(src) by extension 'colcon_meta'
[0.465s] Level 1:colcon.colcon_core.package_identification:_identify(src) by extensions ['ros']
[0.466s] Level 1:colcon.colcon_core.package_identification:_identify(src) by extension 'ros'
[0.466s] Level 1:colcon.colcon_core.package_identification:_identify(src) by extensions ['cmake', 'python']
[0.466s] Level 1:colcon.colcon_core.package_identification:_identify(src) by extension 'cmake'
[0.466s] Level 1:colcon.colcon_core.package_identification:_identify(src) by extension 'python'
[0.466s] Level 1:colcon.colcon_core.package_identification:_identify(src) by extensions ['python_setup_py']
[0.466s] Level 1:colcon.colcon_core.package_identification:_identify(src) by extension 'python_setup_py'
[0.466s] Level 1:colcon.colcon_core.package_identification:_identify(src/status_display) by extensions ['ignore', 'ignore_ament_install']
[0.466s] Level 1:colcon.colcon_core.package_identification:_identify(src/status_display) by extension 'ignore'
[0.466s] Level 1:colcon.colcon_core.package_identification:_identify(src/status_display) by extension 'ignore_ament_install'
[0.466s] Level 1:colcon.colcon_core.package_identification:_identify(src/status_display) by extensions ['colcon_pkg']
[0.466s] Level 1:colcon.colcon_core.package_identification:_identify(src/status_display) by extension 'colcon_pkg'
[0.466s] Level 1:colcon.colcon_core.package_identification:_identify(src/status_display) by extensions ['colcon_meta']
[0.466s] Level 1:colcon.colcon_core.package_identification:_identify(src/status_display) by extension 'colcon_meta'
[0.466s] Level 1:colcon.colcon_core.package_identification:_identify(src/status_display) by extensions ['ros']
[0.466s] Level 1:colcon.colcon_core.package_identification:_identify(src/status_display) by extension 'ros'
[0.470s] DEBUG:colcon.colcon_core.package_identification:Package 'src/status_display' with type 'ros.ament_cmake' and name 'status_display'
[0.471s] Level 1:colcon.colcon_core.package_identification:_identify(src/status_interfaces) by extensions ['ignore', 'ignore_ament_install']
[0.471s] Level 1:colcon.colcon_core.package_identification:_identify(src/status_interfaces) by extension 'ignore'
[0.471s] Level 1:colcon.colcon_core.package_identification:_identify(src/status_interfaces) by extension 'ignore_ament_install'
[0.471s] Level 1:colcon.colcon_core.package_identification:_identify(src/status_interfaces) by extensions ['colcon_pkg']
[0.471s] Level 1:colcon.colcon_core.package_identification:_identify(src/status_interfaces) by extension 'colcon_pkg'
[0.471s] Level 1:colcon.colcon_core.package_identification:_identify(src/status_interfaces) by extensions ['colcon_meta']
[0.471s] Level 1:colcon.colcon_core.package_identification:_identify(src/status_interfaces) by extension 'colcon_meta'
[0.471s] Level 1:colcon.colcon_core.package_identification:_identify(src/status_interfaces) by extensions ['ros']
[0.471s] Level 1:colcon.colcon_core.package_identification:_identify(src/status_interfaces) by extension 'ros'
[0.472s] DEBUG:colcon.colcon_core.package_identification:Package 'src/status_interfaces' with type 'ros.ament_cmake' and name 'status_interfaces'
[0.473s] Level 1:colcon.colcon_core.package_identification:_identify(src/status_publisher) by extensions ['ignore', 'ignore_ament_install']
[0.473s] Level 1:colcon.colcon_core.package_identification:_identify(src/status_publisher) by extension 'ignore'
[0.473s] Level 1:colcon.colcon_core.package_identification:_identify(src/status_publisher) by extension 'ignore_ament_install'
[0.473s] Level 1:colcon.colcon_core.package_identification:_identify(src/status_publisher) by extensions ['colcon_pkg']
[0.473s] Level 1:colcon.colcon_core.package_identification:_identify(src/status_publisher) by extension 'colcon_pkg'
[0.473s] Level 1:colcon.colcon_core.package_identification:_identify(src/status_publisher) by extensions ['colcon_meta']
[0.473s] Level 1:colcon.colcon_core.package_identification:_identify(src/status_publisher) by extension 'colcon_meta'
[0.473s] Level 1:colcon.colcon_core.package_identification:_identify(src/status_publisher) by extensions ['ros']
[0.473s] Level 1:colcon.colcon_core.package_identification:_identify(src/status_publisher) by extension 'ros'
[0.474s] DEBUG:colcon.colcon_core.package_identification:Package 'src/status_publisher' with type 'ros.ament_python' and name 'status_publisher'
[0.474s] Level 1:colcon.colcon_core.package_discovery:discover_packages(recursive) using defaults
[0.475s] Level 1:colcon.colcon_core.package_discovery:discover_packages(ignore) discover
[0.475s] Level 1:colcon.colcon_core.package_discovery:discover_packages(ignore) using defaults
[0.475s] Level 1:colcon.colcon_core.package_discovery:discover_packages(path) discover
[0.475s] Level 1:colcon.colcon_core.package_discovery:discover_packages(path) using defaults
[0.510s] Level 1:colcon.colcon_core.package_discovery:discover_packages(prefix_path) check parameters
[0.510s] Level 1:colcon.colcon_core.package_discovery:discover_packages(prefix_path) discover
[0.513s] DEBUG:colcon.colcon_installed_package_information.package_discovery:Found 3 installed packages in /home/shenhang/ros_study/chapter3/topic_practice_workspace/install
[0.516s] DEBUG:colcon.colcon_installed_package_information.package_discovery:Found 271 installed packages in /opt/ros/humble
[0.522s] Level 1:colcon.colcon_core.package_discovery:discover_packages(prefix_path) using defaults
[0.635s] Level 5:colcon.colcon_core.verb:set package 'status_interfaces' build argument 'cmake_args' from command line to 'None'
[0.636s] Level 5:colcon.colcon_core.verb:set package 'status_interfaces' build argument 'cmake_target' from command line to 'None'
[0.636s] Level 5:colcon.colcon_core.verb:set package 'status_interfaces' build argument 'cmake_target_skip_unavailable' from command line to 'False'
[0.636s] Level 5:colcon.colcon_core.verb:set package 'status_interfaces' build argument 'cmake_clean_cache' from command line to 'False'
[0.636s] Level 5:colcon.colcon_core.verb:set package 'status_interfaces' build argument 'cmake_clean_first' from command line to 'False'
[0.636s] Level 5:colcon.colcon_core.verb:set package 'status_interfaces' build argument 'cmake_force_configure' from command line to 'False'
[0.636s] Level 5:colcon.colcon_core.verb:set package 'status_interfaces' build argument 'ament_cmake_args' from command line to 'None'
[0.636s] Level 5:colcon.colcon_core.verb:set package 'status_interfaces' build argument 'catkin_cmake_args' from command line to 'None'
[0.636s] Level 5:colcon.colcon_core.verb:set package 'status_interfaces' build argument 'catkin_skip_building_tests' from command line to 'False'
[0.636s] DEBUG:colcon.colcon_core.verb:Building package 'status_interfaces' with the following arguments: {'ament_cmake_args': None, 'build_base': '/home/shenhang/ros_study/chapter3/topic_practice_workspace/build/status_interfaces', 'catkin_cmake_args': None, 'catkin_skip_building_tests': False, 'cmake_args': None, 'cmake_clean_cache': False, 'cmake_clean_first': False, 'cmake_force_configure': False, 'cmake_target': None, 'cmake_target_skip_unavailable': False, 'install_base': '/home/shenhang/ros_study/chapter3/topic_practice_workspace/install/status_interfaces', 'merge_install': False, 'path': '/home/shenhang/ros_study/chapter3/topic_practice_workspace/src/status_interfaces', 'symlink_install': False, 'test_result_base': None}
[0.637s] Level 5:colcon.colcon_core.verb:set package 'status_display' build argument 'cmake_args' from command line to 'None'
[0.637s] Level 5:colcon.colcon_core.verb:set package 'status_display' build argument 'cmake_target' from command line to 'None'
[0.637s] Level 5:colcon.colcon_core.verb:set package 'status_display' build argument 'cmake_target_skip_unavailable' from command line to 'False'
[0.637s] Level 5:colcon.colcon_core.verb:set package 'status_display' build argument 'cmake_clean_cache' from command line to 'False'
[0.637s] Level 5:colcon.colcon_core.verb:set package 'status_display' build argument 'cmake_clean_first' from command line to 'False'
[0.637s] Level 5:colcon.colcon_core.verb:set package 'status_display' build argument 'cmake_force_configure' from command line to 'False'
[0.637s] Level 5:colcon.colcon_core.verb:set package 'status_display' build argument 'ament_cmake_args' from command line to 'None'
[0.637s] Level 5:colcon.colcon_core.verb:set package 'status_display' build argument 'catkin_cmake_args' from command line to 'None'
[0.637s] Level 5:colcon.colcon_core.verb:set package 'status_display' build argument 'catkin_skip_building_tests' from command line to 'False'
[0.637s] DEBUG:colcon.colcon_core.verb:Building package 'status_display' with the following arguments: {'ament_cmake_args': None, 'build_base': '/home/shenhang/ros_study/chapter3/topic_practice_workspace/build/status_display', 'catkin_cmake_args': None, 'catkin_skip_building_tests': False, 'cmake_args': None, 'cmake_clean_cache': False, 'cmake_clean_first': False, 'cmake_force_configure': False, 'cmake_target': None, 'cmake_target_skip_unavailable': False, 'install_base': '/home/shenhang/ros_study/chapter3/topic_practice_workspace/install/status_display', 'merge_install': False, 'path': '/home/shenhang/ros_study/chapter3/topic_practice_workspace/src/status_display', 'symlink_install': False, 'test_result_base': None}
[0.638s] Level 5:colcon.colcon_core.verb:set package 'status_publisher' build argument 'cmake_args' from command line to 'None'
[0.638s] Level 5:colcon.colcon_core.verb:set package 'status_publisher' build argument 'cmake_target' from command line to 'None'
[0.638s] Level 5:colcon.colcon_core.verb:set package 'status_publisher' build argument 'cmake_target_skip_unavailable' from command line to 'False'
[0.638s] Level 5:colcon.colcon_core.verb:set package 'status_publisher' build argument 'cmake_clean_cache' from command line to 'False'
[0.638s] Level 5:colcon.colcon_core.verb:set package 'status_publisher' build argument 'cmake_clean_first' from command line to 'False'
[0.638s] Level 5:colcon.colcon_core.verb:set package 'status_publisher' build argument 'cmake_force_configure' from command line to 'False'
[0.638s] Level 5:colcon.colcon_core.verb:set package 'status_publisher' build argument 'ament_cmake_args' from command line to 'None'
[0.638s] Level 5:colcon.colcon_core.verb:set package 'status_publisher' build argument 'catkin_cmake_args' from command line to 'None'
[0.638s] Level 5:colcon.colcon_core.verb:set package 'status_publisher' build argument 'catkin_skip_building_tests' from command line to 'False'
[0.638s] DEBUG:colcon.colcon_core.verb:Building package 'status_publisher' with the following arguments: {'ament_cmake_args': None, 'build_base': '/home/shenhang/ros_study/chapter3/topic_practice_workspace/build/status_publisher', 'catkin_cmake_args': None, 'catkin_skip_building_tests': False, 'cmake_args': None, 'cmake_clean_cache': False, 'cmake_clean_first': False, 'cmake_force_configure': False, 'cmake_target': None, 'cmake_target_skip_unavailable': False, 'install_base': '/home/shenhang/ros_study/chapter3/topic_practice_workspace/install/status_publisher', 'merge_install': False, 'path': '/home/shenhang/ros_study/chapter3/topic_practice_workspace/src/status_publisher', 'symlink_install': False, 'test_result_base': None}
[0.638s] INFO:colcon.colcon_core.executor:Executing jobs using 'parallel' executor
[0.640s] DEBUG:colcon.colcon_parallel_executor.executor.parallel:run_until_complete
[0.640s] INFO:colcon.colcon_ros.task.ament_cmake.build:Building ROS package in '/home/shenhang/ros_study/chapter3/topic_practice_workspace/src/status_interfaces' with build type 'ament_cmake'
[0.641s] INFO:colcon.colcon_cmake.task.cmake.build:Building CMake package in '/home/shenhang/ros_study/chapter3/topic_practice_workspace/src/status_interfaces'
[0.643s] INFO:colcon.colcon_core.plugin_system:Skipping extension 'colcon_core.shell.bat': Not used on non-Windows systems
[0.644s] INFO:colcon.colcon_core.shell:Skip shell extension 'powershell' for command environment: Not usable outside of PowerShell
[0.644s] DEBUG:colcon.colcon_core.shell:Skip shell extension 'dsv' for command environment
[0.656s] DEBUG:colcon.colcon_core.event_handler.log_command:Invoking command in '/home/shenhang/ros_study/chapter3/topic_practice_workspace/build/status_interfaces': CMAKE_PREFIX_PATH=${CMAKE_PREFIX_PATH}:/home/shenhang/ros_study/chapter3/topic_practice_workspace/install/status_publisher:/opt/ros/humble /usr/bin/cmake --build /home/shenhang/ros_study/chapter3/topic_practice_workspace/build/status_interfaces -- -j6 -l6
[1.373s] DEBUG:colcon.colcon_core.event_handler.log_command:Invoked command in '/home/shenhang/ros_study/chapter3/topic_practice_workspace/build/status_interfaces' returned '0': CMAKE_PREFIX_PATH=${CMAKE_PREFIX_PATH}:/home/shenhang/ros_study/chapter3/topic_practice_workspace/install/status_publisher:/opt/ros/humble /usr/bin/cmake --build /home/shenhang/ros_study/chapter3/topic_practice_workspace/build/status_interfaces -- -j6 -l6
[1.395s] DEBUG:colcon.colcon_core.event_handler.log_command:Invoking command in '/home/shenhang/ros_study/chapter3/topic_practice_workspace/build/status_interfaces': CMAKE_PREFIX_PATH=${CMAKE_PREFIX_PATH}:/home/shenhang/ros_study/chapter3/topic_practice_workspace/install/status_publisher:/opt/ros/humble /usr/bin/cmake --install /home/shenhang/ros_study/chapter3/topic_practice_workspace/build/status_interfaces
[1.478s] Level 1:colcon.colcon_core.environment:create_environment_scripts_only(status_interfaces)
[1.481s] DEBUG:colcon.colcon_core.event_handler.log_command:Invoked command in '/home/shenhang/ros_study/chapter3/topic_practice_workspace/build/status_interfaces' returned '0': CMAKE_PREFIX_PATH=${CMAKE_PREFIX_PATH}:/home/shenhang/ros_study/chapter3/topic_practice_workspace/install/status_publisher:/opt/ros/humble /usr/bin/cmake --install /home/shenhang/ros_study/chapter3/topic_practice_workspace/build/status_interfaces
[1.483s] Level 1:colcon.colcon_core.environment:checking '/home/shenhang/ros_study/chapter3/topic_practice_workspace/install/status_interfaces' for CMake module files
[1.484s] Level 1:colcon.colcon_core.environment:checking '/home/shenhang/ros_study/chapter3/topic_practice_workspace/install/status_interfaces' for CMake config files
[1.485s] Level 1:colcon.colcon_core.shell:create_environment_hook('status_interfaces', 'cmake_prefix_path')
[1.486s] INFO:colcon.colcon_core.shell:Creating environment hook '/home/shenhang/ros_study/chapter3/topic_practice_workspace/install/status_interfaces/share/status_interfaces/hook/cmake_prefix_path.ps1'
[1.487s] INFO:colcon.colcon_core.shell:Creating environment descriptor '/home/shenhang/ros_study/chapter3/topic_practice_workspace/install/status_interfaces/share/status_interfaces/hook/cmake_prefix_path.dsv'
[1.489s] INFO:colcon.colcon_core.shell:Creating environment hook '/home/shenhang/ros_study/chapter3/topic_practice_workspace/install/status_interfaces/share/status_interfaces/hook/cmake_prefix_path.sh'
[1.491s] Level 1:colcon.colcon_core.environment:checking '/home/shenhang/ros_study/chapter3/topic_practice_workspace/install/status_interfaces/lib'
[1.491s] Level 1:colcon.colcon_core.shell:create_environment_hook('status_interfaces', 'ld_library_path_lib')
[1.491s] INFO:colcon.colcon_core.shell:Creating environment hook '/home/shenhang/ros_study/chapter3/topic_practice_workspace/install/status_interfaces/share/status_interfaces/hook/ld_library_path_lib.ps1'
[1.492s] INFO:colcon.colcon_core.shell:Creating environment descriptor '/home/shenhang/ros_study/chapter3/topic_practice_workspace/install/status_interfaces/share/status_interfaces/hook/ld_library_path_lib.dsv'
[1.492s] INFO:colcon.colcon_core.shell:Creating environment hook '/home/shenhang/ros_study/chapter3/topic_practice_workspace/install/status_interfaces/share/status_interfaces/hook/ld_library_path_lib.sh'
[1.493s] Level 1:colcon.colcon_core.environment:checking '/home/shenhang/ros_study/chapter3/topic_practice_workspace/install/status_interfaces/bin'
[1.493s] Level 1:colcon.colcon_core.environment:checking '/home/shenhang/ros_study/chapter3/topic_practice_workspace/install/status_interfaces/lib/pkgconfig/status_interfaces.pc'
[1.493s] Level 1:colcon.colcon_core.environment:checking '/home/shenhang/ros_study/chapter3/topic_practice_workspace/install/status_interfaces/lib/python3.10/site-packages'
[1.494s] Level 1:colcon.colcon_core.environment:checking '/home/shenhang/ros_study/chapter3/topic_practice_workspace/install/status_interfaces/bin'
[1.494s] INFO:colcon.colcon_core.shell:Creating package script '/home/shenhang/ros_study/chapter3/topic_practice_workspace/install/status_interfaces/share/status_interfaces/package.ps1'
[1.496s] INFO:colcon.colcon_core.shell:Creating package descriptor '/home/shenhang/ros_study/chapter3/topic_practice_workspace/install/status_interfaces/share/status_interfaces/package.dsv'
[1.497s] INFO:colcon.colcon_core.shell:Creating package script '/home/shenhang/ros_study/chapter3/topic_practice_workspace/install/status_interfaces/share/status_interfaces/package.sh'
[1.498s] INFO:colcon.colcon_core.shell:Creating package script '/home/shenhang/ros_study/chapter3/topic_practice_workspace/install/status_interfaces/share/status_interfaces/package.bash'
[1.500s] INFO:colcon.colcon_core.shell:Creating package script '/home/shenhang/ros_study/chapter3/topic_practice_workspace/install/status_interfaces/share/status_interfaces/package.zsh'
[1.502s] Level 1:colcon.colcon_core.environment:create_file_with_runtime_dependencies(/home/shenhang/ros_study/chapter3/topic_practice_workspace/install/status_interfaces/share/colcon-core/packages/status_interfaces)
[1.503s] Level 1:colcon.colcon_core.environment:create_environment_scripts_only(status_interfaces)
[1.503s] Level 1:colcon.colcon_core.environment:checking '/home/shenhang/ros_study/chapter3/topic_practice_workspace/install/status_interfaces' for CMake module files
[1.504s] Level 1:colcon.colcon_core.environment:checking '/home/shenhang/ros_study/chapter3/topic_practice_workspace/install/status_interfaces' for CMake config files
[1.505s] Level 1:colcon.colcon_core.shell:create_environment_hook('status_interfaces', 'cmake_prefix_path')
[1.505s] INFO:colcon.colcon_core.shell:Creating environment hook '/home/shenhang/ros_study/chapter3/topic_practice_workspace/install/status_interfaces/share/status_interfaces/hook/cmake_prefix_path.ps1'
[1.506s] INFO:colcon.colcon_core.shell:Creating environment descriptor '/home/shenhang/ros_study/chapter3/topic_practice_workspace/install/status_interfaces/share/status_interfaces/hook/cmake_prefix_path.dsv'
[1.507s] INFO:colcon.colcon_core.shell:Creating environment hook '/home/shenhang/ros_study/chapter3/topic_practice_workspace/install/status_interfaces/share/status_interfaces/hook/cmake_prefix_path.sh'
[1.507s] Level 1:colcon.colcon_core.environment:checking '/home/shenhang/ros_study/chapter3/topic_practice_workspace/install/status_interfaces/lib'
[1.507s] Level 1:colcon.colcon_core.shell:create_environment_hook('status_interfaces', 'ld_library_path_lib')
[1.508s] INFO:colcon.colcon_core.shell:Creating environment hook '/home/shenhang/ros_study/chapter3/topic_practice_workspace/install/status_interfaces/share/status_interfaces/hook/ld_library_path_lib.ps1'
[1.508s] INFO:colcon.colcon_core.shell:Creating environment descriptor '/home/shenhang/ros_study/chapter3/topic_practice_workspace/install/status_interfaces/share/status_interfaces/hook/ld_library_path_lib.dsv'
[1.509s] INFO:colcon.colcon_core.shell:Creating environment hook '/home/shenhang/ros_study/chapter3/topic_practice_workspace/install/status_interfaces/share/status_interfaces/hook/ld_library_path_lib.sh'
[1.510s] Level 1:colcon.colcon_core.environment:checking '/home/shenhang/ros_study/chapter3/topic_practice_workspace/install/status_interfaces/bin'
[1.510s] Level 1:colcon.colcon_core.environment:checking '/home/shenhang/ros_study/chapter3/topic_practice_workspace/install/status_interfaces/lib/pkgconfig/status_interfaces.pc'
[1.510s] Level 1:colcon.colcon_core.environment:checking '/home/shenhang/ros_study/chapter3/topic_practice_workspace/install/status_interfaces/lib/python3.10/site-packages'
[1.511s] Level 1:colcon.colcon_core.environment:checking '/home/shenhang/ros_study/chapter3/topic_practice_workspace/install/status_interfaces/bin'
[1.511s] INFO:colcon.colcon_core.shell:Creating package script '/home/shenhang/ros_study/chapter3/topic_practice_workspace/install/status_interfaces/share/status_interfaces/package.ps1'
[1.512s] INFO:colcon.colcon_core.shell:Creating package descriptor '/home/shenhang/ros_study/chapter3/topic_practice_workspace/install/status_interfaces/share/status_interfaces/package.dsv'
[1.513s] INFO:colcon.colcon_core.shell:Creating package script '/home/shenhang/ros_study/chapter3/topic_practice_workspace/install/status_interfaces/share/status_interfaces/package.sh'
[1.513s] INFO:colcon.colcon_core.shell:Creating package script '/home/shenhang/ros_study/chapter3/topic_practice_workspace/install/status_interfaces/share/status_interfaces/package.bash'
[1.514s] INFO:colcon.colcon_core.shell:Creating package script '/home/shenhang/ros_study/chapter3/topic_practice_workspace/install/status_interfaces/share/status_interfaces/package.zsh'
[1.514s] Level 1:colcon.colcon_core.environment:create_file_with_runtime_dependencies(/home/shenhang/ros_study/chapter3/topic_practice_workspace/install/status_interfaces/share/colcon-core/packages/status_interfaces)
[1.515s] INFO:colcon.colcon_ros.task.ament_cmake.build:Building ROS package in '/home/shenhang/ros_study/chapter3/topic_practice_workspace/src/status_display' with build type 'ament_cmake'
[1.515s] INFO:colcon.colcon_cmake.task.cmake.build:Building CMake package in '/home/shenhang/ros_study/chapter3/topic_practice_workspace/src/status_display'
[1.515s] INFO:colcon.colcon_core.shell:Skip shell extension 'powershell' for command environment: Not usable outside of PowerShell
[1.515s] DEBUG:colcon.colcon_core.shell:Skip shell extension 'dsv' for command environment
[1.523s] INFO:colcon.colcon_ros.task.ament_python.build:Building ROS package in '/home/shenhang/ros_study/chapter3/topic_practice_workspace/src/status_publisher' with build type 'ament_python'
[1.523s] Level 1:colcon.colcon_core.shell:create_environment_hook('status_publisher', 'ament_prefix_path')
[1.524s] INFO:colcon.colcon_core.shell:Creating environment hook '/home/shenhang/ros_study/chapter3/topic_practice_workspace/install/status_publisher/share/status_publisher/hook/ament_prefix_path.ps1'
[1.525s] INFO:colcon.colcon_core.shell:Creating environment descriptor '/home/shenhang/ros_study/chapter3/topic_practice_workspace/install/status_publisher/share/status_publisher/hook/ament_prefix_path.dsv'
[1.526s] INFO:colcon.colcon_core.shell:Creating environment hook '/home/shenhang/ros_study/chapter3/topic_practice_workspace/install/status_publisher/share/status_publisher/hook/ament_prefix_path.sh'
[1.527s] INFO:colcon.colcon_core.shell:Skip shell extension 'powershell' for command environment: Not usable outside of PowerShell
[1.527s] DEBUG:colcon.colcon_core.shell:Skip shell extension 'dsv' for command environment
[1.550s] DEBUG:colcon.colcon_core.event_handler.log_command:Invoking command in '/home/shenhang/ros_study/chapter3/topic_practice_workspace/build/status_display': CMAKE_PREFIX_PATH=/home/shenhang/ros_study/chapter3/topic_practice_workspace/install/status_interfaces:/home/shenhang/ros_study/chapter3/topic_practice_workspace/install/status_display:/home/shenhang/ros_study/chapter3/topic_practice_workspace/install/status_publisher:/opt/ros/humble /usr/bin/cmake --build /home/shenhang/ros_study/chapter3/topic_practice_workspace/build/status_display -- -j6 -l6
[2.116s] INFO:colcon.colcon_core.task.python.build:Building Python package in '/home/shenhang/ros_study/chapter3/topic_practice_workspace/src/status_publisher'
[2.116s] INFO:colcon.colcon_core.shell:Skip shell extension 'powershell' for command environment: Not usable outside of PowerShell
[2.116s] DEBUG:colcon.colcon_core.shell:Skip shell extension 'dsv' for command environment
[2.760s] DEBUG:colcon.colcon_core.event_handler.log_command:Invoking command in '/home/shenhang/ros_study/chapter3/topic_practice_workspace/src/status_publisher': CMAKE_PREFIX_PATH=/home/shenhang/ros_study/chapter3/topic_practice_workspace/install/status_interfaces:/home/shenhang/ros_study/chapter3/topic_practice_workspace/install/status_display PYTHONPATH=/home/shenhang/ros_study/chapter3/topic_practice_workspace/build/status_publisher/prefix_override:/usr/lib/python3/dist-packages/colcon_core/task/python/colcon_distutils_commands:/home/shenhang/ros_study/chapter3/topic_practice_workspace/install/status_publisher/lib/python3.10/site-packages:${PYTHONPATH} /usr/bin/python3 -W ignore:setup.py install is deprecated -W ignore:easy_install command is deprecated setup.py egg_info --egg-base ../../build/status_publisher build --build-base /home/shenhang/ros_study/chapter3/topic_practice_workspace/build/status_publisher/build install --record /home/shenhang/ros_study/chapter3/topic_practice_workspace/build/status_publisher/install.log --single-version-externally-managed install_data
[3.266s] Level 1:colcon.colcon_core.environment:checking '/home/shenhang/ros_study/chapter3/topic_practice_workspace/install/status_publisher' for CMake module files
[3.267s] DEBUG:colcon.colcon_core.event_handler.log_command:Invoked command in '/home/shenhang/ros_study/chapter3/topic_practice_workspace/src/status_publisher' returned '0': CMAKE_PREFIX_PATH=/home/shenhang/ros_study/chapter3/topic_practice_workspace/install/status_interfaces:/home/shenhang/ros_study/chapter3/topic_practice_workspace/install/status_display PYTHONPATH=/home/shenhang/ros_study/chapter3/topic_practice_workspace/build/status_publisher/prefix_override:/usr/lib/python3/dist-packages/colcon_core/task/python/colcon_distutils_commands:/home/shenhang/ros_study/chapter3/topic_practice_workspace/install/status_publisher/lib/python3.10/site-packages:${PYTHONPATH} /usr/bin/python3 -W ignore:setup.py install is deprecated -W ignore:easy_install command is deprecated setup.py egg_info --egg-base ../../build/status_publisher build --build-base /home/shenhang/ros_study/chapter3/topic_practice_workspace/build/status_publisher/build install --record /home/shenhang/ros_study/chapter3/topic_practice_workspace/build/status_publisher/install.log --single-version-externally-managed install_data
[3.267s] Level 1:colcon.colcon_core.environment:checking '/home/shenhang/ros_study/chapter3/topic_practice_workspace/install/status_publisher' for CMake config files
[3.268s] Level 1:colcon.colcon_core.environment:checking '/home/shenhang/ros_study/chapter3/topic_practice_workspace/install/status_publisher/lib'
[3.268s] Level 1:colcon.colcon_core.environment:checking '/home/shenhang/ros_study/chapter3/topic_practice_workspace/install/status_publisher/bin'
[3.268s] Level 1:colcon.colcon_core.environment:checking '/home/shenhang/ros_study/chapter3/topic_practice_workspace/install/status_publisher/lib/pkgconfig/status_publisher.pc'
[3.269s] Level 1:colcon.colcon_core.environment:checking '/home/shenhang/ros_study/chapter3/topic_practice_workspace/install/status_publisher/lib/python3.10/site-packages'
[3.269s] Level 1:colcon.colcon_core.shell:create_environment_hook('status_publisher', 'pythonpath')
[3.269s] INFO:colcon.colcon_core.shell:Creating environment hook '/home/shenhang/ros_study/chapter3/topic_practice_workspace/install/status_publisher/share/status_publisher/hook/pythonpath.ps1'
[3.270s] INFO:colcon.colcon_core.shell:Creating environment descriptor '/home/shenhang/ros_study/chapter3/topic_practice_workspace/install/status_publisher/share/status_publisher/hook/pythonpath.dsv'
[3.271s] INFO:colcon.colcon_core.shell:Creating environment hook '/home/shenhang/ros_study/chapter3/topic_practice_workspace/install/status_publisher/share/status_publisher/hook/pythonpath.sh'
[3.272s] Level 1:colcon.colcon_core.environment:checking '/home/shenhang/ros_study/chapter3/topic_practice_workspace/install/status_publisher/bin'
[3.272s] Level 1:colcon.colcon_core.environment:create_environment_scripts_only(status_publisher)
[3.273s] INFO:colcon.colcon_core.shell:Creating package script '/home/shenhang/ros_study/chapter3/topic_practice_workspace/install/status_publisher/share/status_publisher/package.ps1'
[3.274s] INFO:colcon.colcon_core.shell:Creating package descriptor '/home/shenhang/ros_study/chapter3/topic_practice_workspace/install/status_publisher/share/status_publisher/package.dsv'
[3.275s] INFO:colcon.colcon_core.shell:Creating package script '/home/shenhang/ros_study/chapter3/topic_practice_workspace/install/status_publisher/share/status_publisher/package.sh'
[3.276s] INFO:colcon.colcon_core.shell:Creating package script '/home/shenhang/ros_study/chapter3/topic_practice_workspace/install/status_publisher/share/status_publisher/package.bash'
[3.276s] INFO:colcon.colcon_core.shell:Creating package script '/home/shenhang/ros_study/chapter3/topic_practice_workspace/install/status_publisher/share/status_publisher/package.zsh'
[3.277s] Level 1:colcon.colcon_core.environment:create_file_with_runtime_dependencies(/home/shenhang/ros_study/chapter3/topic_practice_workspace/install/status_publisher/share/colcon-core/packages/status_publisher)
[17.579s] DEBUG:colcon.colcon_core.event_handler.log_command:Invoked command in '/home/shenhang/ros_study/chapter3/topic_practice_workspace/build/status_display' returned '0': CMAKE_PREFIX_PATH=/home/shenhang/ros_study/chapter3/topic_practice_workspace/install/status_interfaces:/home/shenhang/ros_study/chapter3/topic_practice_workspace/install/status_display:/home/shenhang/ros_study/chapter3/topic_practice_workspace/install/status_publisher:/opt/ros/humble /usr/bin/cmake --build /home/shenhang/ros_study/chapter3/topic_practice_workspace/build/status_display -- -j6 -l6
[17.580s] DEBUG:colcon.colcon_core.event_handler.log_command:Invoking command in '/home/shenhang/ros_study/chapter3/topic_practice_workspace/build/status_display': CMAKE_PREFIX_PATH=/home/shenhang/ros_study/chapter3/topic_practice_workspace/install/status_interfaces:/home/shenhang/ros_study/chapter3/topic_practice_workspace/install/status_display:/home/shenhang/ros_study/chapter3/topic_practice_workspace/install/status_publisher:/opt/ros/humble /usr/bin/cmake --install /home/shenhang/ros_study/chapter3/topic_practice_workspace/build/status_display
[17.598s] Level 1:colcon.colcon_core.environment:create_environment_scripts_only(status_display)
[17.599s] Level 1:colcon.colcon_core.environment:checking '/home/shenhang/ros_study/chapter3/topic_practice_workspace/install/status_display' for CMake module files
[17.599s] DEBUG:colcon.colcon_core.event_handler.log_command:Invoked command in '/home/shenhang/ros_study/chapter3/topic_practice_workspace/build/status_display' returned '0': CMAKE_PREFIX_PATH=/home/shenhang/ros_study/chapter3/topic_practice_workspace/install/status_interfaces:/home/shenhang/ros_study/chapter3/topic_practice_workspace/install/status_display:/home/shenhang/ros_study/chapter3/topic_practice_workspace/install/status_publisher:/opt/ros/humble /usr/bin/cmake --install /home/shenhang/ros_study/chapter3/topic_practice_workspace/build/status_display
[17.600s] Level 1:colcon.colcon_core.environment:checking '/home/shenhang/ros_study/chapter3/topic_practice_workspace/install/status_display' for CMake config files
[17.600s] Level 1:colcon.colcon_core.shell:create_environment_hook('status_display', 'cmake_prefix_path')
[17.600s] INFO:colcon.colcon_core.shell:Creating environment hook '/home/shenhang/ros_study/chapter3/topic_practice_workspace/install/status_display/share/status_display/hook/cmake_prefix_path.ps1'
[17.601s] INFO:colcon.colcon_core.shell:Creating environment descriptor '/home/shenhang/ros_study/chapter3/topic_practice_workspace/install/status_display/share/status_display/hook/cmake_prefix_path.dsv'
[17.601s] INFO:colcon.colcon_core.shell:Creating environment hook '/home/shenhang/ros_study/chapter3/topic_practice_workspace/install/status_display/share/status_display/hook/cmake_prefix_path.sh'
[17.602s] Level 1:colcon.colcon_core.environment:checking '/home/shenhang/ros_study/chapter3/topic_practice_workspace/install/status_display/lib'
[17.602s] Level 1:colcon.colcon_core.environment:checking '/home/shenhang/ros_study/chapter3/topic_practice_workspace/install/status_display/bin'
[17.602s] Level 1:colcon.colcon_core.environment:checking '/home/shenhang/ros_study/chapter3/topic_practice_workspace/install/status_display/lib/pkgconfig/status_display.pc'
[17.603s] Level 1:colcon.colcon_core.environment:checking '/home/shenhang/ros_study/chapter3/topic_practice_workspace/install/status_display/lib/python3.10/site-packages'
[17.603s] Level 1:colcon.colcon_core.environment:checking '/home/shenhang/ros_study/chapter3/topic_practice_workspace/install/status_display/bin'
[17.604s] INFO:colcon.colcon_core.shell:Creating package script '/home/shenhang/ros_study/chapter3/topic_practice_workspace/install/status_display/share/status_display/package.ps1'
[17.604s] INFO:colcon.colcon_core.shell:Creating package descriptor '/home/shenhang/ros_study/chapter3/topic_practice_workspace/install/status_display/share/status_display/package.dsv'
[17.605s] INFO:colcon.colcon_core.shell:Creating package script '/home/shenhang/ros_study/chapter3/topic_practice_workspace/install/status_display/share/status_display/package.sh'
[17.605s] INFO:colcon.colcon_core.shell:Creating package script '/home/shenhang/ros_study/chapter3/topic_practice_workspace/install/status_display/share/status_display/package.bash'
[17.606s] INFO:colcon.colcon_core.shell:Creating package script '/home/shenhang/ros_study/chapter3/topic_practice_workspace/install/status_display/share/status_display/package.zsh'
[17.606s] Level 1:colcon.colcon_core.environment:create_file_with_runtime_dependencies(/home/shenhang/ros_study/chapter3/topic_practice_workspace/install/status_display/share/colcon-core/packages/status_display)
[17.607s] Level 1:colcon.colcon_core.environment:create_environment_scripts_only(status_display)
[17.608s] Level 1:colcon.colcon_core.environment:checking '/home/shenhang/ros_study/chapter3/topic_practice_workspace/install/status_display' for CMake module files
[17.608s] Level 1:colcon.colcon_core.environment:checking '/home/shenhang/ros_study/chapter3/topic_practice_workspace/install/status_display' for CMake config files
[17.609s] Level 1:colcon.colcon_core.shell:create_environment_hook('status_display', 'cmake_prefix_path')
[17.609s] INFO:colcon.colcon_core.shell:Creating environment hook '/home/shenhang/ros_study/chapter3/topic_practice_workspace/install/status_display/share/status_display/hook/cmake_prefix_path.ps1'
[17.610s] INFO:colcon.colcon_core.shell:Creating environment descriptor '/home/shenhang/ros_study/chapter3/topic_practice_workspace/install/status_display/share/status_display/hook/cmake_prefix_path.dsv'
[17.610s] INFO:colcon.colcon_core.shell:Creating environment hook '/home/shenhang/ros_study/chapter3/topic_practice_workspace/install/status_display/share/status_display/hook/cmake_prefix_path.sh'
[17.611s] Level 1:colcon.colcon_core.environment:checking '/home/shenhang/ros_study/chapter3/topic_practice_workspace/install/status_display/lib'
[17.611s] Level 1:colcon.colcon_core.environment:checking '/home/shenhang/ros_study/chapter3/topic_practice_workspace/install/status_display/bin'
[17.611s] Level 1:colcon.colcon_core.environment:checking '/home/shenhang/ros_study/chapter3/topic_practice_workspace/install/status_display/lib/pkgconfig/status_display.pc'
[17.611s] Level 1:colcon.colcon_core.environment:checking '/home/shenhang/ros_study/chapter3/topic_practice_workspace/install/status_display/lib/python3.10/site-packages'
[17.612s] Level 1:colcon.colcon_core.environment:checking '/home/shenhang/ros_study/chapter3/topic_practice_workspace/install/status_display/bin'
[17.613s] INFO:colcon.colcon_core.shell:Creating package script '/home/shenhang/ros_study/chapter3/topic_practice_workspace/install/status_display/share/status_display/package.ps1'
[17.613s] INFO:colcon.colcon_core.shell:Creating package descriptor '/home/shenhang/ros_study/chapter3/topic_practice_workspace/install/status_display/share/status_display/package.dsv'
[17.614s] INFO:colcon.colcon_core.shell:Creating package script '/home/shenhang/ros_study/chapter3/topic_practice_workspace/install/status_display/share/status_display/package.sh'
[17.614s] INFO:colcon.colcon_core.shell:Creating package script '/home/shenhang/ros_study/chapter3/topic_practice_workspace/install/status_display/share/status_display/package.bash'
[17.615s] INFO:colcon.colcon_core.shell:Creating package script '/home/shenhang/ros_study/chapter3/topic_practice_workspace/install/status_display/share/status_display/package.zsh'
[17.615s] Level 1:colcon.colcon_core.environment:create_file_with_runtime_dependencies(/home/shenhang/ros_study/chapter3/topic_practice_workspace/install/status_display/share/colcon-core/packages/status_display)
[17.616s] DEBUG:colcon.colcon_parallel_executor.executor.parallel:closing loop
[17.616s] DEBUG:colcon.colcon_parallel_executor.executor.parallel:loop closed
[17.616s] DEBUG:colcon.colcon_parallel_executor.executor.parallel:run_until_complete finished with '0'
[17.616s] DEBUG:colcon.colcon_core.event_reactor:joining thread
[17.624s] INFO:colcon.colcon_core.plugin_system:Skipping extension 'colcon_notification.desktop_notification.terminal_notifier': Not used on non-Darwin systems
[17.624s] INFO:colcon.colcon_core.plugin_system:Skipping extension 'colcon_notification.desktop_notification.win32': Not used on non-Windows systems
[17.624s] INFO:colcon.colcon_notification.desktop_notification:Sending desktop notification using 'notify2'
[17.649s] DEBUG:colcon.colcon_core.event_reactor:joined thread
[17.650s] INFO:colcon.colcon_core.shell:Creating prefix script '/home/shenhang/ros_study/chapter3/topic_practice_workspace/install/local_setup.ps1'
[17.652s] INFO:colcon.colcon_core.shell:Creating prefix util module '/home/shenhang/ros_study/chapter3/topic_practice_workspace/install/_local_setup_util_ps1.py'
[17.654s] INFO:colcon.colcon_core.shell:Creating prefix chain script '/home/shenhang/ros_study/chapter3/topic_practice_workspace/install/setup.ps1'
[17.658s] INFO:colcon.colcon_core.shell:Creating prefix script '/home/shenhang/ros_study/chapter3/topic_practice_workspace/install/local_setup.sh'
[17.658s] INFO:colcon.colcon_core.shell:Creating prefix util module '/home/shenhang/ros_study/chapter3/topic_practice_workspace/install/_local_setup_util_sh.py'
[17.659s] INFO:colcon.colcon_core.shell:Creating prefix chain script '/home/shenhang/ros_study/chapter3/topic_practice_workspace/install/setup.sh'
[17.662s] INFO:colcon.colcon_core.shell:Creating prefix script '/home/shenhang/ros_study/chapter3/topic_practice_workspace/install/local_setup.bash'
[17.663s] INFO:colcon.colcon_core.shell:Creating prefix chain script '/home/shenhang/ros_study/chapter3/topic_practice_workspace/install/setup.bash'
[17.665s] INFO:colcon.colcon_core.shell:Creating prefix script '/home/shenhang/ros_study/chapter3/topic_practice_workspace/install/local_setup.zsh'
[17.665s] INFO:colcon.colcon_core.shell:Creating prefix chain script '/home/shenhang/ros_study/chapter3/topic_practice_workspace/install/setup.zsh'
