[0.034s] Invoking command in '/home/shenhang/ros_study/chapter3/topic_workspace/build/demo_cpp_topic': CMAKE_PREFIX_PATH=/home/shenhang/ros_study/chapter3/topic_workspace/install/demo_python_topic:/opt/ros/humble /usr/bin/cmake --build /home/shenhang/ros_study/chapter3/topic_workspace/build/demo_cpp_topic -- -j6 -l6
[0.117s] [35m[1mConsolidate compiler generated dependencies of target turtle_circle_exe[0m
[0.158s] [ 50%] [32mBuilding CXX object CMakeFiles/turtle_circle_exe.dir/src/turtle_circle.cpp.o[0m
[6.533s] [100%] [32m[1mLinking CXX executable turtle_circle_exe[0m
[6.822s] [100%] Built target turtle_circle_exe
[6.838s] Invoked command in '/home/shenhang/ros_study/chapter3/topic_workspace/build/demo_cpp_topic' returned '0': CMAKE_PREFIX_PATH=/home/shenhang/ros_study/chapter3/topic_workspace/install/demo_python_topic:/opt/ros/humble /usr/bin/cmake --build /home/shenhang/ros_study/chapter3/topic_workspace/build/demo_cpp_topic -- -j6 -l6
[6.852s] Invoking command in '/home/shenhang/ros_study/chapter3/topic_workspace/build/demo_cpp_topic': CMAKE_PREFIX_PATH=/home/shenhang/ros_study/chapter3/topic_workspace/install/demo_python_topic:/opt/ros/humble /usr/bin/cmake --install /home/shenhang/ros_study/chapter3/topic_workspace/build/demo_cpp_topic
[6.862s] -- Install configuration: ""
[6.863s] -- Installing: /home/shenhang/ros_study/chapter3/topic_workspace/install/demo_cpp_topic/lib/demo_cpp_topic/turtle_circle_exe
[6.865s] -- Set runtime path of "/home/shenhang/ros_study/chapter3/topic_workspace/install/demo_cpp_topic/lib/demo_cpp_topic/turtle_circle_exe" to ""
[6.865s] -- Up-to-date: /home/shenhang/ros_study/chapter3/topic_workspace/install/demo_cpp_topic/share/ament_index/resource_index/package_run_dependencies/demo_cpp_topic
[6.865s] -- Up-to-date: /home/shenhang/ros_study/chapter3/topic_workspace/install/demo_cpp_topic/share/ament_index/resource_index/parent_prefix_path/demo_cpp_topic
[6.865s] -- Up-to-date: /home/shenhang/ros_study/chapter3/topic_workspace/install/demo_cpp_topic/share/demo_cpp_topic/environment/ament_prefix_path.sh
[6.865s] -- Up-to-date: /home/shenhang/ros_study/chapter3/topic_workspace/install/demo_cpp_topic/share/demo_cpp_topic/environment/ament_prefix_path.dsv
[6.865s] -- Up-to-date: /home/shenhang/ros_study/chapter3/topic_workspace/install/demo_cpp_topic/share/demo_cpp_topic/environment/path.sh
[6.866s] -- Up-to-date: /home/shenhang/ros_study/chapter3/topic_workspace/install/demo_cpp_topic/share/demo_cpp_topic/environment/path.dsv
[6.866s] -- Up-to-date: /home/shenhang/ros_study/chapter3/topic_workspace/install/demo_cpp_topic/share/demo_cpp_topic/local_setup.bash
[6.866s] -- Up-to-date: /home/shenhang/ros_study/chapter3/topic_workspace/install/demo_cpp_topic/share/demo_cpp_topic/local_setup.sh
[6.866s] -- Up-to-date: /home/shenhang/ros_study/chapter3/topic_workspace/install/demo_cpp_topic/share/demo_cpp_topic/local_setup.zsh
[6.866s] -- Up-to-date: /home/shenhang/ros_study/chapter3/topic_workspace/install/demo_cpp_topic/share/demo_cpp_topic/local_setup.dsv
[6.866s] -- Installing: /home/shenhang/ros_study/chapter3/topic_workspace/install/demo_cpp_topic/share/demo_cpp_topic/package.dsv
[6.866s] -- Up-to-date: /home/shenhang/ros_study/chapter3/topic_workspace/install/demo_cpp_topic/share/ament_index/resource_index/packages/demo_cpp_topic
[6.867s] -- Up-to-date: /home/shenhang/ros_study/chapter3/topic_workspace/install/demo_cpp_topic/share/demo_cpp_topic/cmake/demo_cpp_topicConfig.cmake
[6.867s] -- Up-to-date: /home/shenhang/ros_study/chapter3/topic_workspace/install/demo_cpp_topic/share/demo_cpp_topic/cmake/demo_cpp_topicConfig-version.cmake
[6.867s] -- Up-to-date: /home/shenhang/ros_study/chapter3/topic_workspace/install/demo_cpp_topic/share/demo_cpp_topic/package.xml
[6.874s] Invoked command in '/home/shenhang/ros_study/chapter3/topic_workspace/build/demo_cpp_topic' returned '0': CMAKE_PREFIX_PATH=/home/shenhang/ros_study/chapter3/topic_workspace/install/demo_python_topic:/opt/ros/humble /usr/bin/cmake --install /home/shenhang/ros_study/chapter3/topic_workspace/build/demo_cpp_topic
