[0.023s] Invoking command in '/home/shenhang/ros_study/chapter2/chapter2_workspace/build/demo_cpp_pkg': CMAKE_PREFIX_PATH=${CMAKE_PREFIX_PATH}:/home/shenhang/ros_study/chapter2/chapter2_workspace/install/demo_python_pkg:/opt/ros/humble /usr/bin/cmake --build /home/shenhang/ros_study/chapter2/chapter2_workspace/build/demo_cpp_pkg -- -j6 -l6
[0.102s] [35m[1mConsolidate compiler generated dependencies of target cpp_thread_test_exe[0m
[0.129s] [ 33%] Built target cpp_oop_test_exe
[0.130s] [ 50%] [32mBuilding CXX object CMakeFiles/cpp_thread_test_exe.dir/src/cpp_thread_test.cpp.o[0m
[0.140s] [ 83%] Built target cpp_node_exe
[7.341s] [100%] [32m[1mLinking CXX executable cpp_thread_test_exe[0m
[7.666s] [100%] Built target cpp_thread_test_exe
[7.679s] Invoked command in '/home/shenhang/ros_study/chapter2/chapter2_workspace/build/demo_cpp_pkg' returned '0': CMAKE_PREFIX_PATH=${CMAKE_PREFIX_PATH}:/home/shenhang/ros_study/chapter2/chapter2_workspace/install/demo_python_pkg:/opt/ros/humble /usr/bin/cmake --build /home/shenhang/ros_study/chapter2/chapter2_workspace/build/demo_cpp_pkg -- -j6 -l6
[7.691s] Invoking command in '/home/shenhang/ros_study/chapter2/chapter2_workspace/build/demo_cpp_pkg': CMAKE_PREFIX_PATH=${CMAKE_PREFIX_PATH}:/home/shenhang/ros_study/chapter2/chapter2_workspace/install/demo_python_pkg:/opt/ros/humble /usr/bin/cmake --install /home/shenhang/ros_study/chapter2/chapter2_workspace/build/demo_cpp_pkg
[7.699s] -- Install configuration: ""
[7.700s] -- Up-to-date: /home/shenhang/ros_study/chapter2/chapter2_workspace/install/demo_cpp_pkg/lib/demo_cpp_pkg/cpp_node_exe
[7.700s] -- Up-to-date: /home/shenhang/ros_study/chapter2/chapter2_workspace/install/demo_cpp_pkg/lib/demo_cpp_pkg/cpp_oop_test_exe
[7.700s] -- Installing: /home/shenhang/ros_study/chapter2/chapter2_workspace/install/demo_cpp_pkg/lib/demo_cpp_pkg/cpp_thread_test_exe
[7.703s] -- Set runtime path of "/home/shenhang/ros_study/chapter2/chapter2_workspace/install/demo_cpp_pkg/lib/demo_cpp_pkg/cpp_thread_test_exe" to ""
[7.703s] -- Up-to-date: /home/shenhang/ros_study/chapter2/chapter2_workspace/install/demo_cpp_pkg/share/ament_index/resource_index/package_run_dependencies/demo_cpp_pkg
[7.704s] -- Up-to-date: /home/shenhang/ros_study/chapter2/chapter2_workspace/install/demo_cpp_pkg/share/ament_index/resource_index/parent_prefix_path/demo_cpp_pkg
[7.704s] -- Up-to-date: /home/shenhang/ros_study/chapter2/chapter2_workspace/install/demo_cpp_pkg/share/demo_cpp_pkg/environment/ament_prefix_path.sh
[7.704s] -- Up-to-date: /home/shenhang/ros_study/chapter2/chapter2_workspace/install/demo_cpp_pkg/share/demo_cpp_pkg/environment/ament_prefix_path.dsv
[7.704s] -- Up-to-date: /home/shenhang/ros_study/chapter2/chapter2_workspace/install/demo_cpp_pkg/share/demo_cpp_pkg/environment/path.sh
[7.706s] -- Up-to-date: /home/shenhang/ros_study/chapter2/chapter2_workspace/install/demo_cpp_pkg/share/demo_cpp_pkg/environment/path.dsv
[7.706s] -- Up-to-date: /home/shenhang/ros_study/chapter2/chapter2_workspace/install/demo_cpp_pkg/share/demo_cpp_pkg/local_setup.bash
[7.706s] -- Up-to-date: /home/shenhang/ros_study/chapter2/chapter2_workspace/install/demo_cpp_pkg/share/demo_cpp_pkg/local_setup.sh
[7.706s] -- Up-to-date: /home/shenhang/ros_study/chapter2/chapter2_workspace/install/demo_cpp_pkg/share/demo_cpp_pkg/local_setup.zsh
[7.706s] -- Up-to-date: /home/shenhang/ros_study/chapter2/chapter2_workspace/install/demo_cpp_pkg/share/demo_cpp_pkg/local_setup.dsv
[7.706s] -- Installing: /home/shenhang/ros_study/chapter2/chapter2_workspace/install/demo_cpp_pkg/share/demo_cpp_pkg/package.dsv
[7.706s] -- Up-to-date: /home/shenhang/ros_study/chapter2/chapter2_workspace/install/demo_cpp_pkg/share/ament_index/resource_index/packages/demo_cpp_pkg
[7.707s] -- Up-to-date: /home/shenhang/ros_study/chapter2/chapter2_workspace/install/demo_cpp_pkg/share/demo_cpp_pkg/cmake/demo_cpp_pkgConfig.cmake
[7.707s] -- Up-to-date: /home/shenhang/ros_study/chapter2/chapter2_workspace/install/demo_cpp_pkg/share/demo_cpp_pkg/cmake/demo_cpp_pkgConfig-version.cmake
[7.707s] -- Up-to-date: /home/shenhang/ros_study/chapter2/chapter2_workspace/install/demo_cpp_pkg/share/demo_cpp_pkg/package.xml
[7.709s] Invoked command in '/home/shenhang/ros_study/chapter2/chapter2_workspace/build/demo_cpp_pkg' returned '0': CMAKE_PREFIX_PATH=${CMAKE_PREFIX_PATH}:/home/shenhang/ros_study/chapter2/chapter2_workspace/install/demo_python_pkg:/opt/ros/humble /usr/bin/cmake --install /home/shenhang/ros_study/chapter2/chapter2_workspace/build/demo_cpp_pkg
