[0.016s] Invoking command in '/home/shenhang/ros_study/chapter2/chapter2_workspace/build/demo_cpp_pkg': CMAKE_PREFIX_PATH=${CMAKE_PREFIX_PATH}:/home/shenhang/ros_study/chapter2/chapter2_workspace/install/demo_python_pkg:/opt/ros/humble /usr/bin/cmake --build /home/shenhang/ros_study/chapter2/chapter2_workspace/build/demo_cpp_pkg -- -j6 -l6
[0.067s] [35m[1mConsolidate compiler generated dependencies of target cpp_thread_test_exe[0m
[0.088s] [ 33%] Built target cpp_node_exe
[0.100s] [ 50%] [32mBuilding CXX object CMakeFiles/cpp_thread_test_exe.dir/src/cpp_thread_test.cpp.o[0m
[0.111s] [ 83%] Built target cpp_oop_test_exe
[7.154s] [100%] [32m[1mLinking CXX executable cpp_thread_test_exe[0m
[7.477s] [100%] Built target cpp_thread_test_exe
[7.495s] Invoked command in '/home/shenhang/ros_study/chapter2/chapter2_workspace/build/demo_cpp_pkg' returned '0': CMAKE_PREFIX_PATH=${CMAKE_PREFIX_PATH}:/home/shenhang/ros_study/chapter2/chapter2_workspace/install/demo_python_pkg:/opt/ros/humble /usr/bin/cmake --build /home/shenhang/ros_study/chapter2/chapter2_workspace/build/demo_cpp_pkg -- -j6 -l6
[7.511s] Invoking command in '/home/shenhang/ros_study/chapter2/chapter2_workspace/build/demo_cpp_pkg': CMAKE_PREFIX_PATH=${CMAKE_PREFIX_PATH}:/home/shenhang/ros_study/chapter2/chapter2_workspace/install/demo_python_pkg:/opt/ros/humble /usr/bin/cmake --install /home/shenhang/ros_study/chapter2/chapter2_workspace/build/demo_cpp_pkg
[7.517s] -- Install configuration: ""
[7.517s] -- Up-to-date: /home/shenhang/ros_study/chapter2/chapter2_workspace/install/demo_cpp_pkg/lib/demo_cpp_pkg/cpp_node_exe
[7.518s] -- Up-to-date: /home/shenhang/ros_study/chapter2/chapter2_workspace/install/demo_cpp_pkg/lib/demo_cpp_pkg/cpp_oop_test_exe
[7.520s] -- Installing: /home/shenhang/ros_study/chapter2/chapter2_workspace/install/demo_cpp_pkg/lib/demo_cpp_pkg/cpp_thread_test_exe
[7.522s] -- Set runtime path of "/home/shenhang/ros_study/chapter2/chapter2_workspace/install/demo_cpp_pkg/lib/demo_cpp_pkg/cpp_thread_test_exe" to ""
[7.522s] -- Up-to-date: /home/shenhang/ros_study/chapter2/chapter2_workspace/install/demo_cpp_pkg/share/ament_index/resource_index/package_run_dependencies/demo_cpp_pkg
[7.522s] -- Up-to-date: /home/shenhang/ros_study/chapter2/chapter2_workspace/install/demo_cpp_pkg/share/ament_index/resource_index/parent_prefix_path/demo_cpp_pkg
[7.522s] -- Up-to-date: /home/shenhang/ros_study/chapter2/chapter2_workspace/install/demo_cpp_pkg/share/demo_cpp_pkg/environment/ament_prefix_path.sh
[7.523s] -- Up-to-date: /home/shenhang/ros_study/chapter2/chapter2_workspace/install/demo_cpp_pkg/share/demo_cpp_pkg/environment/ament_prefix_path.dsv
[7.523s] -- Up-to-date: /home/shenhang/ros_study/chapter2/chapter2_workspace/install/demo_cpp_pkg/share/demo_cpp_pkg/environment/path.sh
[7.523s] -- Up-to-date: /home/shenhang/ros_study/chapter2/chapter2_workspace/install/demo_cpp_pkg/share/demo_cpp_pkg/environment/path.dsv
[7.523s] -- Up-to-date: /home/shenhang/ros_study/chapter2/chapter2_workspace/install/demo_cpp_pkg/share/demo_cpp_pkg/local_setup.bash
[7.523s] -- Up-to-date: /home/shenhang/ros_study/chapter2/chapter2_workspace/install/demo_cpp_pkg/share/demo_cpp_pkg/local_setup.sh
[7.523s] -- Up-to-date: /home/shenhang/ros_study/chapter2/chapter2_workspace/install/demo_cpp_pkg/share/demo_cpp_pkg/local_setup.zsh
[7.523s] -- Up-to-date: /home/shenhang/ros_study/chapter2/chapter2_workspace/install/demo_cpp_pkg/share/demo_cpp_pkg/local_setup.dsv
[7.524s] -- Installing: /home/shenhang/ros_study/chapter2/chapter2_workspace/install/demo_cpp_pkg/share/demo_cpp_pkg/package.dsv
[7.524s] -- Up-to-date: /home/shenhang/ros_study/chapter2/chapter2_workspace/install/demo_cpp_pkg/share/ament_index/resource_index/packages/demo_cpp_pkg
[7.524s] -- Up-to-date: /home/shenhang/ros_study/chapter2/chapter2_workspace/install/demo_cpp_pkg/share/demo_cpp_pkg/cmake/demo_cpp_pkgConfig.cmake
[7.524s] -- Up-to-date: /home/shenhang/ros_study/chapter2/chapter2_workspace/install/demo_cpp_pkg/share/demo_cpp_pkg/cmake/demo_cpp_pkgConfig-version.cmake
[7.524s] -- Up-to-date: /home/shenhang/ros_study/chapter2/chapter2_workspace/install/demo_cpp_pkg/share/demo_cpp_pkg/package.xml
[7.527s] Invoked command in '/home/shenhang/ros_study/chapter2/chapter2_workspace/build/demo_cpp_pkg' returned '0': CMAKE_PREFIX_PATH=${CMAKE_PREFIX_PATH}:/home/shenhang/ros_study/chapter2/chapter2_workspace/install/demo_python_pkg:/opt/ros/humble /usr/bin/cmake --install /home/shenhang/ros_study/chapter2/chapter2_workspace/build/demo_cpp_pkg
