[0.034s] Invoking command in '/home/shenhang/ros_study/chapter3/topic_workspace/build/demo_cpp_topic': CMAKE_PREFIX_PATH=/home/shenhang/ros_study/chapter3/topic_workspace/install/demo_python_topic:/opt/ros/humble /usr/bin/cmake /home/shenhang/ros_study/chapter3/topic_workspace/src/demo_cpp_topic -DCMAKE_INSTALL_PREFIX=/home/shenhang/ros_study/chapter3/topic_workspace/install/demo_cpp_topic
[0.273s] -- The C compiler identification is GNU 11.4.0
[0.415s] -- The CXX compiler identification is GNU 11.4.0
[0.443s] -- Detecting C compiler ABI info
[0.582s] -- Detecting C compiler ABI info - done
[0.604s] -- Check for working C compiler: /usr/bin/cc - skipped
[0.605s] -- Detecting C compile features
[0.607s] -- Detecting C compile features - done
[0.619s] -- Detecting CXX compiler ABI info
[0.785s] -- Detecting CXX compiler ABI info - done
[0.802s] -- Check for working CXX compiler: /usr/bin/c++ - skipped
[0.805s] -- Detecting CXX compile features
[0.805s] -- Detecting CXX compile features - done
[0.825s] -- Found ament_cmake: 1.3.12 (/opt/ros/humble/share/ament_cmake/cmake)
[1.090s] -- Found Python3: /usr/bin/python3 (found version "3.10.12") found components: Interpreter 
[1.264s] -- Found rclcpp: 16.0.16 (/opt/ros/humble/share/rclcpp/cmake)
[1.377s] -- Found rosidl_generator_c: 3.1.7 (/opt/ros/humble/share/rosidl_generator_c/cmake)
[1.387s] -- Found rosidl_adapter: 3.1.7 (/opt/ros/humble/share/rosidl_adapter/cmake)
[1.414s] -- Found rosidl_generator_cpp: 3.1.7 (/opt/ros/humble/share/rosidl_generator_cpp/cmake)
[1.455s] -- Using all available rosidl_typesupport_c: rosidl_typesupport_fastrtps_c;rosidl_typesupport_introspection_c
[1.498s] -- Using all available rosidl_typesupport_cpp: rosidl_typesupport_fastrtps_cpp;rosidl_typesupport_introspection_cpp
[1.616s] -- Found rmw_implementation_cmake: 6.1.2 (/opt/ros/humble/share/rmw_implementation_cmake/cmake)
[1.622s] -- Found rmw_fastrtps_cpp: 6.2.9 (/opt/ros/humble/share/rmw_fastrtps_cpp/cmake)
[1.782s] -- Found OpenSSL: /usr/lib/x86_64-linux-gnu/libcrypto.so (found version "3.0.2")  
[1.819s] -- Found FastRTPS: /opt/ros/humble/include  
[1.878s] -- Using RMW implementation 'rmw_fastrtps_cpp' as default
[1.899s] -- Looking for pthread.h
[2.018s] -- Looking for pthread.h - found
[2.019s] -- Performing Test CMAKE_HAVE_LIBC_PTHREAD
[2.122s] -- Performing Test CMAKE_HAVE_LIBC_PTHREAD - Success
[2.124s] -- Found Threads: TRUE  
[2.300s] -- Found geometry_msgs: 4.9.0 (/opt/ros/humble/share/geometry_msgs/cmake)
[2.343s] -- Found turtlesim: 1.4.3 (/opt/ros/humble/share/turtlesim/cmake)
[2.470s] [31mCMake Error at CMakeLists.txt:15 (ament_tartget_dependencies):
[2.470s]   Unknown CMake command "ament_tartget_dependencies".
[2.470s] 
[2.470s] [0m
[2.471s] -- Configuring incomplete, errors occurred!
[2.471s] See also "/home/shenhang/ros_study/chapter3/topic_workspace/build/demo_cpp_topic/CMakeFiles/CMakeOutput.log".
[2.485s] Invoked command in '/home/shenhang/ros_study/chapter3/topic_workspace/build/demo_cpp_topic' returned '1': CMAKE_PREFIX_PATH=/home/shenhang/ros_study/chapter3/topic_workspace/install/demo_python_topic:/opt/ros/humble /usr/bin/cmake /home/shenhang/ros_study/chapter3/topic_workspace/src/demo_cpp_topic -DCMAKE_INSTALL_PREFIX=/home/shenhang/ros_study/chapter3/topic_workspace/install/demo_cpp_topic
