[0.021s] Invoking command in '/home/shenhang/my_github/ros_study/chapter6/chapter6_ws/build/fishbot_description': CMAKE_PREFIX_PATH=/opt/ros/humble /usr/bin/cmake --build /home/shenhang/my_github/ros_study/chapter6/chapter6_ws/build/fishbot_description -- -j6 -l6
[0.063s] -- Found ament_cmake: 1.3.12 (/opt/ros/humble/share/ament_cmake/cmake)
[0.287s] -- Found ament_lint_auto: 0.12.14 (/opt/ros/humble/share/ament_lint_auto/cmake)
[0.404s] -- Added test 'flake8' to check Python code syntax and style conventions
[0.406s] -- Added test 'lint_cmake' to check CMake code style
[0.407s] -- Added test 'pep257' to check Python code against some of the docstring style conventions in PEP 257
[0.408s] -- Added test 'xmllint' to check XML markup files
[0.408s] -- Configuring done
[0.413s] -- Generating done
[0.416s] -- Build files have been written to: /home/shenhang/my_github/ros_study/chapter6/chapter6_ws/build/fishbot_description
[0.449s] Invoked command in '/home/shenhang/my_github/ros_study/chapter6/chapter6_ws/build/fishbot_description' returned '0': CMAKE_PREFIX_PATH=/opt/ros/humble /usr/bin/cmake --build /home/shenhang/my_github/ros_study/chapter6/chapter6_ws/build/fishbot_description -- -j6 -l6
[0.467s] Invoking command in '/home/shenhang/my_github/ros_study/chapter6/chapter6_ws/build/fishbot_description': CMAKE_PREFIX_PATH=/opt/ros/humble /usr/bin/cmake --install /home/shenhang/my_github/ros_study/chapter6/chapter6_ws/build/fishbot_description
[0.481s] -- Install configuration: ""
[0.482s] -- Up-to-date: /home/shenhang/my_github/ros_study/chapter6/chapter6_ws/install/fishbot_description/share/fishbot_description/launch
[0.482s] -- Up-to-date: /home/shenhang/my_github/ros_study/chapter6/chapter6_ws/install/fishbot_description/share/fishbot_description/launch/__pycache__
[0.482s] -- Installing: /home/shenhang/my_github/ros_study/chapter6/chapter6_ws/install/fishbot_description/share/fishbot_description/launch/__pycache__/display_robot.launch.cpython-310.pyc
[0.482s] -- Up-to-date: /home/shenhang/my_github/ros_study/chapter6/chapter6_ws/install/fishbot_description/share/fishbot_description/launch/display_robot.launch.py
[0.482s] -- Up-to-date: /home/shenhang/my_github/ros_study/chapter6/chapter6_ws/install/fishbot_description/share/fishbot_description/urdf
[0.482s] -- Up-to-date: /home/shenhang/my_github/ros_study/chapter6/chapter6_ws/install/fishbot_description/share/fishbot_description/urdf/my_first_robot.pdf
[0.483s] -- Up-to-date: /home/shenhang/my_github/ros_study/chapter6/chapter6_ws/install/fishbot_description/share/fishbot_description/urdf/my_first_robot.gv
[0.483s] -- Up-to-date: /home/shenhang/my_github/ros_study/chapter6/chapter6_ws/install/fishbot_description/share/fishbot_description/urdf/first_robot.urdf
[0.483s] -- Installing: /home/shenhang/my_github/ros_study/chapter6/chapter6_ws/install/fishbot_description/share/fishbot_description/config
[0.483s] -- Installing: /home/shenhang/my_github/ros_study/chapter6/chapter6_ws/install/fishbot_description/share/fishbot_description/config/display_robot_model.rviz
[0.483s] -- Up-to-date: /home/shenhang/my_github/ros_study/chapter6/chapter6_ws/install/fishbot_description/share/ament_index/resource_index/package_run_dependencies/fishbot_description
[0.483s] -- Up-to-date: /home/shenhang/my_github/ros_study/chapter6/chapter6_ws/install/fishbot_description/share/ament_index/resource_index/parent_prefix_path/fishbot_description
[0.483s] -- Up-to-date: /home/shenhang/my_github/ros_study/chapter6/chapter6_ws/install/fishbot_description/share/fishbot_description/environment/ament_prefix_path.sh
[0.484s] -- Installing: /home/shenhang/my_github/ros_study/chapter6/chapter6_ws/install/fishbot_description/share/fishbot_description/environment/ament_prefix_path.dsv
[0.484s] -- Up-to-date: /home/shenhang/my_github/ros_study/chapter6/chapter6_ws/install/fishbot_description/share/fishbot_description/environment/path.sh
[0.484s] -- Installing: /home/shenhang/my_github/ros_study/chapter6/chapter6_ws/install/fishbot_description/share/fishbot_description/environment/path.dsv
[0.484s] -- Up-to-date: /home/shenhang/my_github/ros_study/chapter6/chapter6_ws/install/fishbot_description/share/fishbot_description/local_setup.bash
[0.484s] -- Up-to-date: /home/shenhang/my_github/ros_study/chapter6/chapter6_ws/install/fishbot_description/share/fishbot_description/local_setup.sh
[0.484s] -- Up-to-date: /home/shenhang/my_github/ros_study/chapter6/chapter6_ws/install/fishbot_description/share/fishbot_description/local_setup.zsh
[0.484s] -- Installing: /home/shenhang/my_github/ros_study/chapter6/chapter6_ws/install/fishbot_description/share/fishbot_description/local_setup.dsv
[0.484s] -- Installing: /home/shenhang/my_github/ros_study/chapter6/chapter6_ws/install/fishbot_description/share/fishbot_description/package.dsv
[0.484s] -- Up-to-date: /home/shenhang/my_github/ros_study/chapter6/chapter6_ws/install/fishbot_description/share/ament_index/resource_index/packages/fishbot_description
[0.485s] -- Up-to-date: /home/shenhang/my_github/ros_study/chapter6/chapter6_ws/install/fishbot_description/share/fishbot_description/cmake/fishbot_descriptionConfig.cmake
[0.485s] -- Up-to-date: /home/shenhang/my_github/ros_study/chapter6/chapter6_ws/install/fishbot_description/share/fishbot_description/cmake/fishbot_descriptionConfig-version.cmake
[0.485s] -- Up-to-date: /home/shenhang/my_github/ros_study/chapter6/chapter6_ws/install/fishbot_description/share/fishbot_description/package.xml
[0.490s] Invoked command in '/home/shenhang/my_github/ros_study/chapter6/chapter6_ws/build/fishbot_description' returned '0': CMAKE_PREFIX_PATH=/opt/ros/humble /usr/bin/cmake --install /home/shenhang/my_github/ros_study/chapter6/chapter6_ws/build/fishbot_description
