[0.027s] Invoking command in '/home/shenhang/ros_study/chapter2/chapter2_workspace/build/demo_cpp_pkg': CMAKE_PREFIX_PATH=/opt/ros/humble /usr/bin/cmake /home/shenhang/ros_study/chapter2/chapter2_workspace/src/demo_cpp_pkg -DCMAKE_INSTALL_PREFIX=/home/shenhang/ros_study/chapter2/chapter2_workspace/install/demo_cpp_pkg
[0.119s] -- The C compiler identification is GNU 11.4.0
[0.235s] -- The CXX compiler identification is GNU 11.4.0
[0.247s] -- Detecting C compiler ABI info
[0.344s] -- Detecting C compiler ABI info - done
[0.364s] -- Check for working C compiler: /usr/bin/cc - skipped
[0.366s] -- Detecting C compile features
[0.366s] -- Detecting C compile features - done
[0.369s] -- Detecting CXX compiler ABI info
[0.478s] -- Detecting CXX compiler ABI info - done
[0.493s] -- Check for working CXX compiler: /usr/bin/c++ - skipped
[0.493s] -- Detecting CXX compile features
[0.496s] -- Detecting CXX compile features - done
[0.496s] -- Found ament_cmake: 1.3.12 (/opt/ros/humble/share/ament_cmake/cmake)
[0.690s] -- Found Python3: /usr/bin/python3 (found version "3.10.12") found components: Interpreter 
[0.810s] -- Found rclcpp: 16.0.16 (/opt/ros/humble/share/rclcpp/cmake)
[0.889s] -- Found rosidl_generator_c: 3.1.7 (/opt/ros/humble/share/rosidl_generator_c/cmake)
[0.897s] -- Found rosidl_adapter: 3.1.7 (/opt/ros/humble/share/rosidl_adapter/cmake)
[0.916s] -- Found rosidl_generator_cpp: 3.1.7 (/opt/ros/humble/share/rosidl_generator_cpp/cmake)
[0.930s] -- Using all available rosidl_typesupport_c: rosidl_typesupport_fastrtps_c;rosidl_typesupport_introspection_c
[0.959s] -- Using all available rosidl_typesupport_cpp: rosidl_typesupport_fastrtps_cpp;rosidl_typesupport_introspection_cpp
[1.030s] -- Found rmw_implementation_cmake: 6.1.2 (/opt/ros/humble/share/rmw_implementation_cmake/cmake)
[1.033s] -- Found rmw_fastrtps_cpp: 6.2.9 (/opt/ros/humble/share/rmw_fastrtps_cpp/cmake)
[1.134s] -- Found OpenSSL: /usr/lib/x86_64-linux-gnu/libcrypto.so (found version "3.0.2")  
[1.171s] -- Found FastRTPS: /opt/ros/humble/include  
[1.222s] -- Using RMW implementation 'rmw_fastrtps_cpp' as default
[1.235s] -- Looking for pthread.h
[1.352s] -- Looking for pthread.h - found
[1.357s] -- Performing Test CMAKE_HAVE_LIBC_PTHREAD
[1.459s] -- Performing Test CMAKE_HAVE_LIBC_PTHREAD - Success
[1.459s] -- Found Threads: TRUE  
[1.564s] -- Found ament_lint_auto: 0.12.14 (/opt/ros/humble/share/ament_lint_auto/cmake)
[1.671s] -- Added test 'cppcheck' to perform static code analysis on C / C++ code
[1.671s] -- Configured cppcheck include dirs: 
[1.671s] -- Configured cppcheck exclude dirs and/or files: 
[1.672s] -- Added test 'lint_cmake' to check CMake code style
[1.673s] -- Added test 'uncrustify' to check C / C++ code style
[1.673s] -- Configured uncrustify additional arguments: 
[1.674s] -- Added test 'xmllint' to check XML markup files
[1.675s] -- Configuring done
[1.687s] -- Generating done
[1.692s] -- Build files have been written to: /home/shenhang/ros_study/chapter2/chapter2_workspace/build/demo_cpp_pkg
[1.706s] Invoked command in '/home/shenhang/ros_study/chapter2/chapter2_workspace/build/demo_cpp_pkg' returned '0': CMAKE_PREFIX_PATH=/opt/ros/humble /usr/bin/cmake /home/shenhang/ros_study/chapter2/chapter2_workspace/src/demo_cpp_pkg -DCMAKE_INSTALL_PREFIX=/home/shenhang/ros_study/chapter2/chapter2_workspace/install/demo_cpp_pkg
[1.707s] Invoking command in '/home/shenhang/ros_study/chapter2/chapter2_workspace/build/demo_cpp_pkg': CMAKE_PREFIX_PATH=/opt/ros/humble /usr/bin/cmake --build /home/shenhang/ros_study/chapter2/chapter2_workspace/build/demo_cpp_pkg -- -j6 -l6
[1.768s] [ 50%] [32mBuilding CXX object CMakeFiles/cpp_node_exe.dir/src/cpp_node_test.cpp.o[0m
[5.493s] [100%] [32m[1mLinking CXX executable cpp_node_exe[0m
[5.648s] [100%] Built target cpp_node_exe
[5.661s] Invoked command in '/home/shenhang/ros_study/chapter2/chapter2_workspace/build/demo_cpp_pkg' returned '0': CMAKE_PREFIX_PATH=/opt/ros/humble /usr/bin/cmake --build /home/shenhang/ros_study/chapter2/chapter2_workspace/build/demo_cpp_pkg -- -j6 -l6
[5.673s] Invoking command in '/home/shenhang/ros_study/chapter2/chapter2_workspace/build/demo_cpp_pkg': CMAKE_PREFIX_PATH=/opt/ros/humble /usr/bin/cmake --install /home/shenhang/ros_study/chapter2/chapter2_workspace/build/demo_cpp_pkg
[5.680s] -- Install configuration: ""
[5.681s] -- Installing: /home/shenhang/ros_study/chapter2/chapter2_workspace/install/demo_cpp_pkg/lib/demo_cpp_pkg/cpp_node_exe
[5.681s] -- Set runtime path of "/home/shenhang/ros_study/chapter2/chapter2_workspace/install/demo_cpp_pkg/lib/demo_cpp_pkg/cpp_node_exe" to ""
[5.681s] -- Installing: /home/shenhang/ros_study/chapter2/chapter2_workspace/install/demo_cpp_pkg/share/ament_index/resource_index/package_run_dependencies/demo_cpp_pkg
[5.685s] -- Installing: /home/shenhang/ros_study/chapter2/chapter2_workspace/install/demo_cpp_pkg/share/ament_index/resource_index/parent_prefix_path/demo_cpp_pkg
[5.685s] -- Installing: /home/shenhang/ros_study/chapter2/chapter2_workspace/install/demo_cpp_pkg/share/demo_cpp_pkg/environment/ament_prefix_path.sh
[5.685s] -- Installing: /home/shenhang/ros_study/chapter2/chapter2_workspace/install/demo_cpp_pkg/share/demo_cpp_pkg/environment/ament_prefix_path.dsv
[5.685s] -- Installing: /home/shenhang/ros_study/chapter2/chapter2_workspace/install/demo_cpp_pkg/share/demo_cpp_pkg/environment/path.sh
[5.685s] -- Installing: /home/shenhang/ros_study/chapter2/chapter2_workspace/install/demo_cpp_pkg/share/demo_cpp_pkg/environment/path.dsv
[5.685s] -- Installing: /home/shenhang/ros_study/chapter2/chapter2_workspace/install/demo_cpp_pkg/share/demo_cpp_pkg/local_setup.bash
[5.685s] -- Installing: /home/shenhang/ros_study/chapter2/chapter2_workspace/install/demo_cpp_pkg/share/demo_cpp_pkg/local_setup.sh
[5.686s] -- Installing: /home/shenhang/ros_study/chapter2/chapter2_workspace/install/demo_cpp_pkg/share/demo_cpp_pkg/local_setup.zsh
[5.688s] -- Installing: /home/shenhang/ros_study/chapter2/chapter2_workspace/install/demo_cpp_pkg/share/demo_cpp_pkg/local_setup.dsv
[5.688s] -- Installing: /home/shenhang/ros_study/chapter2/chapter2_workspace/install/demo_cpp_pkg/share/demo_cpp_pkg/package.dsv
[5.688s] -- Installing: /home/shenhang/ros_study/chapter2/chapter2_workspace/install/demo_cpp_pkg/share/ament_index/resource_index/packages/demo_cpp_pkg
[5.688s] -- Installing: /home/shenhang/ros_study/chapter2/chapter2_workspace/install/demo_cpp_pkg/share/demo_cpp_pkg/cmake/demo_cpp_pkgConfig.cmake
[5.689s] -- Installing: /home/shenhang/ros_study/chapter2/chapter2_workspace/install/demo_cpp_pkg/share/demo_cpp_pkg/cmake/demo_cpp_pkgConfig-version.cmake
[5.689s] -- Installing: /home/shenhang/ros_study/chapter2/chapter2_workspace/install/demo_cpp_pkg/share/demo_cpp_pkg/package.xml
[5.689s] Invoked command in '/home/shenhang/ros_study/chapter2/chapter2_workspace/build/demo_cpp_pkg' returned '0': CMAKE_PREFIX_PATH=/opt/ros/humble /usr/bin/cmake --install /home/shenhang/ros_study/chapter2/chapter2_workspace/build/demo_cpp_pkg
