[ 50%] [32mBuilding CXX object CMakeFiles/turtle_circle_exe.dir/src/turtle_circle.cpp.o[0m
[100%] [32m[1mLinking CXX executable turtle_circle_exe[0m
[100%] Built target turtle_circle_exe
-- Install configuration: ""
-- Installing: /home/shenhang/ros_study/chapter3/topic_workspace/install/demo_cpp_topic/lib/demo_cpp_topic/turtle_circle_exe
-- Set runtime path of "/home/shenhang/ros_study/chapter3/topic_workspace/install/demo_cpp_topic/lib/demo_cpp_topic/turtle_circle_exe" to ""
-- Installing: /home/shenhang/ros_study/chapter3/topic_workspace/install/demo_cpp_topic/share/ament_index/resource_index/package_run_dependencies/demo_cpp_topic
-- Installing: /home/shenhang/ros_study/chapter3/topic_workspace/install/demo_cpp_topic/share/ament_index/resource_index/parent_prefix_path/demo_cpp_topic
-- Installing: /home/shenhang/ros_study/chapter3/topic_workspace/install/demo_cpp_topic/share/demo_cpp_topic/environment/ament_prefix_path.sh
-- Installing: /home/shenhang/ros_study/chapter3/topic_workspace/install/demo_cpp_topic/share/demo_cpp_topic/environment/ament_prefix_path.dsv
-- Installing: /home/shenhang/ros_study/chapter3/topic_workspace/install/demo_cpp_topic/share/demo_cpp_topic/environment/path.sh
-- Installing: /home/shenhang/ros_study/chapter3/topic_workspace/install/demo_cpp_topic/share/demo_cpp_topic/environment/path.dsv
-- Installing: /home/shenhang/ros_study/chapter3/topic_workspace/install/demo_cpp_topic/share/demo_cpp_topic/local_setup.bash
-- Installing: /home/shenhang/ros_study/chapter3/topic_workspace/install/demo_cpp_topic/share/demo_cpp_topic/local_setup.sh
-- Installing: /home/shenhang/ros_study/chapter3/topic_workspace/install/demo_cpp_topic/share/demo_cpp_topic/local_setup.zsh
-- Installing: /home/shenhang/ros_study/chapter3/topic_workspace/install/demo_cpp_topic/share/demo_cpp_topic/local_setup.dsv
-- Installing: /home/shenhang/ros_study/chapter3/topic_workspace/install/demo_cpp_topic/share/demo_cpp_topic/package.dsv
-- Installing: /home/shenhang/ros_study/chapter3/topic_workspace/install/demo_cpp_topic/share/ament_index/resource_index/packages/demo_cpp_topic
-- Installing: /home/shenhang/ros_study/chapter3/topic_workspace/install/demo_cpp_topic/share/demo_cpp_topic/cmake/demo_cpp_topicConfig.cmake
-- Installing: /home/shenhang/ros_study/chapter3/topic_workspace/install/demo_cpp_topic/share/demo_cpp_topic/cmake/demo_cpp_topicConfig-version.cmake
-- Installing: /home/shenhang/ros_study/chapter3/topic_workspace/install/demo_cpp_topic/share/demo_cpp_topic/package.xml
