[1.001s] Invoking command in '/home/shenhang/ros_study/chapter3/topic_workspace/src/demo_python_topic': PYTHONPATH=/home/shenhang/ros_study/chapter3/topic_workspace/build/demo_python_topic/prefix_override:/usr/lib/python3/dist-packages/colcon_core/task/python/colcon_distutils_commands:/home/shenhang/ros_study/chapter3/topic_workspace/install/demo_python_topic/lib/python3.10/site-packages:${PYTHONPATH} /usr/bin/python3 -W ignore:setup.py install is deprecated -W ignore:easy_install command is deprecated setup.py egg_info --egg-base ../../build/demo_python_topic build --build-base /home/shenhang/ros_study/chapter3/topic_workspace/build/demo_python_topic/build install --record /home/shenhang/ros_study/chapter3/topic_workspace/build/demo_python_topic/install.log --single-version-externally-managed install_data
[1.392s] running egg_info
[1.393s] writing ../../build/demo_python_topic/demo_python_topic.egg-info/PKG-INFO
[1.393s] writing dependency_links to ../../build/demo_python_topic/demo_python_topic.egg-info/dependency_links.txt
[1.393s] writing entry points to ../../build/demo_python_topic/demo_python_topic.egg-info/entry_points.txt
[1.393s] writing requirements to ../../build/demo_python_topic/demo_python_topic.egg-info/requires.txt
[1.393s] writing top-level names to ../../build/demo_python_topic/demo_python_topic.egg-info/top_level.txt
[1.394s] reading manifest file '../../build/demo_python_topic/demo_python_topic.egg-info/SOURCES.txt'
[1.395s] adding license file 'LICENSE'
[1.396s] writing manifest file '../../build/demo_python_topic/demo_python_topic.egg-info/SOURCES.txt'
[1.396s] running build
[1.396s] running build_py
[1.397s] running install
[1.397s] running install_lib
[1.399s] running install_data
[1.399s] running install_egg_info
[1.403s] removing '/home/shenhang/ros_study/chapter3/topic_workspace/install/demo_python_topic/lib/python3.10/site-packages/demo_python_topic-0.0.0-py3.10.egg-info' (and everything under it)
[1.403s] Copying ../../build/demo_python_topic/demo_python_topic.egg-info to /home/shenhang/ros_study/chapter3/topic_workspace/install/demo_python_topic/lib/python3.10/site-packages/demo_python_topic-0.0.0-py3.10.egg-info
[1.403s] running install_scripts
[1.435s] Installing novel_pub_node_exe script to /home/shenhang/ros_study/chapter3/topic_workspace/install/demo_python_topic/lib/demo_python_topic
[1.436s] Installing novel_sub_node_exe script to /home/shenhang/ros_study/chapter3/topic_workspace/install/demo_python_topic/lib/demo_python_topic
[1.436s] writing list of installed files to '/home/shenhang/ros_study/chapter3/topic_workspace/build/demo_python_topic/install.log'
