[0.020s] Invoking command in '/home/shenhang/ros_study/chapter3/topic_workspace/build/demo_cpp_topic': CMAKE_PREFIX_PATH=/opt/ros/humble /usr/bin/cmake --build /home/shenhang/ros_study/chapter3/topic_workspace/build/demo_cpp_topic -- -j6 -l6
[0.063s] -- Found ament_cmake: 1.3.12 (/opt/ros/humble/share/ament_cmake/cmake)
[0.247s] -- Found rclcpp: 16.0.16 (/opt/ros/humble/share/rclcpp/cmake)
[0.300s] -- Found rosidl_generator_c: 3.1.7 (/opt/ros/humble/share/rosidl_generator_c/cmake)
[0.305s] -- Found rosidl_adapter: 3.1.7 (/opt/ros/humble/share/rosidl_adapter/cmake)
[0.319s] -- Found rosidl_generator_cpp: 3.1.7 (/opt/ros/humble/share/rosidl_generator_cpp/cmake)
[0.348s] -- Using all available rosidl_typesupport_c: rosidl_typesupport_fastrtps_c;rosidl_typesupport_introspection_c
[0.372s] -- Using all available rosidl_typesupport_cpp: rosidl_typesupport_fastrtps_cpp;rosidl_typesupport_introspection_cpp
[0.439s] -- Found rmw_implementation_cmake: 6.1.2 (/opt/ros/humble/share/rmw_implementation_cmake/cmake)
[0.440s] -- Found rmw_fastrtps_cpp: 6.2.9 (/opt/ros/humble/share/rmw_fastrtps_cpp/cmake)
[0.581s] -- Using RMW implementation 'rmw_fastrtps_cpp' as default
[0.687s] -- Found geometry_msgs: 4.9.0 (/opt/ros/humble/share/geometry_msgs/cmake)
[0.715s] -- Found turtlesim: 1.4.3 (/opt/ros/humble/share/turtlesim/cmake)
[0.794s] -- Found ament_lint_auto: 0.12.14 (/opt/ros/humble/share/ament_lint_auto/cmake)
[0.910s] -- Added test 'cppcheck' to perform static code analysis on C / C++ code
[0.910s] -- Configured cppcheck include dirs: 
[0.910s] -- Configured cppcheck exclude dirs and/or files: 
[0.911s] -- Added test 'lint_cmake' to check CMake code style
[0.911s] -- Added test 'uncrustify' to check C / C++ code style
[0.911s] -- Configured uncrustify additional arguments: 
[0.911s] -- Added test 'xmllint' to check XML markup files
[0.911s] -- Configuring done
[0.938s] -- Generating done
[0.950s] -- Build files have been written to: /home/shenhang/ros_study/chapter3/topic_workspace/build/demo_cpp_topic
[0.986s] [35m[1mConsolidate compiler generated dependencies of target turtle_circle_exe[0m
[0.995s] [ 25%] [32mBuilding CXX object CMakeFiles/turtle_control_exe.dir/src/turtle_control.cpp.o[0m
[1.009s] [ 50%] [32mBuilding CXX object CMakeFiles/turtle_circle_exe.dir/src/turtle_circle.cpp.o[0m
[1.304s] [01m[K/home/shenhang/ros_study/chapter3/topic_workspace/src/demo_cpp_topic/src/turtle_control.cpp:3:10:[m[K [01;31m[Kfatal error: [m[Kturtlesim/msg/pose.hpp: 没有那个文件或目录
[1.304s]     3 | #include [01;31m[K"turtlesim/msg/pose.hpp"[m[K
[1.304s]       |          [01;31m[K^~~~~~~~~~~~~~~~~~~~~~~~[m[K
[1.304s] compilation terminated.
[1.310s] gmake[2]: *** [CMakeFiles/turtle_control_exe.dir/build.make:76：CMakeFiles/turtle_control_exe.dir/src/turtle_control.cpp.o] 错误 1
[1.310s] gmake[1]: *** [CMakeFiles/Makefile2:165：CMakeFiles/turtle_control_exe.dir/all] 错误 2
[1.310s] gmake[1]: *** 正在等待未完成的任务....
[6.846s] [ 75%] [32m[1mLinking CXX executable turtle_circle_exe[0m
[7.176s] [ 75%] Built target turtle_circle_exe
[7.178s] gmake: *** [Makefile:146：all] 错误 2
[7.180s] Invoked command in '/home/shenhang/ros_study/chapter3/topic_workspace/build/demo_cpp_topic' returned '2': CMAKE_PREFIX_PATH=/opt/ros/humble /usr/bin/cmake --build /home/shenhang/ros_study/chapter3/topic_workspace/build/demo_cpp_topic -- -j6 -l6
