[0.012s] Invoking command in '/home/shenhang/my_github/ros_study/chapter6/chapter6_ws/build/fishbot_description': CMAKE_PREFIX_PATH=${CMAKE_PREFIX_PATH}:/opt/ros/humble /usr/bin/cmake --build /home/shenhang/my_github/ros_study/chapter6/chapter6_ws/build/fishbot_description -- -j6 -l6
[0.072s] Invoked command in '/home/shenhang/my_github/ros_study/chapter6/chapter6_ws/build/fishbot_description' returned '0': CMAKE_PREFIX_PATH=${CMAKE_PREFIX_PATH}:/opt/ros/humble /usr/bin/cmake --build /home/shenhang/my_github/ros_study/chapter6/chapter6_ws/build/fishbot_description -- -j6 -l6
[0.087s] Invoking command in '/home/shenhang/my_github/ros_study/chapter6/chapter6_ws/build/fishbot_description': CMAKE_PREFIX_PATH=${CMAKE_PREFIX_PATH}:/opt/ros/humble /usr/bin/cmake --install /home/shenhang/my_github/ros_study/chapter6/chapter6_ws/build/fishbot_description
[0.099s] -- Install configuration: ""
[0.099s] -- Up-to-date: /home/shenhang/my_github/ros_study/chapter6/chapter6_ws/install/fishbot_description/share/fishbot_description/launch
[0.099s] -- Up-to-date: /home/shenhang/my_github/ros_study/chapter6/chapter6_ws/install/fishbot_description/share/fishbot_description/launch/display_robot_xacro.launch.py
[0.099s] -- Up-to-date: /home/shenhang/my_github/ros_study/chapter6/chapter6_ws/install/fishbot_description/share/fishbot_description/launch/__pycache__
[0.099s] -- Up-to-date: /home/shenhang/my_github/ros_study/chapter6/chapter6_ws/install/fishbot_description/share/fishbot_description/launch/__pycache__/display_robot.launch.cpython-310.pyc
[0.100s] -- Up-to-date: /home/shenhang/my_github/ros_study/chapter6/chapter6_ws/install/fishbot_description/share/fishbot_description/launch/display_robot.launch.py
[0.100s] -- Up-to-date: /home/shenhang/my_github/ros_study/chapter6/chapter6_ws/install/fishbot_description/share/fishbot_description/urdf
[0.100s] -- Up-to-date: /home/shenhang/my_github/ros_study/chapter6/chapter6_ws/install/fishbot_description/share/fishbot_description/urdf/my_first_robot.pdf
[0.100s] -- Up-to-date: /home/shenhang/my_github/ros_study/chapter6/chapter6_ws/install/fishbot_description/share/fishbot_description/urdf/fishbot
[0.100s] -- Installing: /home/shenhang/my_github/ros_study/chapter6/chapter6_ws/install/fishbot_description/share/fishbot_description/urdf/fishbot/actuator
[0.100s] -- Installing: /home/shenhang/my_github/ros_study/chapter6/chapter6_ws/install/fishbot_description/share/fishbot_description/urdf/fishbot/actuator/wheel.urdf.xacro
[0.100s] -- Up-to-date: /home/shenhang/my_github/ros_study/chapter6/chapter6_ws/install/fishbot_description/share/fishbot_description/urdf/fishbot/sensor
[0.101s] -- Up-to-date: /home/shenhang/my_github/ros_study/chapter6/chapter6_ws/install/fishbot_description/share/fishbot_description/urdf/fishbot/sensor/laser.urdf.xacro
[0.101s] -- Up-to-date: /home/shenhang/my_github/ros_study/chapter6/chapter6_ws/install/fishbot_description/share/fishbot_description/urdf/fishbot/sensor/camera.urdf.xacro
[0.101s] -- Up-to-date: /home/shenhang/my_github/ros_study/chapter6/chapter6_ws/install/fishbot_description/share/fishbot_description/urdf/fishbot/sensor/imu.urdf.xacro
[0.101s] -- Installing: /home/shenhang/my_github/ros_study/chapter6/chapter6_ws/install/fishbot_description/share/fishbot_description/urdf/fishbot/fishbot.urdf.xacro
[0.102s] -- Up-to-date: /home/shenhang/my_github/ros_study/chapter6/chapter6_ws/install/fishbot_description/share/fishbot_description/urdf/fishbot/base.urdf.xacro
[0.102s] -- Up-to-date: /home/shenhang/my_github/ros_study/chapter6/chapter6_ws/install/fishbot_description/share/fishbot_description/urdf/my_first_robot.gv
[0.103s] -- Up-to-date: /home/shenhang/my_github/ros_study/chapter6/chapter6_ws/install/fishbot_description/share/fishbot_description/urdf/first_robot.xacro
[0.103s] -- Up-to-date: /home/shenhang/my_github/ros_study/chapter6/chapter6_ws/install/fishbot_description/share/fishbot_description/urdf/first_robot.urdf
[0.103s] -- Up-to-date: /home/shenhang/my_github/ros_study/chapter6/chapter6_ws/install/fishbot_description/share/fishbot_description/config
[0.103s] -- Up-to-date: /home/shenhang/my_github/ros_study/chapter6/chapter6_ws/install/fishbot_description/share/fishbot_description/config/display_robot_model.rviz
[0.103s] -- Up-to-date: /home/shenhang/my_github/ros_study/chapter6/chapter6_ws/install/fishbot_description/share/ament_index/resource_index/package_run_dependencies/fishbot_description
[0.104s] -- Up-to-date: /home/shenhang/my_github/ros_study/chapter6/chapter6_ws/install/fishbot_description/share/ament_index/resource_index/parent_prefix_path/fishbot_description
[0.104s] -- Up-to-date: /home/shenhang/my_github/ros_study/chapter6/chapter6_ws/install/fishbot_description/share/fishbot_description/environment/ament_prefix_path.sh
[0.104s] -- Up-to-date: /home/shenhang/my_github/ros_study/chapter6/chapter6_ws/install/fishbot_description/share/fishbot_description/environment/ament_prefix_path.dsv
[0.104s] -- Up-to-date: /home/shenhang/my_github/ros_study/chapter6/chapter6_ws/install/fishbot_description/share/fishbot_description/environment/path.sh
[0.104s] -- Up-to-date: /home/shenhang/my_github/ros_study/chapter6/chapter6_ws/install/fishbot_description/share/fishbot_description/environment/path.dsv
[0.104s] -- Up-to-date: /home/shenhang/my_github/ros_study/chapter6/chapter6_ws/install/fishbot_description/share/fishbot_description/local_setup.bash
[0.104s] -- Up-to-date: /home/shenhang/my_github/ros_study/chapter6/chapter6_ws/install/fishbot_description/share/fishbot_description/local_setup.sh
[0.104s] -- Up-to-date: /home/shenhang/my_github/ros_study/chapter6/chapter6_ws/install/fishbot_description/share/fishbot_description/local_setup.zsh
[0.104s] -- Up-to-date: /home/shenhang/my_github/ros_study/chapter6/chapter6_ws/install/fishbot_description/share/fishbot_description/local_setup.dsv
[0.104s] -- Installing: /home/shenhang/my_github/ros_study/chapter6/chapter6_ws/install/fishbot_description/share/fishbot_description/package.dsv
[0.104s] -- Up-to-date: /home/shenhang/my_github/ros_study/chapter6/chapter6_ws/install/fishbot_description/share/ament_index/resource_index/packages/fishbot_description
[0.105s] -- Up-to-date: /home/shenhang/my_github/ros_study/chapter6/chapter6_ws/install/fishbot_description/share/fishbot_description/cmake/fishbot_descriptionConfig.cmake
[0.105s] -- Up-to-date: /home/shenhang/my_github/ros_study/chapter6/chapter6_ws/install/fishbot_description/share/fishbot_description/cmake/fishbot_descriptionConfig-version.cmake
[0.105s] -- Up-to-date: /home/shenhang/my_github/ros_study/chapter6/chapter6_ws/install/fishbot_description/share/fishbot_description/package.xml
[0.105s] Invoked command in '/home/shenhang/my_github/ros_study/chapter6/chapter6_ws/build/fishbot_description' returned '0': CMAKE_PREFIX_PATH=${CMAKE_PREFIX_PATH}:/opt/ros/humble /usr/bin/cmake --install /home/shenhang/my_github/ros_study/chapter6/chapter6_ws/build/fishbot_description
