[0.022s] Invoking command in '/home/shenhang/my_github/ros_study/chapter6/chapter6_ws/build/fishbot_description': CMAKE_PREFIX_PATH=/opt/ros/humble /usr/bin/cmake /home/shenhang/my_github/ros_study/chapter6/chapter6_ws/src/fishbot_description -DCMAKE_INSTALL_PREFIX=/home/shenhang/my_github/ros_study/chapter6/chapter6_ws/install/fishbot_description
[0.289s] -- The C compiler identification is GNU 11.4.0
[0.540s] -- The CXX compiler identification is GNU 11.4.0
[0.572s] -- Detecting C compiler ABI info
[0.745s] -- Detecting C compiler ABI info - done
[0.763s] -- Check for working C compiler: /usr/bin/cc - skipped
[0.764s] -- Detecting C compile features
[0.765s] -- Detecting C compile features - done
[0.776s] -- Detecting CXX compiler ABI info
[0.966s] -- Detecting CXX compiler ABI info - done
[0.987s] -- Check for working CXX compiler: /usr/bin/c++ - skipped
[0.987s] -- Detecting CXX compile features
[0.990s] -- Detecting CXX compile features - done
[0.999s] -- Found ament_cmake: 1.3.12 (/opt/ros/humble/share/ament_cmake/cmake)
[1.322s] -- Found Python3: /usr/bin/python3 (found version "3.10.12") found components: Interpreter 
[1.554s] -- Found ament_lint_auto: 0.12.14 (/opt/ros/humble/share/ament_lint_auto/cmake)
[1.737s] -- Added test 'flake8' to check Python code syntax and style conventions
[1.740s] -- Added test 'lint_cmake' to check CMake code style
[1.744s] -- Added test 'pep257' to check Python code against some of the docstring style conventions in PEP 257
[1.746s] -- Added test 'xmllint' to check XML markup files
[1.749s] -- Configuring done
[1.753s] -- Generating done
[1.757s] -- Build files have been written to: /home/shenhang/my_github/ros_study/chapter6/chapter6_ws/build/fishbot_description
[1.769s] Invoked command in '/home/shenhang/my_github/ros_study/chapter6/chapter6_ws/build/fishbot_description' returned '0': CMAKE_PREFIX_PATH=/opt/ros/humble /usr/bin/cmake /home/shenhang/my_github/ros_study/chapter6/chapter6_ws/src/fishbot_description -DCMAKE_INSTALL_PREFIX=/home/shenhang/my_github/ros_study/chapter6/chapter6_ws/install/fishbot_description
[1.777s] Invoking command in '/home/shenhang/my_github/ros_study/chapter6/chapter6_ws/build/fishbot_description': CMAKE_PREFIX_PATH=/opt/ros/humble /usr/bin/cmake --build /home/shenhang/my_github/ros_study/chapter6/chapter6_ws/build/fishbot_description -- -j6 -l6
[1.846s] Invoked command in '/home/shenhang/my_github/ros_study/chapter6/chapter6_ws/build/fishbot_description' returned '0': CMAKE_PREFIX_PATH=/opt/ros/humble /usr/bin/cmake --build /home/shenhang/my_github/ros_study/chapter6/chapter6_ws/build/fishbot_description -- -j6 -l6
[1.866s] Invoking command in '/home/shenhang/my_github/ros_study/chapter6/chapter6_ws/build/fishbot_description': CMAKE_PREFIX_PATH=/opt/ros/humble /usr/bin/cmake --install /home/shenhang/my_github/ros_study/chapter6/chapter6_ws/build/fishbot_description
[1.880s] -- Install configuration: ""
[1.880s] -- Installing: /home/shenhang/my_github/ros_study/chapter6/chapter6_ws/install/fishbot_description/share/fishbot_description/launch
[1.880s] -- Installing: /home/shenhang/my_github/ros_study/chapter6/chapter6_ws/install/fishbot_description/share/fishbot_description/launch/display_robot.launch.py
[1.880s] -- Installing: /home/shenhang/my_github/ros_study/chapter6/chapter6_ws/install/fishbot_description/share/fishbot_description/urdf
[1.880s] -- Installing: /home/shenhang/my_github/ros_study/chapter6/chapter6_ws/install/fishbot_description/share/fishbot_description/urdf/my_first_robot.pdf
[1.881s] -- Installing: /home/shenhang/my_github/ros_study/chapter6/chapter6_ws/install/fishbot_description/share/fishbot_description/urdf/my_first_robot.gv
[1.881s] -- Installing: /home/shenhang/my_github/ros_study/chapter6/chapter6_ws/install/fishbot_description/share/fishbot_description/urdf/first_robot.urdf
[1.881s] -- Installing: /home/shenhang/my_github/ros_study/chapter6/chapter6_ws/install/fishbot_description/share/ament_index/resource_index/package_run_dependencies/fishbot_description
[1.881s] -- Installing: /home/shenhang/my_github/ros_study/chapter6/chapter6_ws/install/fishbot_description/share/ament_index/resource_index/parent_prefix_path/fishbot_description
[1.882s] -- Installing: /home/shenhang/my_github/ros_study/chapter6/chapter6_ws/install/fishbot_description/share/fishbot_description/environment/ament_prefix_path.sh
[1.882s] -- Installing: /home/shenhang/my_github/ros_study/chapter6/chapter6_ws/install/fishbot_description/share/fishbot_description/environment/ament_prefix_path.dsv
[1.882s] -- Installing: /home/shenhang/my_github/ros_study/chapter6/chapter6_ws/install/fishbot_description/share/fishbot_description/environment/path.sh
[1.882s] -- Installing: /home/shenhang/my_github/ros_study/chapter6/chapter6_ws/install/fishbot_description/share/fishbot_description/environment/path.dsv
[1.882s] -- Installing: /home/shenhang/my_github/ros_study/chapter6/chapter6_ws/install/fishbot_description/share/fishbot_description/local_setup.bash
[1.882s] -- Installing: /home/shenhang/my_github/ros_study/chapter6/chapter6_ws/install/fishbot_description/share/fishbot_description/local_setup.sh
[1.882s] -- Installing: /home/shenhang/my_github/ros_study/chapter6/chapter6_ws/install/fishbot_description/share/fishbot_description/local_setup.zsh
[1.883s] -- Installing: /home/shenhang/my_github/ros_study/chapter6/chapter6_ws/install/fishbot_description/share/fishbot_description/local_setup.dsv
[1.884s] -- Installing: /home/shenhang/my_github/ros_study/chapter6/chapter6_ws/install/fishbot_description/share/fishbot_description/package.dsv
[1.884s] -- Installing: /home/shenhang/my_github/ros_study/chapter6/chapter6_ws/install/fishbot_description/share/ament_index/resource_index/packages/fishbot_description
[1.884s] -- Installing: /home/shenhang/my_github/ros_study/chapter6/chapter6_ws/install/fishbot_description/share/fishbot_description/cmake/fishbot_descriptionConfig.cmake
[1.884s] -- Installing: /home/shenhang/my_github/ros_study/chapter6/chapter6_ws/install/fishbot_description/share/fishbot_description/cmake/fishbot_descriptionConfig-version.cmake
[1.884s] -- Installing: /home/shenhang/my_github/ros_study/chapter6/chapter6_ws/install/fishbot_description/share/fishbot_description/package.xml
[1.885s] Invoked command in '/home/shenhang/my_github/ros_study/chapter6/chapter6_ws/build/fishbot_description' returned '0': CMAKE_PREFIX_PATH=/opt/ros/humble /usr/bin/cmake --install /home/shenhang/my_github/ros_study/chapter6/chapter6_ws/build/fishbot_description
