[1.658s] Invoking command in '/home/shenhang/ros_study/chapter3/topic_workspace/src/demo_python_topic': PYTHONPATH=/home/shenhang/ros_study/chapter3/topic_workspace/build/demo_python_topic/prefix_override:/usr/lib/python3/dist-packages/colcon_core/task/python/colcon_distutils_commands:/home/shenhang/ros_study/chapter3/topic_workspace/install/demo_python_topic/lib/python3.10/site-packages:${PYTHONPATH} /usr/bin/python3 -W ignore:setup.py install is deprecated -W ignore:easy_install command is deprecated setup.py egg_info --egg-base ../../build/demo_python_topic build --build-base /home/shenhang/ros_study/chapter3/topic_workspace/build/demo_python_topic/build install --record /home/shenhang/ros_study/chapter3/topic_workspace/build/demo_python_topic/install.log --single-version-externally-managed install_data
[2.253s] running egg_info
[2.254s] writing ../../build/demo_python_topic/demo_python_topic.egg-info/PKG-INFO
[2.254s] writing dependency_links to ../../build/demo_python_topic/demo_python_topic.egg-info/dependency_links.txt
[2.254s] writing entry points to ../../build/demo_python_topic/demo_python_topic.egg-info/entry_points.txt
[2.254s] writing requirements to ../../build/demo_python_topic/demo_python_topic.egg-info/requires.txt
[2.254s] writing top-level names to ../../build/demo_python_topic/demo_python_topic.egg-info/top_level.txt
[2.257s] reading manifest file '../../build/demo_python_topic/demo_python_topic.egg-info/SOURCES.txt'
[2.257s] adding license file 'LICENSE'
[2.259s] writing manifest file '../../build/demo_python_topic/demo_python_topic.egg-info/SOURCES.txt'
[2.259s] running build
[2.259s] running build_py
[2.260s] running install
[2.260s] running install_lib
[2.261s] running install_data
[2.262s] running install_egg_info
[2.266s] removing '/home/shenhang/ros_study/chapter3/topic_workspace/install/demo_python_topic/lib/python3.10/site-packages/demo_python_topic-0.0.0-py3.10.egg-info' (and everything under it)
[2.267s] Copying ../../build/demo_python_topic/demo_python_topic.egg-info to /home/shenhang/ros_study/chapter3/topic_workspace/install/demo_python_topic/lib/python3.10/site-packages/demo_python_topic-0.0.0-py3.10.egg-info
[2.269s] running install_scripts
[2.311s] Installing novel_pub_node_exe script to /home/shenhang/ros_study/chapter3/topic_workspace/install/demo_python_topic/lib/demo_python_topic
[2.311s] Installing novel_sub_node_exe script to /home/shenhang/ros_study/chapter3/topic_workspace/install/demo_python_topic/lib/demo_python_topic
[2.312s] writing list of installed files to '/home/shenhang/ros_study/chapter3/topic_workspace/build/demo_python_topic/install.log'
[2.365s] Invoked command in '/home/shenhang/ros_study/chapter3/topic_workspace/src/demo_python_topic' returned '0': PYTHONPATH=/home/shenhang/ros_study/chapter3/topic_workspace/build/demo_python_topic/prefix_override:/usr/lib/python3/dist-packages/colcon_core/task/python/colcon_distutils_commands:/home/shenhang/ros_study/chapter3/topic_workspace/install/demo_python_topic/lib/python3.10/site-packages:${PYTHONPATH} /usr/bin/python3 -W ignore:setup.py install is deprecated -W ignore:easy_install command is deprecated setup.py egg_info --egg-base ../../build/demo_python_topic build --build-base /home/shenhang/ros_study/chapter3/topic_workspace/build/demo_python_topic/build install --record /home/shenhang/ros_study/chapter3/topic_workspace/build/demo_python_topic/install.log --single-version-externally-managed install_data
