[1.095s] Invoking command in '/home/shenhang/ros_study/chapter3/topic_practice_workspace/src/status_publisher': CMAKE_PREFIX_PATH=/home/shenhang/ros_study/chapter3/topic_practice_workspace/install/status_interfaces:/home/shenhang/ros_study/chapter3/topic_practice_workspace/install/status_display PYTHONPATH=/home/shenhang/ros_study/chapter3/topic_practice_workspace/build/status_publisher/prefix_override:/usr/lib/python3/dist-packages/colcon_core/task/python/colcon_distutils_commands:/home/shenhang/ros_study/chapter3/topic_practice_workspace/install/status_publisher/lib/python3.10/site-packages:${PYTHONPATH} /usr/bin/python3 -W ignore:setup.py install is deprecated -W ignore:easy_install command is deprecated setup.py egg_info --egg-base ../../build/status_publisher build --build-base /home/shenhang/ros_study/chapter3/topic_practice_workspace/build/status_publisher/build install --record /home/shenhang/ros_study/chapter3/topic_practice_workspace/build/status_publisher/install.log --single-version-externally-managed install_data
[1.514s] running egg_info
[1.514s] writing ../../build/status_publisher/status_publisher.egg-info/PKG-INFO
[1.516s] writing dependency_links to ../../build/status_publisher/status_publisher.egg-info/dependency_links.txt
[1.516s] writing entry points to ../../build/status_publisher/status_publisher.egg-info/entry_points.txt
[1.516s] writing requirements to ../../build/status_publisher/status_publisher.egg-info/requires.txt
[1.516s] writing top-level names to ../../build/status_publisher/status_publisher.egg-info/top_level.txt
[1.517s] reading manifest file '../../build/status_publisher/status_publisher.egg-info/SOURCES.txt'
[1.518s] adding license file 'LICENSE'
[1.520s] writing manifest file '../../build/status_publisher/status_publisher.egg-info/SOURCES.txt'
[1.520s] running build
[1.521s] running build_py
[1.521s] running install
[1.521s] running install_lib
[1.521s] running install_data
[1.522s] running install_egg_info
[1.524s] removing '/home/shenhang/ros_study/chapter3/topic_practice_workspace/install/status_publisher/lib/python3.10/site-packages/status_publisher-0.0.0-py3.10.egg-info' (and everything under it)
[1.527s] Copying ../../build/status_publisher/status_publisher.egg-info to /home/shenhang/ros_study/chapter3/topic_practice_workspace/install/status_publisher/lib/python3.10/site-packages/status_publisher-0.0.0-py3.10.egg-info
[1.528s] running install_scripts
[1.559s] Installing sys_status_pub_exe script to /home/shenhang/ros_study/chapter3/topic_practice_workspace/install/status_publisher/lib/status_publisher
[1.560s] writing list of installed files to '/home/shenhang/ros_study/chapter3/topic_practice_workspace/build/status_publisher/install.log'
[1.592s] Invoked command in '/home/shenhang/ros_study/chapter3/topic_practice_workspace/src/status_publisher' returned '0': CMAKE_PREFIX_PATH=/home/shenhang/ros_study/chapter3/topic_practice_workspace/install/status_interfaces:/home/shenhang/ros_study/chapter3/topic_practice_workspace/install/status_display PYTHONPATH=/home/shenhang/ros_study/chapter3/topic_practice_workspace/build/status_publisher/prefix_override:/usr/lib/python3/dist-packages/colcon_core/task/python/colcon_distutils_commands:/home/shenhang/ros_study/chapter3/topic_practice_workspace/install/status_publisher/lib/python3.10/site-packages:${PYTHONPATH} /usr/bin/python3 -W ignore:setup.py install is deprecated -W ignore:easy_install command is deprecated setup.py egg_info --egg-base ../../build/status_publisher build --build-base /home/shenhang/ros_study/chapter3/topic_practice_workspace/build/status_publisher/build install --record /home/shenhang/ros_study/chapter3/topic_practice_workspace/build/status_publisher/install.log --single-version-externally-managed install_data
