[0.037s] Invoking command in '/home/shenhang/ros_study/chapter3/topic_workspace/build/demo_cpp_topic': CMAKE_PREFIX_PATH=/home/shenhang/ros_study/chapter3/topic_workspace/install/demo_python_topic:/opt/ros/humble /usr/bin/cmake --build /home/shenhang/ros_study/chapter3/topic_workspace/build/demo_cpp_topic -- -j6 -l6
[0.154s] [35m[1mConsolidate compiler generated dependencies of target turtle_circle_exe[0m
[0.180s] [100%] Built target turtle_circle_exe
[0.514s] Invoked command in '/home/shenhang/ros_study/chapter3/topic_workspace/build/demo_cpp_topic' returned '0': CMAKE_PREFIX_PATH=/home/shenhang/ros_study/chapter3/topic_workspace/install/demo_python_topic:/opt/ros/humble /usr/bin/cmake --build /home/shenhang/ros_study/chapter3/topic_workspace/build/demo_cpp_topic -- -j6 -l6
[0.526s] Invoking command in '/home/shenhang/ros_study/chapter3/topic_workspace/build/demo_cpp_topic': CMAKE_PREFIX_PATH=/home/shenhang/ros_study/chapter3/topic_workspace/install/demo_python_topic:/opt/ros/humble /usr/bin/cmake --install /home/shenhang/ros_study/chapter3/topic_workspace/build/demo_cpp_topic
[0.538s] -- Install configuration: ""
[0.539s] -- Up-to-date: /home/shenhang/ros_study/chapter3/topic_workspace/install/demo_cpp_topic/lib/demo_cpp_topic/turtle_circle_exe
[0.539s] -- Up-to-date: /home/shenhang/ros_study/chapter3/topic_workspace/install/demo_cpp_topic/share/ament_index/resource_index/package_run_dependencies/demo_cpp_topic
[0.539s] -- Up-to-date: /home/shenhang/ros_study/chapter3/topic_workspace/install/demo_cpp_topic/share/ament_index/resource_index/parent_prefix_path/demo_cpp_topic
[0.539s] -- Up-to-date: /home/shenhang/ros_study/chapter3/topic_workspace/install/demo_cpp_topic/share/demo_cpp_topic/environment/ament_prefix_path.sh
[0.539s] -- Up-to-date: /home/shenhang/ros_study/chapter3/topic_workspace/install/demo_cpp_topic/share/demo_cpp_topic/environment/ament_prefix_path.dsv
[0.539s] -- Up-to-date: /home/shenhang/ros_study/chapter3/topic_workspace/install/demo_cpp_topic/share/demo_cpp_topic/environment/path.sh
[0.539s] -- Up-to-date: /home/shenhang/ros_study/chapter3/topic_workspace/install/demo_cpp_topic/share/demo_cpp_topic/environment/path.dsv
[0.539s] -- Up-to-date: /home/shenhang/ros_study/chapter3/topic_workspace/install/demo_cpp_topic/share/demo_cpp_topic/local_setup.bash
[0.540s] -- Up-to-date: /home/shenhang/ros_study/chapter3/topic_workspace/install/demo_cpp_topic/share/demo_cpp_topic/local_setup.sh
[0.540s] -- Up-to-date: /home/shenhang/ros_study/chapter3/topic_workspace/install/demo_cpp_topic/share/demo_cpp_topic/local_setup.zsh
[0.540s] -- Up-to-date: /home/shenhang/ros_study/chapter3/topic_workspace/install/demo_cpp_topic/share/demo_cpp_topic/local_setup.dsv
[0.540s] -- Installing: /home/shenhang/ros_study/chapter3/topic_workspace/install/demo_cpp_topic/share/demo_cpp_topic/package.dsv
[0.540s] -- Up-to-date: /home/shenhang/ros_study/chapter3/topic_workspace/install/demo_cpp_topic/share/ament_index/resource_index/packages/demo_cpp_topic
[0.540s] -- Up-to-date: /home/shenhang/ros_study/chapter3/topic_workspace/install/demo_cpp_topic/share/demo_cpp_topic/cmake/demo_cpp_topicConfig.cmake
[0.540s] -- Up-to-date: /home/shenhang/ros_study/chapter3/topic_workspace/install/demo_cpp_topic/share/demo_cpp_topic/cmake/demo_cpp_topicConfig-version.cmake
[0.540s] -- Up-to-date: /home/shenhang/ros_study/chapter3/topic_workspace/install/demo_cpp_topic/share/demo_cpp_topic/package.xml
[0.545s] Invoked command in '/home/shenhang/ros_study/chapter3/topic_workspace/build/demo_cpp_topic' returned '0': CMAKE_PREFIX_PATH=/home/shenhang/ros_study/chapter3/topic_workspace/install/demo_python_topic:/opt/ros/humble /usr/bin/cmake --install /home/shenhang/ros_study/chapter3/topic_workspace/build/demo_cpp_topic
