[0.027s] Invoking command in '/home/shenhang/ros_study/chapter3/topic_practice_workspace/build/status_display': CMAKE_PREFIX_PATH=${CMAKE_PREFIX_PATH}:/home/shenhang/ros_study/chapter3/topic_practice_workspace/install/status_publisher:/opt/ros/humble /usr/bin/cmake /home/shenhang/ros_study/chapter3/topic_practice_workspace/src/status_display -DCMAKE_INSTALL_PREFIX=/home/shenhang/ros_study/chapter3/topic_practice_workspace/install/status_display
[0.223s] -- The C compiler identification is GNU 11.4.0
[0.389s] -- The CXX compiler identification is GNU 11.4.0
[0.408s] -- Detecting C compiler ABI info
[0.522s] -- Detecting C compiler ABI info - done
[0.544s] -- Check for working C compiler: /usr/bin/cc - skipped
[0.545s] -- Detecting C compile features
[0.550s] -- Detecting C compile features - done
[0.558s] -- Detecting CXX compiler ABI info
[0.674s] -- Detecting CXX compiler ABI info - done
[0.694s] -- Check for working CXX compiler: /usr/bin/c++ - skipped
[0.694s] -- Detecting CXX compile features
[0.696s] -- Detecting CXX compile features - done
[0.707s] -- Found ament_cmake: 1.3.12 (/opt/ros/humble/share/ament_cmake/cmake)
[0.983s] -- Found Python3: /usr/bin/python3 (found version "3.10.12") found components: Interpreter 
[1.185s] -- Found rclcpp: 16.0.16 (/opt/ros/humble/share/rclcpp/cmake)
[1.288s] -- Found rosidl_generator_c: 3.1.7 (/opt/ros/humble/share/rosidl_generator_c/cmake)
[1.303s] -- Found rosidl_adapter: 3.1.7 (/opt/ros/humble/share/rosidl_adapter/cmake)
[1.327s] -- Found rosidl_generator_cpp: 3.1.7 (/opt/ros/humble/share/rosidl_generator_cpp/cmake)
[1.368s] -- Using all available rosidl_typesupport_c: rosidl_typesupport_fastrtps_c;rosidl_typesupport_introspection_c
[1.407s] -- Using all available rosidl_typesupport_cpp: rosidl_typesupport_fastrtps_cpp;rosidl_typesupport_introspection_cpp
[1.522s] -- Found rmw_implementation_cmake: 6.1.2 (/opt/ros/humble/share/rmw_implementation_cmake/cmake)
[1.528s] -- Found rmw_fastrtps_cpp: 6.2.9 (/opt/ros/humble/share/rmw_fastrtps_cpp/cmake)
[1.693s] -- Found OpenSSL: /usr/lib/x86_64-linux-gnu/libcrypto.so (found version "3.0.2")  
[1.735s] -- Found FastRTPS: /opt/ros/humble/include  
[1.789s] -- Using RMW implementation 'rmw_fastrtps_cpp' as default
[1.808s] -- Looking for pthread.h
[1.926s] -- Looking for pthread.h - found
[1.930s] -- Performing Test CMAKE_HAVE_LIBC_PTHREAD
[2.042s] -- Performing Test CMAKE_HAVE_LIBC_PTHREAD - Success
[2.042s] -- Found Threads: TRUE  
[2.198s] -- Found status_interfaces: 0.0.0 (/home/shenhang/ros_study/chapter3/topic_practice_workspace/install/status_interfaces/share/status_interfaces/cmake)
[2.278s] -- Found ament_lint_auto: 0.12.14 (/opt/ros/humble/share/ament_lint_auto/cmake)
[2.419s] -- Added test 'cppcheck' to perform static code analysis on C / C++ code
[2.419s] -- Configured cppcheck include dirs: 
[2.419s] -- Configured cppcheck exclude dirs and/or files: 
[2.421s] -- Added test 'lint_cmake' to check CMake code style
[2.422s] -- Added test 'uncrustify' to check C / C++ code style
[2.422s] -- Configured uncrustify additional arguments: 
[2.424s] -- Added test 'xmllint' to check XML markup files
[2.426s] -- Configuring done
[2.439s] -- Generating done
[2.444s] -- Build files have been written to: /home/shenhang/ros_study/chapter3/topic_practice_workspace/build/status_display
[2.463s] Invoked command in '/home/shenhang/ros_study/chapter3/topic_practice_workspace/build/status_display' returned '0': CMAKE_PREFIX_PATH=${CMAKE_PREFIX_PATH}:/home/shenhang/ros_study/chapter3/topic_practice_workspace/install/status_publisher:/opt/ros/humble /usr/bin/cmake /home/shenhang/ros_study/chapter3/topic_practice_workspace/src/status_display -DCMAKE_INSTALL_PREFIX=/home/shenhang/ros_study/chapter3/topic_practice_workspace/install/status_display
[2.464s] Invoking command in '/home/shenhang/ros_study/chapter3/topic_practice_workspace/build/status_display': CMAKE_PREFIX_PATH=${CMAKE_PREFIX_PATH}:/home/shenhang/ros_study/chapter3/topic_practice_workspace/install/status_publisher:/opt/ros/humble /usr/bin/cmake --build /home/shenhang/ros_study/chapter3/topic_practice_workspace/build/status_display -- -j6 -l6
[2.537s] [ 50%] [32mBuilding CXX object CMakeFiles/hello_qt_exe.dir/src/hello_qt.cpp.o[0m
[4.170s] [100%] [32m[1mLinking CXX executable hello_qt_exe[0m
[4.628s] [100%] Built target hello_qt_exe
[4.648s] Invoked command in '/home/shenhang/ros_study/chapter3/topic_practice_workspace/build/status_display' returned '0': CMAKE_PREFIX_PATH=${CMAKE_PREFIX_PATH}:/home/shenhang/ros_study/chapter3/topic_practice_workspace/install/status_publisher:/opt/ros/humble /usr/bin/cmake --build /home/shenhang/ros_study/chapter3/topic_practice_workspace/build/status_display -- -j6 -l6
[4.651s] Invoking command in '/home/shenhang/ros_study/chapter3/topic_practice_workspace/build/status_display': CMAKE_PREFIX_PATH=${CMAKE_PREFIX_PATH}:/home/shenhang/ros_study/chapter3/topic_practice_workspace/install/status_publisher:/opt/ros/humble /usr/bin/cmake --install /home/shenhang/ros_study/chapter3/topic_practice_workspace/build/status_display
[4.664s] -- Install configuration: ""
[4.664s] -- Installing: /home/shenhang/ros_study/chapter3/topic_practice_workspace/install/status_display/lib/status_display/hello_qt_exe
[4.664s] -- Installing: /home/shenhang/ros_study/chapter3/topic_practice_workspace/install/status_display/share/ament_index/resource_index/package_run_dependencies/status_display
[4.664s] -- Installing: /home/shenhang/ros_study/chapter3/topic_practice_workspace/install/status_display/share/ament_index/resource_index/parent_prefix_path/status_display
[4.665s] -- Installing: /home/shenhang/ros_study/chapter3/topic_practice_workspace/install/status_display/share/status_display/environment/ament_prefix_path.sh
[4.665s] -- Installing: /home/shenhang/ros_study/chapter3/topic_practice_workspace/install/status_display/share/status_display/environment/ament_prefix_path.dsv
[4.667s] -- Installing: /home/shenhang/ros_study/chapter3/topic_practice_workspace/install/status_display/share/status_display/environment/path.sh
[4.667s] -- Installing: /home/shenhang/ros_study/chapter3/topic_practice_workspace/install/status_display/share/status_display/environment/path.dsv
[4.668s] -- Installing: /home/shenhang/ros_study/chapter3/topic_practice_workspace/install/status_display/share/status_display/local_setup.bash
[4.668s] -- Installing: /home/shenhang/ros_study/chapter3/topic_practice_workspace/install/status_display/share/status_display/local_setup.sh
[4.668s] -- Installing: /home/shenhang/ros_study/chapter3/topic_practice_workspace/install/status_display/share/status_display/local_setup.zsh
[4.668s] -- Installing: /home/shenhang/ros_study/chapter3/topic_practice_workspace/install/status_display/share/status_display/local_setup.dsv
[4.668s] -- Installing: /home/shenhang/ros_study/chapter3/topic_practice_workspace/install/status_display/share/status_display/package.dsv
[4.669s] -- Installing: /home/shenhang/ros_study/chapter3/topic_practice_workspace/install/status_display/share/ament_index/resource_index/packages/status_display
[4.669s] -- Installing: /home/shenhang/ros_study/chapter3/topic_practice_workspace/install/status_display/share/status_display/cmake/status_displayConfig.cmake
[4.669s] -- Installing: /home/shenhang/ros_study/chapter3/topic_practice_workspace/install/status_display/share/status_display/cmake/status_displayConfig-version.cmake
[4.670s] -- Installing: /home/shenhang/ros_study/chapter3/topic_practice_workspace/install/status_display/share/status_display/package.xml
[4.670s] Invoked command in '/home/shenhang/ros_study/chapter3/topic_practice_workspace/build/status_display' returned '0': CMAKE_PREFIX_PATH=${CMAKE_PREFIX_PATH}:/home/shenhang/ros_study/chapter3/topic_practice_workspace/install/status_publisher:/opt/ros/humble /usr/bin/cmake --install /home/shenhang/ros_study/chapter3/topic_practice_workspace/build/status_display
