[0.040s] Invoking command in '/home/shenhang/ros_study/chapter3/topic_workspace/build/demo_cpp_topic': CMAKE_PREFIX_PATH=/opt/ros/humble /usr/bin/cmake --build /home/shenhang/ros_study/chapter3/topic_workspace/build/demo_cpp_topic -- -j6 -l6
[0.168s] -- Found ament_cmake: 1.3.12 (/opt/ros/humble/share/ament_cmake/cmake)
[0.452s] -- Found rclcpp: 16.0.16 (/opt/ros/humble/share/rclcpp/cmake)
[0.563s] -- Found rosidl_generator_c: 3.1.7 (/opt/ros/humble/share/rosidl_generator_c/cmake)
[0.574s] -- Found rosidl_adapter: 3.1.7 (/opt/ros/humble/share/rosidl_adapter/cmake)
[0.601s] -- Found rosidl_generator_cpp: 3.1.7 (/opt/ros/humble/share/rosidl_generator_cpp/cmake)
[0.643s] -- Using all available rosidl_typesupport_c: rosidl_typesupport_fastrtps_c;rosidl_typesupport_introspection_c
[0.695s] -- Using all available rosidl_typesupport_cpp: rosidl_typesupport_fastrtps_cpp;rosidl_typesupport_introspection_cpp
[0.810s] -- Found rmw_implementation_cmake: 6.1.2 (/opt/ros/humble/share/rmw_implementation_cmake/cmake)
[0.814s] -- Found rmw_fastrtps_cpp: 6.2.9 (/opt/ros/humble/share/rmw_fastrtps_cpp/cmake)
[1.013s] -- Using RMW implementation 'rmw_fastrtps_cpp' as default
[1.195s] -- Found geometry_msgs: 4.9.0 (/opt/ros/humble/share/geometry_msgs/cmake)
[1.241s] -- Found turtlesim: 1.4.3 (/opt/ros/humble/share/turtlesim/cmake)
[1.368s] [31mCMake Error at CMakeLists.txt:15 (add_executable):
[1.368s]   add_executable cannot create target "turtle_circle_exe" because another
[1.368s]   target with the same name already exists.  The existing target is an
[1.368s]   executable created in source directory
[1.368s]   "/home/shenhang/ros_study/chapter3/topic_workspace/src/demo_cpp_topic".
[1.368s]   See documentation for policy CMP0002 for more details.
[1.369s] 
[1.369s] [0m
[1.370s] [31mCMake Error at /opt/ros/humble/share/ament_cmake_target_dependencies/cmake/ament_target_dependencies.cmake:42 (message):
[1.370s]   ament_target_dependencies() the first argument must be a valid target name
[1.370s] Call Stack (most recent call first):
[1.370s]   CMakeLists.txt:17 (ament_target_dependencies)
[1.370s] 
[1.370s] [0m
[1.370s] -- Configuring incomplete, errors occurred!
[1.370s] See also "/home/shenhang/ros_study/chapter3/topic_workspace/build/demo_cpp_topic/CMakeFiles/CMakeOutput.log".
[1.382s] gmake: *** [Makefile:267：cmake_check_build_system] 错误 1
[1.385s] Invoked command in '/home/shenhang/ros_study/chapter3/topic_workspace/build/demo_cpp_topic' returned '2': CMAKE_PREFIX_PATH=/opt/ros/humble /usr/bin/cmake --build /home/shenhang/ros_study/chapter3/topic_workspace/build/demo_cpp_topic -- -j6 -l6
