[0.314s] DEBUG:colcon:Command line arguments: ['/usr/bin/colcon', 'build']
[0.314s] DEBUG:colcon:Parsed command line arguments: Namespace(log_base=None, log_level=None, verb_name='build', build_base='build', install_base='install', merge_install=False, symlink_install=False, test_result_base=None, continue_on_error=False, executor='parallel', parallel_workers=6, event_handlers=None, ignore_user_meta=False, metas=['./colcon.meta'], base_paths=['.'], packages_ignore=None, packages_ignore_regex=None, paths=None, packages_up_to=None, packages_up_to_regex=None, packages_above=None, packages_above_and_dependencies=None, packages_above_depth=None, packages_select_by_dep=None, packages_skip_by_dep=None, packages_skip_up_to=None, packages_select_build_failed=False, packages_skip_build_finished=False, packages_select_test_failures=False, packages_skip_test_passed=False, packages_select=None, packages_skip=None, packages_select_regex=None, packages_skip_regex=None, packages_start=None, packages_end=None, allow_overriding=[], cmake_args=None, cmake_target=None, cmake_target_skip_unavailable=False, cmake_clean_cache=False, cmake_clean_first=False, cmake_force_configure=False, ament_cmake_args=None, catkin_cmake_args=None, catkin_skip_building_tests=False, verb_parser=<colcon_defaults.argument_parser.defaults.DefaultArgumentsDecorator object at 0x78fd6df33700>, verb_extension=<colcon_core.verb.build.BuildVerb object at 0x78fd6df331f0>, main=<bound method BuildVerb.main of <colcon_core.verb.build.BuildVerb object at 0x78fd6df331f0>>)
[0.819s] Level 1:colcon.colcon_core.package_discovery:discover_packages(colcon_meta) check parameters
[0.820s] Level 1:colcon.colcon_core.package_discovery:discover_packages(recursive) check parameters
[0.820s] Level 1:colcon.colcon_core.package_discovery:discover_packages(ignore) check parameters
[0.820s] Level 1:colcon.colcon_core.package_discovery:discover_packages(path) check parameters
[0.820s] Level 1:colcon.colcon_core.package_discovery:discover_packages(colcon_meta) discover
[0.820s] Level 1:colcon.colcon_core.package_discovery:discover_packages(recursive) discover
[0.820s] INFO:colcon.colcon_core.package_discovery:Crawling recursively for packages in '/home/shenhang/ros_study/chapter3/topic_workspace'
[0.820s] Level 1:colcon.colcon_core.package_identification:_identify(.) by extensions ['ignore', 'ignore_ament_install']
[0.820s] Level 1:colcon.colcon_core.package_identification:_identify(.) by extension 'ignore'
[0.821s] Level 1:colcon.colcon_core.package_identification:_identify(.) by extension 'ignore_ament_install'
[0.821s] Level 1:colcon.colcon_core.package_identification:_identify(.) by extensions ['colcon_pkg']
[0.821s] Level 1:colcon.colcon_core.package_identification:_identify(.) by extension 'colcon_pkg'
[0.821s] Level 1:colcon.colcon_core.package_identification:_identify(.) by extensions ['colcon_meta']
[0.821s] Level 1:colcon.colcon_core.package_identification:_identify(.) by extension 'colcon_meta'
[0.821s] Level 1:colcon.colcon_core.package_identification:_identify(.) by extensions ['ros']
[0.821s] Level 1:colcon.colcon_core.package_identification:_identify(.) by extension 'ros'
[0.840s] Level 1:colcon.colcon_core.package_identification:_identify(.) by extensions ['cmake', 'python']
[0.840s] Level 1:colcon.colcon_core.package_identification:_identify(.) by extension 'cmake'
[0.840s] Level 1:colcon.colcon_core.package_identification:_identify(.) by extension 'python'
[0.840s] Level 1:colcon.colcon_core.package_identification:_identify(.) by extensions ['python_setup_py']
[0.840s] Level 1:colcon.colcon_core.package_identification:_identify(.) by extension 'python_setup_py'
[0.840s] Level 1:colcon.colcon_core.package_identification:_identify(build) by extensions ['ignore', 'ignore_ament_install']
[0.841s] Level 1:colcon.colcon_core.package_identification:_identify(build) by extension 'ignore'
[0.841s] Level 1:colcon.colcon_core.package_identification:_identify(build) ignored
[0.841s] Level 1:colcon.colcon_core.package_identification:_identify(install) by extensions ['ignore', 'ignore_ament_install']
[0.841s] Level 1:colcon.colcon_core.package_identification:_identify(install) by extension 'ignore'
[0.841s] Level 1:colcon.colcon_core.package_identification:_identify(install) ignored
[0.841s] Level 1:colcon.colcon_core.package_identification:_identify(log) by extensions ['ignore', 'ignore_ament_install']
[0.841s] Level 1:colcon.colcon_core.package_identification:_identify(log) by extension 'ignore'
[0.841s] Level 1:colcon.colcon_core.package_identification:_identify(log) ignored
[0.841s] Level 1:colcon.colcon_core.package_identification:_identify(src) by extensions ['ignore', 'ignore_ament_install']
[0.842s] Level 1:colcon.colcon_core.package_identification:_identify(src) by extension 'ignore'
[0.842s] Level 1:colcon.colcon_core.package_identification:_identify(src) by extension 'ignore_ament_install'
[0.842s] Level 1:colcon.colcon_core.package_identification:_identify(src) by extensions ['colcon_pkg']
[0.842s] Level 1:colcon.colcon_core.package_identification:_identify(src) by extension 'colcon_pkg'
[0.842s] Level 1:colcon.colcon_core.package_identification:_identify(src) by extensions ['colcon_meta']
[0.842s] Level 1:colcon.colcon_core.package_identification:_identify(src) by extension 'colcon_meta'
[0.842s] Level 1:colcon.colcon_core.package_identification:_identify(src) by extensions ['ros']
[0.842s] Level 1:colcon.colcon_core.package_identification:_identify(src) by extension 'ros'
[0.842s] Level 1:colcon.colcon_core.package_identification:_identify(src) by extensions ['cmake', 'python']
[0.842s] Level 1:colcon.colcon_core.package_identification:_identify(src) by extension 'cmake'
[0.842s] Level 1:colcon.colcon_core.package_identification:_identify(src) by extension 'python'
[0.842s] Level 1:colcon.colcon_core.package_identification:_identify(src) by extensions ['python_setup_py']
[0.842s] Level 1:colcon.colcon_core.package_identification:_identify(src) by extension 'python_setup_py'
[0.842s] Level 1:colcon.colcon_core.package_identification:_identify(src/demo_cpp_topic) by extensions ['ignore', 'ignore_ament_install']
[0.843s] Level 1:colcon.colcon_core.package_identification:_identify(src/demo_cpp_topic) by extension 'ignore'
[0.843s] Level 1:colcon.colcon_core.package_identification:_identify(src/demo_cpp_topic) by extension 'ignore_ament_install'
[0.843s] Level 1:colcon.colcon_core.package_identification:_identify(src/demo_cpp_topic) by extensions ['colcon_pkg']
[0.843s] Level 1:colcon.colcon_core.package_identification:_identify(src/demo_cpp_topic) by extension 'colcon_pkg'
[0.843s] Level 1:colcon.colcon_core.package_identification:_identify(src/demo_cpp_topic) by extensions ['colcon_meta']
[0.843s] Level 1:colcon.colcon_core.package_identification:_identify(src/demo_cpp_topic) by extension 'colcon_meta'
[0.843s] Level 1:colcon.colcon_core.package_identification:_identify(src/demo_cpp_topic) by extensions ['ros']
[0.844s] Level 1:colcon.colcon_core.package_identification:_identify(src/demo_cpp_topic) by extension 'ros'
[0.849s] DEBUG:colcon.colcon_core.package_identification:Package 'src/demo_cpp_topic' with type 'ros.ament_cmake' and name 'demo_cpp_topic'
[0.849s] Level 1:colcon.colcon_core.package_identification:_identify(src/demo_python_topic) by extensions ['ignore', 'ignore_ament_install']
[0.849s] Level 1:colcon.colcon_core.package_identification:_identify(src/demo_python_topic) by extension 'ignore'
[0.849s] Level 1:colcon.colcon_core.package_identification:_identify(src/demo_python_topic) by extension 'ignore_ament_install'
[0.849s] Level 1:colcon.colcon_core.package_identification:_identify(src/demo_python_topic) by extensions ['colcon_pkg']
[0.849s] Level 1:colcon.colcon_core.package_identification:_identify(src/demo_python_topic) by extension 'colcon_pkg'
[0.849s] Level 1:colcon.colcon_core.package_identification:_identify(src/demo_python_topic) by extensions ['colcon_meta']
[0.849s] Level 1:colcon.colcon_core.package_identification:_identify(src/demo_python_topic) by extension 'colcon_meta'
[0.850s] Level 1:colcon.colcon_core.package_identification:_identify(src/demo_python_topic) by extensions ['ros']
[0.850s] Level 1:colcon.colcon_core.package_identification:_identify(src/demo_python_topic) by extension 'ros'
[0.851s] DEBUG:colcon.colcon_core.package_identification:Package 'src/demo_python_topic' with type 'ros.ament_python' and name 'demo_python_topic'
[0.851s] Level 1:colcon.colcon_core.package_discovery:discover_packages(recursive) using defaults
[0.851s] Level 1:colcon.colcon_core.package_discovery:discover_packages(ignore) discover
[0.851s] Level 1:colcon.colcon_core.package_discovery:discover_packages(ignore) using defaults
[0.851s] Level 1:colcon.colcon_core.package_discovery:discover_packages(path) discover
[0.851s] Level 1:colcon.colcon_core.package_discovery:discover_packages(path) using defaults
[0.884s] Level 1:colcon.colcon_core.package_discovery:discover_packages(prefix_path) check parameters
[0.884s] Level 1:colcon.colcon_core.package_discovery:discover_packages(prefix_path) discover
[0.887s] DEBUG:colcon.colcon_installed_package_information.package_discovery:Found 2 installed packages in /home/shenhang/ros_study/chapter3/topic_workspace/install
[0.889s] DEBUG:colcon.colcon_installed_package_information.package_discovery:Found 271 installed packages in /opt/ros/humble
[0.894s] Level 1:colcon.colcon_core.package_discovery:discover_packages(prefix_path) using defaults
[0.993s] Level 5:colcon.colcon_core.verb:set package 'demo_cpp_topic' build argument 'cmake_args' from command line to 'None'
[0.993s] Level 5:colcon.colcon_core.verb:set package 'demo_cpp_topic' build argument 'cmake_target' from command line to 'None'
[0.993s] Level 5:colcon.colcon_core.verb:set package 'demo_cpp_topic' build argument 'cmake_target_skip_unavailable' from command line to 'False'
[0.994s] Level 5:colcon.colcon_core.verb:set package 'demo_cpp_topic' build argument 'cmake_clean_cache' from command line to 'False'
[0.994s] Level 5:colcon.colcon_core.verb:set package 'demo_cpp_topic' build argument 'cmake_clean_first' from command line to 'False'
[0.994s] Level 5:colcon.colcon_core.verb:set package 'demo_cpp_topic' build argument 'cmake_force_configure' from command line to 'False'
[0.994s] Level 5:colcon.colcon_core.verb:set package 'demo_cpp_topic' build argument 'ament_cmake_args' from command line to 'None'
[0.994s] Level 5:colcon.colcon_core.verb:set package 'demo_cpp_topic' build argument 'catkin_cmake_args' from command line to 'None'
[0.994s] Level 5:colcon.colcon_core.verb:set package 'demo_cpp_topic' build argument 'catkin_skip_building_tests' from command line to 'False'
[0.994s] DEBUG:colcon.colcon_core.verb:Building package 'demo_cpp_topic' with the following arguments: {'ament_cmake_args': None, 'build_base': '/home/shenhang/ros_study/chapter3/topic_workspace/build/demo_cpp_topic', 'catkin_cmake_args': None, 'catkin_skip_building_tests': False, 'cmake_args': None, 'cmake_clean_cache': False, 'cmake_clean_first': False, 'cmake_force_configure': False, 'cmake_target': None, 'cmake_target_skip_unavailable': False, 'install_base': '/home/shenhang/ros_study/chapter3/topic_workspace/install/demo_cpp_topic', 'merge_install': False, 'path': '/home/shenhang/ros_study/chapter3/topic_workspace/src/demo_cpp_topic', 'symlink_install': False, 'test_result_base': None}
[0.994s] Level 5:colcon.colcon_core.verb:set package 'demo_python_topic' build argument 'cmake_args' from command line to 'None'
[0.994s] Level 5:colcon.colcon_core.verb:set package 'demo_python_topic' build argument 'cmake_target' from command line to 'None'
[0.995s] Level 5:colcon.colcon_core.verb:set package 'demo_python_topic' build argument 'cmake_target_skip_unavailable' from command line to 'False'
[0.995s] Level 5:colcon.colcon_core.verb:set package 'demo_python_topic' build argument 'cmake_clean_cache' from command line to 'False'
[0.995s] Level 5:colcon.colcon_core.verb:set package 'demo_python_topic' build argument 'cmake_clean_first' from command line to 'False'
[0.995s] Level 5:colcon.colcon_core.verb:set package 'demo_python_topic' build argument 'cmake_force_configure' from command line to 'False'
[0.995s] Level 5:colcon.colcon_core.verb:set package 'demo_python_topic' build argument 'ament_cmake_args' from command line to 'None'
[0.995s] Level 5:colcon.colcon_core.verb:set package 'demo_python_topic' build argument 'catkin_cmake_args' from command line to 'None'
[0.995s] Level 5:colcon.colcon_core.verb:set package 'demo_python_topic' build argument 'catkin_skip_building_tests' from command line to 'False'
[0.995s] DEBUG:colcon.colcon_core.verb:Building package 'demo_python_topic' with the following arguments: {'ament_cmake_args': None, 'build_base': '/home/shenhang/ros_study/chapter3/topic_workspace/build/demo_python_topic', 'catkin_cmake_args': None, 'catkin_skip_building_tests': False, 'cmake_args': None, 'cmake_clean_cache': False, 'cmake_clean_first': False, 'cmake_force_configure': False, 'cmake_target': None, 'cmake_target_skip_unavailable': False, 'install_base': '/home/shenhang/ros_study/chapter3/topic_workspace/install/demo_python_topic', 'merge_install': False, 'path': '/home/shenhang/ros_study/chapter3/topic_workspace/src/demo_python_topic', 'symlink_install': False, 'test_result_base': None}
[0.995s] INFO:colcon.colcon_core.executor:Executing jobs using 'parallel' executor
[0.996s] DEBUG:colcon.colcon_parallel_executor.executor.parallel:run_until_complete
[0.997s] INFO:colcon.colcon_ros.task.ament_cmake.build:Building ROS package in '/home/shenhang/ros_study/chapter3/topic_workspace/src/demo_cpp_topic' with build type 'ament_cmake'
[0.997s] INFO:colcon.colcon_cmake.task.cmake.build:Building CMake package in '/home/shenhang/ros_study/chapter3/topic_workspace/src/demo_cpp_topic'
[1.000s] INFO:colcon.colcon_core.plugin_system:Skipping extension 'colcon_core.shell.bat': Not used on non-Windows systems
[1.000s] INFO:colcon.colcon_core.shell:Skip shell extension 'powershell' for command environment: Not usable outside of PowerShell
[1.000s] DEBUG:colcon.colcon_core.shell:Skip shell extension 'dsv' for command environment
[1.008s] INFO:colcon.colcon_ros.task.ament_python.build:Building ROS package in '/home/shenhang/ros_study/chapter3/topic_workspace/src/demo_python_topic' with build type 'ament_python'
[1.008s] Level 1:colcon.colcon_core.shell:create_environment_hook('demo_python_topic', 'ament_prefix_path')
[1.008s] INFO:colcon.colcon_core.shell:Creating environment hook '/home/shenhang/ros_study/chapter3/topic_workspace/install/demo_python_topic/share/demo_python_topic/hook/ament_prefix_path.ps1'
[1.010s] INFO:colcon.colcon_core.shell:Creating environment descriptor '/home/shenhang/ros_study/chapter3/topic_workspace/install/demo_python_topic/share/demo_python_topic/hook/ament_prefix_path.dsv'
[1.011s] INFO:colcon.colcon_core.shell:Creating environment hook '/home/shenhang/ros_study/chapter3/topic_workspace/install/demo_python_topic/share/demo_python_topic/hook/ament_prefix_path.sh'
[1.012s] INFO:colcon.colcon_core.shell:Skip shell extension 'powershell' for command environment: Not usable outside of PowerShell
[1.012s] DEBUG:colcon.colcon_core.shell:Skip shell extension 'dsv' for command environment
[1.028s] DEBUG:colcon.colcon_core.event_handler.log_command:Invoking command in '/home/shenhang/ros_study/chapter3/topic_workspace/build/demo_cpp_topic': CMAKE_PREFIX_PATH=/home/shenhang/ros_study/chapter3/topic_workspace/install/demo_python_topic:/opt/ros/humble /usr/bin/cmake --build /home/shenhang/ros_study/chapter3/topic_workspace/build/demo_cpp_topic -- -j6 -l6
[1.532s] INFO:colcon.colcon_core.task.python.build:Building Python package in '/home/shenhang/ros_study/chapter3/topic_workspace/src/demo_python_topic'
[1.534s] INFO:colcon.colcon_core.shell:Skip shell extension 'powershell' for command environment: Not usable outside of PowerShell
[1.534s] DEBUG:colcon.colcon_core.shell:Skip shell extension 'dsv' for command environment
[2.163s] DEBUG:colcon.colcon_core.event_handler.log_command:Invoking command in '/home/shenhang/ros_study/chapter3/topic_workspace/src/demo_python_topic': PYTHONPATH=/home/shenhang/ros_study/chapter3/topic_workspace/build/demo_python_topic/prefix_override:/usr/lib/python3/dist-packages/colcon_core/task/python/colcon_distutils_commands:/home/shenhang/ros_study/chapter3/topic_workspace/install/demo_python_topic/lib/python3.10/site-packages:${PYTHONPATH} /usr/bin/python3 -W ignore:setup.py install is deprecated -W ignore:easy_install command is deprecated setup.py egg_info --egg-base ../../build/demo_python_topic build --build-base /home/shenhang/ros_study/chapter3/topic_workspace/build/demo_python_topic/build install --record /home/shenhang/ros_study/chapter3/topic_workspace/build/demo_python_topic/install.log --single-version-externally-managed install_data
[2.738s] DEBUG:colcon.colcon_core.event_handler.log_command:Invoked command in '/home/shenhang/ros_study/chapter3/topic_workspace/src/demo_python_topic' returned '0': PYTHONPATH=/home/shenhang/ros_study/chapter3/topic_workspace/build/demo_python_topic/prefix_override:/usr/lib/python3/dist-packages/colcon_core/task/python/colcon_distutils_commands:/home/shenhang/ros_study/chapter3/topic_workspace/install/demo_python_topic/lib/python3.10/site-packages:${PYTHONPATH} /usr/bin/python3 -W ignore:setup.py install is deprecated -W ignore:easy_install command is deprecated setup.py egg_info --egg-base ../../build/demo_python_topic build --build-base /home/shenhang/ros_study/chapter3/topic_workspace/build/demo_python_topic/build install --record /home/shenhang/ros_study/chapter3/topic_workspace/build/demo_python_topic/install.log --single-version-externally-managed install_data
[2.744s] Level 1:colcon.colcon_core.environment:checking '/home/shenhang/ros_study/chapter3/topic_workspace/install/demo_python_topic' for CMake module files
[2.746s] Level 1:colcon.colcon_core.environment:checking '/home/shenhang/ros_study/chapter3/topic_workspace/install/demo_python_topic' for CMake config files
[2.747s] Level 1:colcon.colcon_core.environment:checking '/home/shenhang/ros_study/chapter3/topic_workspace/install/demo_python_topic/lib'
[2.747s] Level 1:colcon.colcon_core.environment:checking '/home/shenhang/ros_study/chapter3/topic_workspace/install/demo_python_topic/bin'
[2.747s] Level 1:colcon.colcon_core.environment:checking '/home/shenhang/ros_study/chapter3/topic_workspace/install/demo_python_topic/lib/pkgconfig/demo_python_topic.pc'
[2.748s] Level 1:colcon.colcon_core.environment:checking '/home/shenhang/ros_study/chapter3/topic_workspace/install/demo_python_topic/lib/python3.10/site-packages'
[2.748s] Level 1:colcon.colcon_core.shell:create_environment_hook('demo_python_topic', 'pythonpath')
[2.750s] INFO:colcon.colcon_core.shell:Creating environment hook '/home/shenhang/ros_study/chapter3/topic_workspace/install/demo_python_topic/share/demo_python_topic/hook/pythonpath.ps1'
[2.750s] INFO:colcon.colcon_core.shell:Creating environment descriptor '/home/shenhang/ros_study/chapter3/topic_workspace/install/demo_python_topic/share/demo_python_topic/hook/pythonpath.dsv'
[2.752s] INFO:colcon.colcon_core.shell:Creating environment hook '/home/shenhang/ros_study/chapter3/topic_workspace/install/demo_python_topic/share/demo_python_topic/hook/pythonpath.sh'
[2.754s] Level 1:colcon.colcon_core.environment:checking '/home/shenhang/ros_study/chapter3/topic_workspace/install/demo_python_topic/bin'
[2.754s] Level 1:colcon.colcon_core.environment:create_environment_scripts_only(demo_python_topic)
[2.754s] INFO:colcon.colcon_core.shell:Creating package script '/home/shenhang/ros_study/chapter3/topic_workspace/install/demo_python_topic/share/demo_python_topic/package.ps1'
[2.757s] INFO:colcon.colcon_core.shell:Creating package descriptor '/home/shenhang/ros_study/chapter3/topic_workspace/install/demo_python_topic/share/demo_python_topic/package.dsv'
[2.758s] INFO:colcon.colcon_core.shell:Creating package script '/home/shenhang/ros_study/chapter3/topic_workspace/install/demo_python_topic/share/demo_python_topic/package.sh'
[2.760s] INFO:colcon.colcon_core.shell:Creating package script '/home/shenhang/ros_study/chapter3/topic_workspace/install/demo_python_topic/share/demo_python_topic/package.bash'
[2.761s] INFO:colcon.colcon_core.shell:Creating package script '/home/shenhang/ros_study/chapter3/topic_workspace/install/demo_python_topic/share/demo_python_topic/package.zsh'
[2.763s] Level 1:colcon.colcon_core.environment:create_file_with_runtime_dependencies(/home/shenhang/ros_study/chapter3/topic_workspace/install/demo_python_topic/share/colcon-core/packages/demo_python_topic)
[8.914s] DEBUG:colcon.colcon_core.event_handler.log_command:Invoked command in '/home/shenhang/ros_study/chapter3/topic_workspace/build/demo_cpp_topic' returned '0': CMAKE_PREFIX_PATH=/home/shenhang/ros_study/chapter3/topic_workspace/install/demo_python_topic:/opt/ros/humble /usr/bin/cmake --build /home/shenhang/ros_study/chapter3/topic_workspace/build/demo_cpp_topic -- -j6 -l6
[8.926s] DEBUG:colcon.colcon_core.event_handler.log_command:Invoking command in '/home/shenhang/ros_study/chapter3/topic_workspace/build/demo_cpp_topic': CMAKE_PREFIX_PATH=/home/shenhang/ros_study/chapter3/topic_workspace/install/demo_python_topic:/opt/ros/humble /usr/bin/cmake --install /home/shenhang/ros_study/chapter3/topic_workspace/build/demo_cpp_topic
[8.949s] Level 1:colcon.colcon_core.environment:create_environment_scripts_only(demo_cpp_topic)
[8.950s] DEBUG:colcon.colcon_core.event_handler.log_command:Invoked command in '/home/shenhang/ros_study/chapter3/topic_workspace/build/demo_cpp_topic' returned '0': CMAKE_PREFIX_PATH=/home/shenhang/ros_study/chapter3/topic_workspace/install/demo_python_topic:/opt/ros/humble /usr/bin/cmake --install /home/shenhang/ros_study/chapter3/topic_workspace/build/demo_cpp_topic
[8.950s] Level 1:colcon.colcon_core.environment:checking '/home/shenhang/ros_study/chapter3/topic_workspace/install/demo_cpp_topic' for CMake module files
[8.952s] Level 1:colcon.colcon_core.environment:checking '/home/shenhang/ros_study/chapter3/topic_workspace/install/demo_cpp_topic' for CMake config files
[8.952s] Level 1:colcon.colcon_core.shell:create_environment_hook('demo_cpp_topic', 'cmake_prefix_path')
[8.953s] INFO:colcon.colcon_core.shell:Creating environment hook '/home/shenhang/ros_study/chapter3/topic_workspace/install/demo_cpp_topic/share/demo_cpp_topic/hook/cmake_prefix_path.ps1'
[8.954s] INFO:colcon.colcon_core.shell:Creating environment descriptor '/home/shenhang/ros_study/chapter3/topic_workspace/install/demo_cpp_topic/share/demo_cpp_topic/hook/cmake_prefix_path.dsv'
[8.955s] INFO:colcon.colcon_core.shell:Creating environment hook '/home/shenhang/ros_study/chapter3/topic_workspace/install/demo_cpp_topic/share/demo_cpp_topic/hook/cmake_prefix_path.sh'
[8.956s] Level 1:colcon.colcon_core.environment:checking '/home/shenhang/ros_study/chapter3/topic_workspace/install/demo_cpp_topic/lib'
[8.956s] Level 1:colcon.colcon_core.environment:checking '/home/shenhang/ros_study/chapter3/topic_workspace/install/demo_cpp_topic/bin'
[8.956s] Level 1:colcon.colcon_core.environment:checking '/home/shenhang/ros_study/chapter3/topic_workspace/install/demo_cpp_topic/lib/pkgconfig/demo_cpp_topic.pc'
[8.957s] Level 1:colcon.colcon_core.environment:checking '/home/shenhang/ros_study/chapter3/topic_workspace/install/demo_cpp_topic/lib/python3.10/site-packages'
[8.957s] Level 1:colcon.colcon_core.environment:checking '/home/shenhang/ros_study/chapter3/topic_workspace/install/demo_cpp_topic/bin'
[8.958s] INFO:colcon.colcon_core.shell:Creating package script '/home/shenhang/ros_study/chapter3/topic_workspace/install/demo_cpp_topic/share/demo_cpp_topic/package.ps1'
[8.959s] INFO:colcon.colcon_core.shell:Creating package descriptor '/home/shenhang/ros_study/chapter3/topic_workspace/install/demo_cpp_topic/share/demo_cpp_topic/package.dsv'
[8.960s] INFO:colcon.colcon_core.shell:Creating package script '/home/shenhang/ros_study/chapter3/topic_workspace/install/demo_cpp_topic/share/demo_cpp_topic/package.sh'
[8.962s] INFO:colcon.colcon_core.shell:Creating package script '/home/shenhang/ros_study/chapter3/topic_workspace/install/demo_cpp_topic/share/demo_cpp_topic/package.bash'
[8.963s] INFO:colcon.colcon_core.shell:Creating package script '/home/shenhang/ros_study/chapter3/topic_workspace/install/demo_cpp_topic/share/demo_cpp_topic/package.zsh'
[8.965s] Level 1:colcon.colcon_core.environment:create_file_with_runtime_dependencies(/home/shenhang/ros_study/chapter3/topic_workspace/install/demo_cpp_topic/share/colcon-core/packages/demo_cpp_topic)
[8.966s] Level 1:colcon.colcon_core.environment:create_environment_scripts_only(demo_cpp_topic)
[8.967s] Level 1:colcon.colcon_core.environment:checking '/home/shenhang/ros_study/chapter3/topic_workspace/install/demo_cpp_topic' for CMake module files
[8.968s] Level 1:colcon.colcon_core.environment:checking '/home/shenhang/ros_study/chapter3/topic_workspace/install/demo_cpp_topic' for CMake config files
[8.969s] Level 1:colcon.colcon_core.shell:create_environment_hook('demo_cpp_topic', 'cmake_prefix_path')
[8.970s] INFO:colcon.colcon_core.shell:Creating environment hook '/home/shenhang/ros_study/chapter3/topic_workspace/install/demo_cpp_topic/share/demo_cpp_topic/hook/cmake_prefix_path.ps1'
[8.971s] INFO:colcon.colcon_core.shell:Creating environment descriptor '/home/shenhang/ros_study/chapter3/topic_workspace/install/demo_cpp_topic/share/demo_cpp_topic/hook/cmake_prefix_path.dsv'
[8.972s] INFO:colcon.colcon_core.shell:Creating environment hook '/home/shenhang/ros_study/chapter3/topic_workspace/install/demo_cpp_topic/share/demo_cpp_topic/hook/cmake_prefix_path.sh'
[8.973s] Level 1:colcon.colcon_core.environment:checking '/home/shenhang/ros_study/chapter3/topic_workspace/install/demo_cpp_topic/lib'
[8.974s] Level 1:colcon.colcon_core.environment:checking '/home/shenhang/ros_study/chapter3/topic_workspace/install/demo_cpp_topic/bin'
[8.974s] Level 1:colcon.colcon_core.environment:checking '/home/shenhang/ros_study/chapter3/topic_workspace/install/demo_cpp_topic/lib/pkgconfig/demo_cpp_topic.pc'
[8.974s] Level 1:colcon.colcon_core.environment:checking '/home/shenhang/ros_study/chapter3/topic_workspace/install/demo_cpp_topic/lib/python3.10/site-packages'
[8.975s] Level 1:colcon.colcon_core.environment:checking '/home/shenhang/ros_study/chapter3/topic_workspace/install/demo_cpp_topic/bin'
[8.978s] INFO:colcon.colcon_core.shell:Creating package script '/home/shenhang/ros_study/chapter3/topic_workspace/install/demo_cpp_topic/share/demo_cpp_topic/package.ps1'
[8.979s] INFO:colcon.colcon_core.shell:Creating package descriptor '/home/shenhang/ros_study/chapter3/topic_workspace/install/demo_cpp_topic/share/demo_cpp_topic/package.dsv'
[8.980s] INFO:colcon.colcon_core.shell:Creating package script '/home/shenhang/ros_study/chapter3/topic_workspace/install/demo_cpp_topic/share/demo_cpp_topic/package.sh'
[8.981s] INFO:colcon.colcon_core.shell:Creating package script '/home/shenhang/ros_study/chapter3/topic_workspace/install/demo_cpp_topic/share/demo_cpp_topic/package.bash'
[8.982s] INFO:colcon.colcon_core.shell:Creating package script '/home/shenhang/ros_study/chapter3/topic_workspace/install/demo_cpp_topic/share/demo_cpp_topic/package.zsh'
[8.982s] Level 1:colcon.colcon_core.environment:create_file_with_runtime_dependencies(/home/shenhang/ros_study/chapter3/topic_workspace/install/demo_cpp_topic/share/colcon-core/packages/demo_cpp_topic)
[8.983s] DEBUG:colcon.colcon_parallel_executor.executor.parallel:closing loop
[8.983s] DEBUG:colcon.colcon_parallel_executor.executor.parallel:loop closed
[8.983s] DEBUG:colcon.colcon_parallel_executor.executor.parallel:run_until_complete finished with '0'
[8.983s] DEBUG:colcon.colcon_core.event_reactor:joining thread
[8.994s] INFO:colcon.colcon_core.plugin_system:Skipping extension 'colcon_notification.desktop_notification.terminal_notifier': Not used on non-Darwin systems
[8.995s] INFO:colcon.colcon_core.plugin_system:Skipping extension 'colcon_notification.desktop_notification.win32': Not used on non-Windows systems
[8.995s] INFO:colcon.colcon_notification.desktop_notification:Sending desktop notification using 'notify2'
[9.024s] DEBUG:colcon.colcon_core.event_reactor:joined thread
[9.024s] INFO:colcon.colcon_core.shell:Creating prefix script '/home/shenhang/ros_study/chapter3/topic_workspace/install/local_setup.ps1'
[9.026s] INFO:colcon.colcon_core.shell:Creating prefix util module '/home/shenhang/ros_study/chapter3/topic_workspace/install/_local_setup_util_ps1.py'
[9.029s] INFO:colcon.colcon_core.shell:Creating prefix chain script '/home/shenhang/ros_study/chapter3/topic_workspace/install/setup.ps1'
[9.031s] INFO:colcon.colcon_core.shell:Creating prefix script '/home/shenhang/ros_study/chapter3/topic_workspace/install/local_setup.sh'
[9.032s] INFO:colcon.colcon_core.shell:Creating prefix util module '/home/shenhang/ros_study/chapter3/topic_workspace/install/_local_setup_util_sh.py'
[9.034s] INFO:colcon.colcon_core.shell:Creating prefix chain script '/home/shenhang/ros_study/chapter3/topic_workspace/install/setup.sh'
[9.036s] INFO:colcon.colcon_core.shell:Creating prefix script '/home/shenhang/ros_study/chapter3/topic_workspace/install/local_setup.bash'
[9.037s] INFO:colcon.colcon_core.shell:Creating prefix chain script '/home/shenhang/ros_study/chapter3/topic_workspace/install/setup.bash'
[9.039s] INFO:colcon.colcon_core.shell:Creating prefix script '/home/shenhang/ros_study/chapter3/topic_workspace/install/local_setup.zsh'
[9.040s] INFO:colcon.colcon_core.shell:Creating prefix chain script '/home/shenhang/ros_study/chapter3/topic_workspace/install/setup.zsh'
