[0.044s] Invoking command in '/home/shenhang/ros_study/chapter3/topic_workspace/build/demo_cpp_topic': CMAKE_PREFIX_PATH=/home/shenhang/ros_study/chapter3/topic_workspace/install/demo_python_topic:/opt/ros/humble /usr/bin/cmake --build /home/shenhang/ros_study/chapter3/topic_workspace/build/demo_cpp_topic -- -j6 -l6
[0.120s] [35m[1mConsolidate compiler generated dependencies of target turtle_circle_exe[0m
[0.159s] [ 50%] [32mBuilding CXX object CMakeFiles/turtle_circle_exe.dir/src/turtle_circle.cpp.o[0m
[6.853s] [100%] [32m[1mLinking CXX executable turtle_circle_exe[0m
[7.154s] [100%] Built target turtle_circle_exe
[7.178s] Invoked command in '/home/shenhang/ros_study/chapter3/topic_workspace/build/demo_cpp_topic' returned '0': CMAKE_PREFIX_PATH=/home/shenhang/ros_study/chapter3/topic_workspace/install/demo_python_topic:/opt/ros/humble /usr/bin/cmake --build /home/shenhang/ros_study/chapter3/topic_workspace/build/demo_cpp_topic -- -j6 -l6
[7.198s] Invoking command in '/home/shenhang/ros_study/chapter3/topic_workspace/build/demo_cpp_topic': CMAKE_PREFIX_PATH=/home/shenhang/ros_study/chapter3/topic_workspace/install/demo_python_topic:/opt/ros/humble /usr/bin/cmake --install /home/shenhang/ros_study/chapter3/topic_workspace/build/demo_cpp_topic
[7.208s] -- Install configuration: ""
[7.212s] -- Installing: /home/shenhang/ros_study/chapter3/topic_workspace/install/demo_cpp_topic/lib/demo_cpp_topic/turtle_circle_exe
[7.213s] -- Set runtime path of "/home/shenhang/ros_study/chapter3/topic_workspace/install/demo_cpp_topic/lib/demo_cpp_topic/turtle_circle_exe" to ""
[7.213s] -- Up-to-date: /home/shenhang/ros_study/chapter3/topic_workspace/install/demo_cpp_topic/share/ament_index/resource_index/package_run_dependencies/demo_cpp_topic
[7.213s] -- Up-to-date: /home/shenhang/ros_study/chapter3/topic_workspace/install/demo_cpp_topic/share/ament_index/resource_index/parent_prefix_path/demo_cpp_topic
[7.213s] -- Up-to-date: /home/shenhang/ros_study/chapter3/topic_workspace/install/demo_cpp_topic/share/demo_cpp_topic/environment/ament_prefix_path.sh
[7.213s] -- Up-to-date: /home/shenhang/ros_study/chapter3/topic_workspace/install/demo_cpp_topic/share/demo_cpp_topic/environment/ament_prefix_path.dsv
[7.214s] -- Up-to-date: /home/shenhang/ros_study/chapter3/topic_workspace/install/demo_cpp_topic/share/demo_cpp_topic/environment/path.sh
[7.214s] -- Up-to-date: /home/shenhang/ros_study/chapter3/topic_workspace/install/demo_cpp_topic/share/demo_cpp_topic/environment/path.dsv
[7.214s] -- Up-to-date: /home/shenhang/ros_study/chapter3/topic_workspace/install/demo_cpp_topic/share/demo_cpp_topic/local_setup.bash
[7.214s] -- Up-to-date: /home/shenhang/ros_study/chapter3/topic_workspace/install/demo_cpp_topic/share/demo_cpp_topic/local_setup.sh
[7.214s] -- Up-to-date: /home/shenhang/ros_study/chapter3/topic_workspace/install/demo_cpp_topic/share/demo_cpp_topic/local_setup.zsh
[7.214s] -- Up-to-date: /home/shenhang/ros_study/chapter3/topic_workspace/install/demo_cpp_topic/share/demo_cpp_topic/local_setup.dsv
[7.214s] -- Installing: /home/shenhang/ros_study/chapter3/topic_workspace/install/demo_cpp_topic/share/demo_cpp_topic/package.dsv
[7.214s] -- Up-to-date: /home/shenhang/ros_study/chapter3/topic_workspace/install/demo_cpp_topic/share/ament_index/resource_index/packages/demo_cpp_topic
[7.214s] -- Up-to-date: /home/shenhang/ros_study/chapter3/topic_workspace/install/demo_cpp_topic/share/demo_cpp_topic/cmake/demo_cpp_topicConfig.cmake
[7.214s] -- Up-to-date: /home/shenhang/ros_study/chapter3/topic_workspace/install/demo_cpp_topic/share/demo_cpp_topic/cmake/demo_cpp_topicConfig-version.cmake
[7.215s] -- Up-to-date: /home/shenhang/ros_study/chapter3/topic_workspace/install/demo_cpp_topic/share/demo_cpp_topic/package.xml
[7.219s] Invoked command in '/home/shenhang/ros_study/chapter3/topic_workspace/build/demo_cpp_topic' returned '0': CMAKE_PREFIX_PATH=/home/shenhang/ros_study/chapter3/topic_workspace/install/demo_python_topic:/opt/ros/humble /usr/bin/cmake --install /home/shenhang/ros_study/chapter3/topic_workspace/build/demo_cpp_topic
