[0.443s] DEBUG:colcon:Command line arguments: ['/usr/bin/colcon', 'build']
[0.444s] DEBUG:colcon:Parsed command line arguments: Namespace(log_base=None, log_level=None, verb_name='build', build_base='build', install_base='install', merge_install=False, symlink_install=False, test_result_base=None, continue_on_error=False, executor='parallel', parallel_workers=6, event_handlers=None, ignore_user_meta=False, metas=['./colcon.meta'], base_paths=['.'], packages_ignore=None, packages_ignore_regex=None, paths=None, packages_up_to=None, packages_up_to_regex=None, packages_above=None, packages_above_and_dependencies=None, packages_above_depth=None, packages_select_by_dep=None, packages_skip_by_dep=None, packages_skip_up_to=None, packages_select_build_failed=False, packages_skip_build_finished=False, packages_select_test_failures=False, packages_skip_test_passed=False, packages_select=None, packages_skip=None, packages_select_regex=None, packages_skip_regex=None, packages_start=None, packages_end=None, allow_overriding=[], cmake_args=None, cmake_target=None, cmake_target_skip_unavailable=False, cmake_clean_cache=False, cmake_clean_first=False, cmake_force_configure=False, ament_cmake_args=None, catkin_cmake_args=None, catkin_skip_building_tests=False, verb_parser=<colcon_defaults.argument_parser.defaults.DefaultArgumentsDecorator object at 0x748890f235e0>, verb_extension=<colcon_core.verb.build.BuildVerb object at 0x748890f230d0>, main=<bound method BuildVerb.main of <colcon_core.verb.build.BuildVerb object at 0x748890f230d0>>)
[0.950s] Level 1:colcon.colcon_core.package_discovery:discover_packages(colcon_meta) check parameters
[0.950s] Level 1:colcon.colcon_core.package_discovery:discover_packages(recursive) check parameters
[0.950s] Level 1:colcon.colcon_core.package_discovery:discover_packages(ignore) check parameters
[0.950s] Level 1:colcon.colcon_core.package_discovery:discover_packages(path) check parameters
[0.951s] Level 1:colcon.colcon_core.package_discovery:discover_packages(colcon_meta) discover
[0.951s] Level 1:colcon.colcon_core.package_discovery:discover_packages(recursive) discover
[0.951s] INFO:colcon.colcon_core.package_discovery:Crawling recursively for packages in '/home/shenhang/my_github/ros_study/chapter6/chapter6_ws'
[0.951s] Level 1:colcon.colcon_core.package_identification:_identify(.) by extensions ['ignore', 'ignore_ament_install']
[0.951s] Level 1:colcon.colcon_core.package_identification:_identify(.) by extension 'ignore'
[0.951s] Level 1:colcon.colcon_core.package_identification:_identify(.) by extension 'ignore_ament_install'
[0.951s] Level 1:colcon.colcon_core.package_identification:_identify(.) by extensions ['colcon_pkg']
[0.951s] Level 1:colcon.colcon_core.package_identification:_identify(.) by extension 'colcon_pkg'
[0.951s] Level 1:colcon.colcon_core.package_identification:_identify(.) by extensions ['colcon_meta']
[0.951s] Level 1:colcon.colcon_core.package_identification:_identify(.) by extension 'colcon_meta'
[0.951s] Level 1:colcon.colcon_core.package_identification:_identify(.) by extensions ['ros']
[0.952s] Level 1:colcon.colcon_core.package_identification:_identify(.) by extension 'ros'
[0.985s] Level 1:colcon.colcon_core.package_identification:_identify(.) by extensions ['cmake', 'python']
[0.985s] Level 1:colcon.colcon_core.package_identification:_identify(.) by extension 'cmake'
[0.985s] Level 1:colcon.colcon_core.package_identification:_identify(.) by extension 'python'
[0.985s] Level 1:colcon.colcon_core.package_identification:_identify(.) by extensions ['python_setup_py']
[0.986s] Level 1:colcon.colcon_core.package_identification:_identify(.) by extension 'python_setup_py'
[0.986s] Level 1:colcon.colcon_core.package_identification:_identify(build) by extensions ['ignore', 'ignore_ament_install']
[0.986s] Level 1:colcon.colcon_core.package_identification:_identify(build) by extension 'ignore'
[0.986s] Level 1:colcon.colcon_core.package_identification:_identify(build) ignored
[0.986s] Level 1:colcon.colcon_core.package_identification:_identify(install) by extensions ['ignore', 'ignore_ament_install']
[0.986s] Level 1:colcon.colcon_core.package_identification:_identify(install) by extension 'ignore'
[0.986s] Level 1:colcon.colcon_core.package_identification:_identify(install) ignored
[0.986s] Level 1:colcon.colcon_core.package_identification:_identify(log) by extensions ['ignore', 'ignore_ament_install']
[0.986s] Level 1:colcon.colcon_core.package_identification:_identify(log) by extension 'ignore'
[0.987s] Level 1:colcon.colcon_core.package_identification:_identify(log) ignored
[0.987s] Level 1:colcon.colcon_core.package_identification:_identify(src) by extensions ['ignore', 'ignore_ament_install']
[0.987s] Level 1:colcon.colcon_core.package_identification:_identify(src) by extension 'ignore'
[0.987s] Level 1:colcon.colcon_core.package_identification:_identify(src) by extension 'ignore_ament_install'
[0.987s] Level 1:colcon.colcon_core.package_identification:_identify(src) by extensions ['colcon_pkg']
[0.987s] Level 1:colcon.colcon_core.package_identification:_identify(src) by extension 'colcon_pkg'
[0.987s] Level 1:colcon.colcon_core.package_identification:_identify(src) by extensions ['colcon_meta']
[0.987s] Level 1:colcon.colcon_core.package_identification:_identify(src) by extension 'colcon_meta'
[0.987s] Level 1:colcon.colcon_core.package_identification:_identify(src) by extensions ['ros']
[0.987s] Level 1:colcon.colcon_core.package_identification:_identify(src) by extension 'ros'
[0.987s] Level 1:colcon.colcon_core.package_identification:_identify(src) by extensions ['cmake', 'python']
[0.987s] Level 1:colcon.colcon_core.package_identification:_identify(src) by extension 'cmake'
[0.987s] Level 1:colcon.colcon_core.package_identification:_identify(src) by extension 'python'
[0.987s] Level 1:colcon.colcon_core.package_identification:_identify(src) by extensions ['python_setup_py']
[0.987s] Level 1:colcon.colcon_core.package_identification:_identify(src) by extension 'python_setup_py'
[0.988s] Level 1:colcon.colcon_core.package_identification:_identify(src/fishbot_description) by extensions ['ignore', 'ignore_ament_install']
[0.988s] Level 1:colcon.colcon_core.package_identification:_identify(src/fishbot_description) by extension 'ignore'
[0.988s] Level 1:colcon.colcon_core.package_identification:_identify(src/fishbot_description) by extension 'ignore_ament_install'
[0.988s] Level 1:colcon.colcon_core.package_identification:_identify(src/fishbot_description) by extensions ['colcon_pkg']
[0.988s] Level 1:colcon.colcon_core.package_identification:_identify(src/fishbot_description) by extension 'colcon_pkg'
[0.988s] Level 1:colcon.colcon_core.package_identification:_identify(src/fishbot_description) by extensions ['colcon_meta']
[0.988s] Level 1:colcon.colcon_core.package_identification:_identify(src/fishbot_description) by extension 'colcon_meta'
[0.988s] Level 1:colcon.colcon_core.package_identification:_identify(src/fishbot_description) by extensions ['ros']
[0.988s] Level 1:colcon.colcon_core.package_identification:_identify(src/fishbot_description) by extension 'ros'
[0.994s] DEBUG:colcon.colcon_core.package_identification:Package 'src/fishbot_description' with type 'ros.ament_cmake' and name 'fishbot_description'
[0.995s] Level 1:colcon.colcon_core.package_discovery:discover_packages(recursive) using defaults
[0.995s] Level 1:colcon.colcon_core.package_discovery:discover_packages(ignore) discover
[0.995s] Level 1:colcon.colcon_core.package_discovery:discover_packages(ignore) using defaults
[0.995s] Level 1:colcon.colcon_core.package_discovery:discover_packages(path) discover
[0.995s] Level 1:colcon.colcon_core.package_discovery:discover_packages(path) using defaults
[1.047s] Level 1:colcon.colcon_core.package_discovery:discover_packages(prefix_path) check parameters
[1.047s] Level 1:colcon.colcon_core.package_discovery:discover_packages(prefix_path) discover
[1.055s] DEBUG:colcon.colcon_installed_package_information.package_discovery:Found 274 installed packages in /opt/ros/humble
[1.059s] Level 1:colcon.colcon_core.package_discovery:discover_packages(prefix_path) using defaults
[1.179s] Level 5:colcon.colcon_core.verb:set package 'fishbot_description' build argument 'cmake_args' from command line to 'None'
[1.179s] Level 5:colcon.colcon_core.verb:set package 'fishbot_description' build argument 'cmake_target' from command line to 'None'
[1.179s] Level 5:colcon.colcon_core.verb:set package 'fishbot_description' build argument 'cmake_target_skip_unavailable' from command line to 'False'
[1.179s] Level 5:colcon.colcon_core.verb:set package 'fishbot_description' build argument 'cmake_clean_cache' from command line to 'False'
[1.179s] Level 5:colcon.colcon_core.verb:set package 'fishbot_description' build argument 'cmake_clean_first' from command line to 'False'
[1.179s] Level 5:colcon.colcon_core.verb:set package 'fishbot_description' build argument 'cmake_force_configure' from command line to 'False'
[1.179s] Level 5:colcon.colcon_core.verb:set package 'fishbot_description' build argument 'ament_cmake_args' from command line to 'None'
[1.179s] Level 5:colcon.colcon_core.verb:set package 'fishbot_description' build argument 'catkin_cmake_args' from command line to 'None'
[1.179s] Level 5:colcon.colcon_core.verb:set package 'fishbot_description' build argument 'catkin_skip_building_tests' from command line to 'False'
[1.180s] DEBUG:colcon.colcon_core.verb:Building package 'fishbot_description' with the following arguments: {'ament_cmake_args': None, 'build_base': '/home/shenhang/my_github/ros_study/chapter6/chapter6_ws/build/fishbot_description', 'catkin_cmake_args': None, 'catkin_skip_building_tests': False, 'cmake_args': None, 'cmake_clean_cache': False, 'cmake_clean_first': False, 'cmake_force_configure': False, 'cmake_target': None, 'cmake_target_skip_unavailable': False, 'install_base': '/home/shenhang/my_github/ros_study/chapter6/chapter6_ws/install/fishbot_description', 'merge_install': False, 'path': '/home/shenhang/my_github/ros_study/chapter6/chapter6_ws/src/fishbot_description', 'symlink_install': False, 'test_result_base': None}
[1.180s] INFO:colcon.colcon_core.executor:Executing jobs using 'parallel' executor
[1.183s] DEBUG:colcon.colcon_parallel_executor.executor.parallel:run_until_complete
[1.183s] INFO:colcon.colcon_ros.task.ament_cmake.build:Building ROS package in '/home/shenhang/my_github/ros_study/chapter6/chapter6_ws/src/fishbot_description' with build type 'ament_cmake'
[1.183s] INFO:colcon.colcon_cmake.task.cmake.build:Building CMake package in '/home/shenhang/my_github/ros_study/chapter6/chapter6_ws/src/fishbot_description'
[1.195s] INFO:colcon.colcon_core.plugin_system:Skipping extension 'colcon_core.shell.bat': Not used on non-Windows systems
[1.195s] INFO:colcon.colcon_core.shell:Skip shell extension 'powershell' for command environment: Not usable outside of PowerShell
[1.195s] DEBUG:colcon.colcon_core.shell:Skip shell extension 'dsv' for command environment
[1.208s] DEBUG:colcon.colcon_core.event_handler.log_command:Invoking command in '/home/shenhang/my_github/ros_study/chapter6/chapter6_ws/build/fishbot_description': CMAKE_PREFIX_PATH=/opt/ros/humble /usr/bin/cmake /home/shenhang/my_github/ros_study/chapter6/chapter6_ws/src/fishbot_description -DCMAKE_INSTALL_PREFIX=/home/shenhang/my_github/ros_study/chapter6/chapter6_ws/install/fishbot_description
[2.955s] DEBUG:colcon.colcon_core.event_handler.log_command:Invoked command in '/home/shenhang/my_github/ros_study/chapter6/chapter6_ws/build/fishbot_description' returned '0': CMAKE_PREFIX_PATH=/opt/ros/humble /usr/bin/cmake /home/shenhang/my_github/ros_study/chapter6/chapter6_ws/src/fishbot_description -DCMAKE_INSTALL_PREFIX=/home/shenhang/my_github/ros_study/chapter6/chapter6_ws/install/fishbot_description
[2.963s] DEBUG:colcon.colcon_core.event_handler.log_command:Invoking command in '/home/shenhang/my_github/ros_study/chapter6/chapter6_ws/build/fishbot_description': CMAKE_PREFIX_PATH=/opt/ros/humble /usr/bin/cmake --build /home/shenhang/my_github/ros_study/chapter6/chapter6_ws/build/fishbot_description -- -j6 -l6
[3.032s] DEBUG:colcon.colcon_core.event_handler.log_command:Invoked command in '/home/shenhang/my_github/ros_study/chapter6/chapter6_ws/build/fishbot_description' returned '0': CMAKE_PREFIX_PATH=/opt/ros/humble /usr/bin/cmake --build /home/shenhang/my_github/ros_study/chapter6/chapter6_ws/build/fishbot_description -- -j6 -l6
[3.052s] DEBUG:colcon.colcon_core.event_handler.log_command:Invoking command in '/home/shenhang/my_github/ros_study/chapter6/chapter6_ws/build/fishbot_description': CMAKE_PREFIX_PATH=/opt/ros/humble /usr/bin/cmake --install /home/shenhang/my_github/ros_study/chapter6/chapter6_ws/build/fishbot_description
[3.069s] Level 1:colcon.colcon_core.environment:create_environment_scripts_only(fishbot_description)
[3.070s] DEBUG:colcon.colcon_core.event_handler.log_command:Invoked command in '/home/shenhang/my_github/ros_study/chapter6/chapter6_ws/build/fishbot_description' returned '0': CMAKE_PREFIX_PATH=/opt/ros/humble /usr/bin/cmake --install /home/shenhang/my_github/ros_study/chapter6/chapter6_ws/build/fishbot_description
[3.082s] Level 1:colcon.colcon_core.environment:checking '/home/shenhang/my_github/ros_study/chapter6/chapter6_ws/install/fishbot_description' for CMake module files
[3.083s] Level 1:colcon.colcon_core.environment:checking '/home/shenhang/my_github/ros_study/chapter6/chapter6_ws/install/fishbot_description' for CMake config files
[3.083s] Level 1:colcon.colcon_core.shell:create_environment_hook('fishbot_description', 'cmake_prefix_path')
[3.084s] INFO:colcon.colcon_core.shell:Creating environment hook '/home/shenhang/my_github/ros_study/chapter6/chapter6_ws/install/fishbot_description/share/fishbot_description/hook/cmake_prefix_path.ps1'
[3.085s] INFO:colcon.colcon_core.shell:Creating environment descriptor '/home/shenhang/my_github/ros_study/chapter6/chapter6_ws/install/fishbot_description/share/fishbot_description/hook/cmake_prefix_path.dsv'
[3.087s] INFO:colcon.colcon_core.shell:Creating environment hook '/home/shenhang/my_github/ros_study/chapter6/chapter6_ws/install/fishbot_description/share/fishbot_description/hook/cmake_prefix_path.sh'
[3.091s] Level 1:colcon.colcon_core.environment:checking '/home/shenhang/my_github/ros_study/chapter6/chapter6_ws/install/fishbot_description/bin'
[3.091s] Level 1:colcon.colcon_core.environment:checking '/home/shenhang/my_github/ros_study/chapter6/chapter6_ws/install/fishbot_description/lib/pkgconfig/fishbot_description.pc'
[3.092s] Level 1:colcon.colcon_core.environment:checking '/home/shenhang/my_github/ros_study/chapter6/chapter6_ws/install/fishbot_description/lib/python3.10/site-packages'
[3.092s] Level 1:colcon.colcon_core.environment:checking '/home/shenhang/my_github/ros_study/chapter6/chapter6_ws/install/fishbot_description/bin'
[3.093s] INFO:colcon.colcon_core.shell:Creating package script '/home/shenhang/my_github/ros_study/chapter6/chapter6_ws/install/fishbot_description/share/fishbot_description/package.ps1'
[3.095s] INFO:colcon.colcon_core.shell:Creating package descriptor '/home/shenhang/my_github/ros_study/chapter6/chapter6_ws/install/fishbot_description/share/fishbot_description/package.dsv'
[3.096s] INFO:colcon.colcon_core.shell:Creating package script '/home/shenhang/my_github/ros_study/chapter6/chapter6_ws/install/fishbot_description/share/fishbot_description/package.sh'
[3.097s] INFO:colcon.colcon_core.shell:Creating package script '/home/shenhang/my_github/ros_study/chapter6/chapter6_ws/install/fishbot_description/share/fishbot_description/package.bash'
[3.099s] INFO:colcon.colcon_core.shell:Creating package script '/home/shenhang/my_github/ros_study/chapter6/chapter6_ws/install/fishbot_description/share/fishbot_description/package.zsh'
[3.100s] Level 1:colcon.colcon_core.environment:create_file_with_runtime_dependencies(/home/shenhang/my_github/ros_study/chapter6/chapter6_ws/install/fishbot_description/share/colcon-core/packages/fishbot_description)
[3.102s] Level 1:colcon.colcon_core.environment:create_environment_scripts_only(fishbot_description)
[3.102s] Level 1:colcon.colcon_core.environment:checking '/home/shenhang/my_github/ros_study/chapter6/chapter6_ws/install/fishbot_description' for CMake module files
[3.103s] Level 1:colcon.colcon_core.environment:checking '/home/shenhang/my_github/ros_study/chapter6/chapter6_ws/install/fishbot_description' for CMake config files
[3.104s] Level 1:colcon.colcon_core.shell:create_environment_hook('fishbot_description', 'cmake_prefix_path')
[3.105s] INFO:colcon.colcon_core.shell:Creating environment hook '/home/shenhang/my_github/ros_study/chapter6/chapter6_ws/install/fishbot_description/share/fishbot_description/hook/cmake_prefix_path.ps1'
[3.108s] INFO:colcon.colcon_core.shell:Creating environment descriptor '/home/shenhang/my_github/ros_study/chapter6/chapter6_ws/install/fishbot_description/share/fishbot_description/hook/cmake_prefix_path.dsv'
[3.109s] INFO:colcon.colcon_core.shell:Creating environment hook '/home/shenhang/my_github/ros_study/chapter6/chapter6_ws/install/fishbot_description/share/fishbot_description/hook/cmake_prefix_path.sh'
[3.110s] Level 1:colcon.colcon_core.environment:checking '/home/shenhang/my_github/ros_study/chapter6/chapter6_ws/install/fishbot_description/bin'
[3.110s] Level 1:colcon.colcon_core.environment:checking '/home/shenhang/my_github/ros_study/chapter6/chapter6_ws/install/fishbot_description/lib/pkgconfig/fishbot_description.pc'
[3.111s] Level 1:colcon.colcon_core.environment:checking '/home/shenhang/my_github/ros_study/chapter6/chapter6_ws/install/fishbot_description/lib/python3.10/site-packages'
[3.111s] Level 1:colcon.colcon_core.environment:checking '/home/shenhang/my_github/ros_study/chapter6/chapter6_ws/install/fishbot_description/bin'
[3.113s] INFO:colcon.colcon_core.shell:Creating package script '/home/shenhang/my_github/ros_study/chapter6/chapter6_ws/install/fishbot_description/share/fishbot_description/package.ps1'
[3.114s] INFO:colcon.colcon_core.shell:Creating package descriptor '/home/shenhang/my_github/ros_study/chapter6/chapter6_ws/install/fishbot_description/share/fishbot_description/package.dsv'
[3.115s] INFO:colcon.colcon_core.shell:Creating package script '/home/shenhang/my_github/ros_study/chapter6/chapter6_ws/install/fishbot_description/share/fishbot_description/package.sh'
[3.115s] INFO:colcon.colcon_core.shell:Creating package script '/home/shenhang/my_github/ros_study/chapter6/chapter6_ws/install/fishbot_description/share/fishbot_description/package.bash'
[3.117s] INFO:colcon.colcon_core.shell:Creating package script '/home/shenhang/my_github/ros_study/chapter6/chapter6_ws/install/fishbot_description/share/fishbot_description/package.zsh'
[3.118s] Level 1:colcon.colcon_core.environment:create_file_with_runtime_dependencies(/home/shenhang/my_github/ros_study/chapter6/chapter6_ws/install/fishbot_description/share/colcon-core/packages/fishbot_description)
[3.118s] DEBUG:colcon.colcon_parallel_executor.executor.parallel:closing loop
[3.118s] DEBUG:colcon.colcon_parallel_executor.executor.parallel:loop closed
[3.120s] DEBUG:colcon.colcon_parallel_executor.executor.parallel:run_until_complete finished with '0'
[3.120s] DEBUG:colcon.colcon_core.event_reactor:joining thread
[3.138s] INFO:colcon.colcon_core.plugin_system:Skipping extension 'colcon_notification.desktop_notification.terminal_notifier': Not used on non-Darwin systems
[3.139s] INFO:colcon.colcon_core.plugin_system:Skipping extension 'colcon_notification.desktop_notification.win32': Not used on non-Windows systems
[3.139s] INFO:colcon.colcon_notification.desktop_notification:Sending desktop notification using 'notify2'
[3.190s] DEBUG:colcon.colcon_core.event_reactor:joined thread
[3.190s] INFO:colcon.colcon_core.shell:Creating prefix script '/home/shenhang/my_github/ros_study/chapter6/chapter6_ws/install/local_setup.ps1'
[3.193s] INFO:colcon.colcon_core.shell:Creating prefix util module '/home/shenhang/my_github/ros_study/chapter6/chapter6_ws/install/_local_setup_util_ps1.py'
[3.199s] INFO:colcon.colcon_core.shell:Creating prefix chain script '/home/shenhang/my_github/ros_study/chapter6/chapter6_ws/install/setup.ps1'
[3.201s] INFO:colcon.colcon_core.shell:Creating prefix script '/home/shenhang/my_github/ros_study/chapter6/chapter6_ws/install/local_setup.sh'
[3.202s] INFO:colcon.colcon_core.shell:Creating prefix util module '/home/shenhang/my_github/ros_study/chapter6/chapter6_ws/install/_local_setup_util_sh.py'
[3.204s] INFO:colcon.colcon_core.shell:Creating prefix chain script '/home/shenhang/my_github/ros_study/chapter6/chapter6_ws/install/setup.sh'
[3.207s] INFO:colcon.colcon_core.shell:Creating prefix script '/home/shenhang/my_github/ros_study/chapter6/chapter6_ws/install/local_setup.bash'
[3.209s] INFO:colcon.colcon_core.shell:Creating prefix chain script '/home/shenhang/my_github/ros_study/chapter6/chapter6_ws/install/setup.bash'
[3.212s] INFO:colcon.colcon_core.shell:Creating prefix script '/home/shenhang/my_github/ros_study/chapter6/chapter6_ws/install/local_setup.zsh'
[3.214s] INFO:colcon.colcon_core.shell:Creating prefix chain script '/home/shenhang/my_github/ros_study/chapter6/chapter6_ws/install/setup.zsh'
