[0.024s] Invoking command in '/home/shenhang/ros_study/chapter3/topic_workspace/build/demo_cpp_topic': CMAKE_PREFIX_PATH=/home/shenhang/ros_study/chapter3/topic_workspace/install/demo_python_topic:/opt/ros/humble /usr/bin/cmake /home/shenhang/ros_study/chapter3/topic_workspace/src/demo_cpp_topic -DCMAKE_INSTALL_PREFIX=/home/shenhang/ros_study/chapter3/topic_workspace/install/demo_cpp_topic
[0.065s] -- Found ament_cmake: 1.3.12 (/opt/ros/humble/share/ament_cmake/cmake)
[0.271s] -- Found rclcpp: 16.0.16 (/opt/ros/humble/share/rclcpp/cmake)
[0.324s] -- Found rosidl_generator_c: 3.1.7 (/opt/ros/humble/share/rosidl_generator_c/cmake)
[0.330s] -- Found rosidl_adapter: 3.1.7 (/opt/ros/humble/share/rosidl_adapter/cmake)
[0.341s] -- Found rosidl_generator_cpp: 3.1.7 (/opt/ros/humble/share/rosidl_generator_cpp/cmake)
[0.365s] -- Using all available rosidl_typesupport_c: rosidl_typesupport_fastrtps_c;rosidl_typesupport_introspection_c
[0.393s] -- Using all available rosidl_typesupport_cpp: rosidl_typesupport_fastrtps_cpp;rosidl_typesupport_introspection_cpp
[0.460s] -- Found rmw_implementation_cmake: 6.1.2 (/opt/ros/humble/share/rmw_implementation_cmake/cmake)
[0.462s] -- Found rmw_fastrtps_cpp: 6.2.9 (/opt/ros/humble/share/rmw_fastrtps_cpp/cmake)
[0.624s] -- Using RMW implementation 'rmw_fastrtps_cpp' as default
[0.731s] -- Found geometry_msgs: 4.9.0 (/opt/ros/humble/share/geometry_msgs/cmake)
[0.757s] -- Found turtlesim: 1.4.3 (/opt/ros/humble/share/turtlesim/cmake)
[0.840s] -- Found ament_lint_auto: 0.12.14 (/opt/ros/humble/share/ament_lint_auto/cmake)
[0.980s] -- Added test 'cppcheck' to perform static code analysis on C / C++ code
[0.980s] -- Configured cppcheck include dirs: 
[0.980s] -- Configured cppcheck exclude dirs and/or files: 
[0.980s] -- Added test 'lint_cmake' to check CMake code style
[0.982s] -- Added test 'uncrustify' to check C / C++ code style
[0.982s] -- Configured uncrustify additional arguments: 
[0.983s] -- Added test 'xmllint' to check XML markup files
[0.987s] -- Configuring done
[1.001s] -- Generating done
[1.009s] -- Build files have been written to: /home/shenhang/ros_study/chapter3/topic_workspace/build/demo_cpp_topic
[1.023s] Invoked command in '/home/shenhang/ros_study/chapter3/topic_workspace/build/demo_cpp_topic' returned '0': CMAKE_PREFIX_PATH=/home/shenhang/ros_study/chapter3/topic_workspace/install/demo_python_topic:/opt/ros/humble /usr/bin/cmake /home/shenhang/ros_study/chapter3/topic_workspace/src/demo_cpp_topic -DCMAKE_INSTALL_PREFIX=/home/shenhang/ros_study/chapter3/topic_workspace/install/demo_cpp_topic
[1.023s] Invoking command in '/home/shenhang/ros_study/chapter3/topic_workspace/build/demo_cpp_topic': CMAKE_PREFIX_PATH=/home/shenhang/ros_study/chapter3/topic_workspace/install/demo_python_topic:/opt/ros/humble /usr/bin/cmake --build /home/shenhang/ros_study/chapter3/topic_workspace/build/demo_cpp_topic -- -j6 -l6
[1.086s] [ 50%] [32mBuilding CXX object CMakeFiles/turtle_circle_exe.dir/src/turtle_circle.cpp.o[0m
[1.103s] [01m[K/home/shenhang/ros_study/chapter3/topic_workspace/src/demo_cpp_topic/src/turtle_circle.cpp:1:10:[m[K [01;31m[Kfatal error: [m[Krclcpp.hpp: 没有那个文件或目录
[1.103s]     1 | #include [01;31m[K"rclcpp.hpp"[m[K
[1.104s]       |          [01;31m[K^~~~~~~~~~~~[m[K
[1.104s] compilation terminated.
[1.104s] gmake[2]: *** [CMakeFiles/turtle_circle_exe.dir/build.make:76：CMakeFiles/turtle_circle_exe.dir/src/turtle_circle.cpp.o] 错误 1
[1.104s] gmake[1]: *** [CMakeFiles/Makefile2:137：CMakeFiles/turtle_circle_exe.dir/all] 错误 2
[1.105s] gmake: *** [Makefile:146：all] 错误 2
[1.110s] Invoked command in '/home/shenhang/ros_study/chapter3/topic_workspace/build/demo_cpp_topic' returned '2': CMAKE_PREFIX_PATH=/home/shenhang/ros_study/chapter3/topic_workspace/install/demo_python_topic:/opt/ros/humble /usr/bin/cmake --build /home/shenhang/ros_study/chapter3/topic_workspace/build/demo_cpp_topic -- -j6 -l6
